$ playwright test
[WebServer] (node:78783) Warning: The 'NO_COLOR' env is ignored due to the 'FORCE_COLOR' env being set.
[WebServer] (Use `node --trace-warnings ...` to show where the warning was created)

Running 226 tests using 1 worker

(node:78855) Warning: The 'NO_COLOR' env is ignored due to the 'FORCE_COLOR' env being set.
(Use `node --trace-warnings ...` to show where the warning was created)
  ✓    1 [desktop-200-percent] › e2e/accessibility.spec.ts:28:5 › light accessibility and layout: / (1.7s)
  ✓    2 [desktop-200-percent] › e2e/accessibility.spec.ts:28:5 › light accessibility and layout: /docs (1.9s)
  ✓    3 [desktop-200-percent] › e2e/accessibility.spec.ts:28:5 › light accessibility and layout: /research (1.4s)
  ✓    4 [desktop-200-percent] › e2e/accessibility.spec.ts:28:5 › light accessibility and layout: /developers (1.3s)
  ✓    5 [desktop-200-percent] › e2e/accessibility.spec.ts:28:5 › light accessibility and layout: /showcase (1.9s)
  ✓    6 [desktop-200-percent] › e2e/accessibility.spec.ts:28:5 › light accessibility and layout: /services (1.1s)
  ✓    7 [desktop-200-percent] › e2e/accessibility.spec.ts:28:5 › light accessibility and layout: /contact (1.6s)
  ✓    8 [desktop-200-percent] › e2e/accessibility.spec.ts:28:5 › light accessibility and layout: /platform (1.1s)
  ✓    9 [desktop-200-percent] › e2e/accessibility.spec.ts:28:5 › light accessibility and layout: /products (716ms)
  ✓   10 [desktop-200-percent] › e2e/accessibility.spec.ts:28:5 › light accessibility and layout: /apps (748ms)
  ✓   11 [desktop-200-percent] › e2e/accessibility.spec.ts:28:5 › light accessibility and layout: /company (914ms)
  ✓   12 [desktop-200-percent] › e2e/accessibility.spec.ts:54:3 › light search dialog accessibility and keyboard focus (896ms)
  ✓   13 [desktop-200-percent] › e2e/accessibility.spec.ts:28:5 › dark accessibility and layout: / (1.3s)
  ✓   14 [desktop-200-percent] › e2e/accessibility.spec.ts:28:5 › dark accessibility and layout: /docs (1.5s)
  ✓   15 [desktop-200-percent] › e2e/accessibility.spec.ts:28:5 › dark accessibility and layout: /research (1.2s)
  ✓   16 [desktop-200-percent] › e2e/accessibility.spec.ts:28:5 › dark accessibility and layout: /developers (1.1s)
  ✓   17 [desktop-200-percent] › e2e/accessibility.spec.ts:28:5 › dark accessibility and layout: /showcase (1.7s)
  ✓   18 [desktop-200-percent] › e2e/accessibility.spec.ts:28:5 › dark accessibility and layout: /services (936ms)
  ✓   19 [desktop-200-percent] › e2e/accessibility.spec.ts:28:5 › dark accessibility and layout: /contact (1.5s)
  ✓   20 [desktop-200-percent] › e2e/accessibility.spec.ts:28:5 › dark accessibility and layout: /platform (1.1s)
  ✓   21 [desktop-200-percent] › e2e/accessibility.spec.ts:28:5 › dark accessibility and layout: /products (806ms)
  ✓   22 [desktop-200-percent] › e2e/accessibility.spec.ts:28:5 › dark accessibility and layout: /apps (754ms)
  ✓   23 [desktop-200-percent] › e2e/accessibility.spec.ts:28:5 › dark accessibility and layout: /company (920ms)
  ✓   24 [desktop-200-percent] › e2e/accessibility.spec.ts:54:3 › dark search dialog accessibility and keyboard focus (877ms)
  ✓   25 [desktop-200-percent] › e2e/accessibility.spec.ts:76:1 › search and cinematic modules stay off the initial home request path (584ms)
(node:81211) Warning: The 'NO_COLOR' env is ignored due to the 'FORCE_COLOR' env being set.
(Use `node --trace-warnings ...` to show where the warning was created)
  ✓   26 [desktop] › e2e/accessibility.spec.ts:28:5 › light accessibility and layout: / (1.2s)
  ✓   27 [desktop] › e2e/accessibility.spec.ts:28:5 › light accessibility and layout: /docs (1.3s)
  ✓   28 [desktop] › e2e/accessibility.spec.ts:28:5 › light accessibility and layout: /research (972ms)
  ✓   29 [desktop] › e2e/accessibility.spec.ts:28:5 › light accessibility and layout: /developers (843ms)
  ✓   30 [desktop] › e2e/accessibility.spec.ts:28:5 › light accessibility and layout: /showcase (1.4s)
  ✓   31 [desktop] › e2e/accessibility.spec.ts:28:5 › light accessibility and layout: /services (780ms)
  ✓   32 [desktop] › e2e/accessibility.spec.ts:28:5 › light accessibility and layout: /contact (997ms)
  ✓   33 [desktop] › e2e/accessibility.spec.ts:28:5 › light accessibility and layout: /platform (916ms)
  ✓   34 [desktop] › e2e/accessibility.spec.ts:28:5 › light accessibility and layout: /products (671ms)
  ✓   35 [desktop] › e2e/accessibility.spec.ts:28:5 › light accessibility and layout: /apps (728ms)
  ✓   36 [desktop] › e2e/accessibility.spec.ts:28:5 › light accessibility and layout: /company (679ms)
  ✓   37 [desktop] › e2e/accessibility.spec.ts:54:3 › light search dialog accessibility and keyboard focus (1.0s)
  ✓   38 [desktop] › e2e/accessibility.spec.ts:28:5 › dark accessibility and layout: / (977ms)
  ✓   39 [desktop] › e2e/accessibility.spec.ts:28:5 › dark accessibility and layout: /docs (1.0s)
  ✓   40 [desktop] › e2e/accessibility.spec.ts:28:5 › dark accessibility and layout: /research (866ms)
  ✓   41 [desktop] › e2e/accessibility.spec.ts:28:5 › dark accessibility and layout: /developers (800ms)
  ✓   42 [desktop] › e2e/accessibility.spec.ts:28:5 › dark accessibility and layout: /showcase (1.0s)
  ✓   43 [desktop] › e2e/accessibility.spec.ts:28:5 › dark accessibility and layout: /services (696ms)
  ✓   44 [desktop] › e2e/accessibility.spec.ts:28:5 › dark accessibility and layout: /contact (1.4s)
  ✓   45 [desktop] › e2e/accessibility.spec.ts:28:5 › dark accessibility and layout: /platform (836ms)
  ✓   46 [desktop] › e2e/accessibility.spec.ts:28:5 › dark accessibility and layout: /products (564ms)
  ✓   47 [desktop] › e2e/accessibility.spec.ts:28:5 › dark accessibility and layout: /apps (600ms)
  ✓   48 [desktop] › e2e/accessibility.spec.ts:28:5 › dark accessibility and layout: /company (697ms)
  ✓   49 [desktop] › e2e/accessibility.spec.ts:54:3 › dark search dialog accessibility and keyboard focus (907ms)
  ✓   50 [desktop] › e2e/accessibility.spec.ts:76:1 › search and cinematic modules stay off the initial home request path (555ms)
  ✓   51 [desktop] › e2e/controls.spec.ts:3:1 › mobile menu releases focus and scroll when resized to desktop (546ms)
  ✓   52 [desktop] › e2e/controls.spec.ts:27:3 › failed search-panel retries locally without losing the page (1.5s)
  ✓   53 [desktop] › e2e/controls.spec.ts:27:3 › failed search-catalog retries locally without losing the page (1.5s)
  ✓   54 [desktop] › e2e/controls.spec.ts:41:1 › shortcut leaves editable content alone and search supports keyboard navigation (1.2s)
  ✓   55 [desktop] › e2e/discovery.spec.ts:10:1 › search filters, clears, and navigates to a reference anchor (933ms)
  ✓   56 [desktop] › e2e/discovery.spec.ts:30:1 › search retains architecture query and external source semantics (1.4s)
  ✓   57 [desktop] › e2e/github.spec.ts:3:1 › optional outages preserve repositories and retry restores all panels (1.1s)
  ✓   58 [desktop] › e2e/github.spec.ts:37:1 › total outage leaves curated source links and filters usable (980ms)
  ✓   59 [desktop] › e2e/github.spec.ts:48:1 › total outage falls back to the build-time snapshot, labelled as such (1.1s)
  ✓   60 [desktop] › e2e/narrated-films.spec.ts:4:1 › the six exported films load on intent with captions and working downloads (1.7s)
  ✓   61 [desktop] › e2e/narrated-films.spec.ts:51:1 › a failed export keeps transcript access and can reset its player (484ms)
  ✓   62 [desktop] › e2e/public-journey.spec.ts:3:1 › home client actions and service inquiry context work by keyboard (597ms)
  ✓   63 [desktop] › e2e/public-journey.spec.ts:44:1 › the neural opening respects reduced motion and exposes source-based builder paths (314ms)
  ✓   64 [desktop] › e2e/public-journey.spec.ts:68:1 › static drafts, accepted receipts and legacy copies keep their delivery labels (991ms)
  ✓   65 [desktop] › e2e/public-journey.spec.ts:97:1 › failed submission preserves the complete editable form (306ms)
  ✓   66 [desktop] › e2e/public-journey.spec.ts:116:1 › services and contact stay discoverable in desktop and mobile navigation (318ms)
  ✓   67 [desktop] › e2e/public-journey.spec.ts:136:1 › platform evidence table can be reached and scrolled by keyboard (199ms)
  ✓   68 [desktop] › e2e/rooms.spec.ts:8:1 › a room under reduced motion starts on Play and advances (1.9s)
  ✓   69 [desktop] › e2e/rooms.spec.ts:23:1 › the transcript carries the whole narration without starting playback (1.0s)
  ✓   70 [desktop] › e2e/rooms.spec.ts:32:1 › Space on the transcript toggle opens it without starting the film (1.0s)
  ✓   71 [desktop] › e2e/rooms.spec.ts:46:1 › a completed film holds its final frame and Play deliberately replays it (2.4s)
  ✓   72 [desktop] › e2e/rooms.spec.ts:113:1 › Play without voice replays a film restored at its end (1.9s)
  ✓   73 [desktop] › e2e/rooms.spec.ts:128:1 › Return to start clears a preview while the pointer remains on the scrubber (1.1s)
  ✓   74 [desktop] › e2e/rooms.spec.ts:147:3 › film: complete silent lifecycle, keyboard transcript and navigation cleanup (2.5s)
  ✓   75 [desktop] › e2e/rooms.spec.ts:238:3 › film: voice is explicit and a failed loader leaves usable captions (4.1s)
  ✓   76 [desktop] › e2e/rooms.spec.ts:147:3 › trailer: complete silent lifecycle, keyboard transcript and navigation cleanup (2.4s)
  ✓   77 [desktop] › e2e/rooms.spec.ts:238:3 › trailer: voice is explicit and a failed loader leaves usable captions (4.1s)
  ✓   78 [desktop] › e2e/rooms.spec.ts:147:3 › abbey: complete silent lifecycle, keyboard transcript and navigation cleanup (2.5s)
  ✓   79 [desktop] › e2e/rooms.spec.ts:238:3 › abbey: voice is explicit and a failed loader leaves usable captions (4.1s)
  ✓   80 [desktop] › e2e/rooms.spec.ts:147:3 › explainer: complete silent lifecycle, keyboard transcript and navigation cleanup (2.6s)
  ✓   81 [desktop] › e2e/rooms.spec.ts:238:3 › explainer: voice is explicit and a failed loader leaves usable captions (4.4s)
  ✓   82 [desktop] › e2e/rooms.spec.ts:147:3 › mega: complete silent lifecycle, keyboard transcript and navigation cleanup (2.9s)
  ✓   83 [desktop] › e2e/rooms.spec.ts:238:3 › mega: voice is explicit and a failed loader leaves usable captions (4.3s)
  ✓   84 [desktop] › e2e/rooms.spec.ts:147:3 › design: complete silent lifecycle, keyboard transcript and navigation cleanup (2.8s)
  ✓   85 [desktop] › e2e/rooms.spec.ts:238:3 › design: voice is explicit and a failed loader leaves usable captions (4.4s)
  ✓   86 [desktop] › e2e/rooms.spec.ts:276:1 › Design walkthrough seeks across all eight real boards and preserves Explore (2.2s)
  ✓   87 [desktop] › e2e/trailer.spec.ts:15:1 › rejected playback stays paused and can be retried (524ms)
  ✓   88 [desktop] › e2e/trailer.spec.ts:39:1 › manual chapter selection cancels pending advancement and guards seeking (789ms)
  ✓   89 [desktop] › e2e/trailer.spec.ts:70:1 › media failure disables seek and keeps chapter selection usable (698ms)
  ✓   90 [desktop] › e2e/trailer.spec.ts:84:1 › old playback rejection cannot overwrite a newly selected chapter (456ms)
  ✓   91 [desktop] › e2e/trailer.spec.ts:101:1 › chapter advancement plays the next film and completion returns to paused (689ms)
  ✓   92 [desktop] › e2e/trailer.spec.ts:124:1 › descriptions toggle, and mute only where a cut has sound (687ms)
(node:90625) Warning: The 'NO_COLOR' env is ignored due to the 'FORCE_COLOR' env being set.
(Use `node --trace-warnings ...` to show where the warning was created)
  ✓   93 [mobile] › e2e/accessibility.spec.ts:28:5 › light accessibility and layout: / (1.1s)
  ✓   94 [mobile] › e2e/accessibility.spec.ts:28:5 › light accessibility and layout: /docs (1.2s)
  ✓   95 [mobile] › e2e/accessibility.spec.ts:28:5 › light accessibility and layout: /research (853ms)
  ✓   96 [mobile] › e2e/accessibility.spec.ts:28:5 › light accessibility and layout: /developers (809ms)
  ✓   97 [mobile] › e2e/accessibility.spec.ts:28:5 › light accessibility and layout: /showcase (943ms)
  ✓   98 [mobile] › e2e/accessibility.spec.ts:28:5 › light accessibility and layout: /services (628ms)
  ✓   99 [mobile] › e2e/accessibility.spec.ts:28:5 › light accessibility and layout: /contact (1.4s)
  ✓  100 [mobile] › e2e/accessibility.spec.ts:28:5 › light accessibility and layout: /platform (769ms)
  ✓  101 [mobile] › e2e/accessibility.spec.ts:28:5 › light accessibility and layout: /products (590ms)
  ✓  102 [mobile] › e2e/accessibility.spec.ts:28:5 › light accessibility and layout: /apps (621ms)
  ✓  103 [mobile] › e2e/accessibility.spec.ts:28:5 › light accessibility and layout: /company (680ms)
  ✓  104 [mobile] › e2e/accessibility.spec.ts:54:3 › light search dialog accessibility and keyboard focus (1.0s)
  ✓  105 [mobile] › e2e/accessibility.spec.ts:28:5 › dark accessibility and layout: / (953ms)
  ✓  106 [mobile] › e2e/accessibility.spec.ts:28:5 › dark accessibility and layout: /docs (1.1s)
  ✓  107 [mobile] › e2e/accessibility.spec.ts:28:5 › dark accessibility and layout: /research (931ms)
  ✓  108 [mobile] › e2e/accessibility.spec.ts:28:5 › dark accessibility and layout: /developers (826ms)
  ✓  109 [mobile] › e2e/accessibility.spec.ts:28:5 › dark accessibility and layout: /showcase (959ms)
  ✓  110 [mobile] › e2e/accessibility.spec.ts:28:5 › dark accessibility and layout: /services (778ms)
  ✓  111 [mobile] › e2e/accessibility.spec.ts:28:5 › dark accessibility and layout: /contact (1.1s)
  ✓  112 [mobile] › e2e/accessibility.spec.ts:28:5 › dark accessibility and layout: /platform (830ms)
  ✓  113 [mobile] › e2e/accessibility.spec.ts:28:5 › dark accessibility and layout: /products (703ms)
  ✓  114 [mobile] › e2e/accessibility.spec.ts:28:5 › dark accessibility and layout: /apps (846ms)
  ✓  115 [mobile] › e2e/accessibility.spec.ts:28:5 › dark accessibility and layout: /company (771ms)
  ✓  116 [mobile] › e2e/accessibility.spec.ts:54:3 › dark search dialog accessibility and keyboard focus (976ms)
  ✓  117 [mobile] › e2e/accessibility.spec.ts:76:1 › search and cinematic modules stay off the initial home request path (736ms)
  ✓  118 [mobile] › e2e/controls.spec.ts:3:1 › mobile menu releases focus and scroll when resized to desktop (655ms)
  ✓  119 [mobile] › e2e/controls.spec.ts:27:3 › failed search-panel retries locally without losing the page (1.2s)
  ✓  120 [mobile] › e2e/controls.spec.ts:27:3 › failed search-catalog retries locally without losing the page (1.5s)
  ✓  121 [mobile] › e2e/controls.spec.ts:41:1 › shortcut leaves editable content alone and search supports keyboard navigation (1.1s)
  ✓  122 [mobile] › e2e/discovery.spec.ts:10:1 › search filters, clears, and navigates to a reference anchor (879ms)
  ✓  123 [mobile] › e2e/discovery.spec.ts:30:1 › search retains architecture query and external source semantics (1.5s)
  ✓  124 [mobile] › e2e/github.spec.ts:3:1 › optional outages preserve repositories and retry restores all panels (1.1s)
  ✓  125 [mobile] › e2e/github.spec.ts:37:1 › total outage leaves curated source links and filters usable (1.0s)
  ✓  126 [mobile] › e2e/github.spec.ts:48:1 › total outage falls back to the build-time snapshot, labelled as such (983ms)
  ✓  127 [mobile] › e2e/narrated-films.spec.ts:4:1 › the six exported films load on intent with captions and working downloads (1.9s)
  ✓  128 [mobile] › e2e/narrated-films.spec.ts:51:1 › a failed export keeps transcript access and can reset its player (403ms)
  ✓  129 [mobile] › e2e/public-journey.spec.ts:3:1 › home client actions and service inquiry context work by keyboard (495ms)
  ✓  130 [mobile] › e2e/public-journey.spec.ts:44:1 › the neural opening respects reduced motion and exposes source-based builder paths (280ms)
  ✓  131 [mobile] › e2e/public-journey.spec.ts:68:1 › static drafts, accepted receipts and legacy copies keep their delivery labels (977ms)
  ✓  132 [mobile] › e2e/public-journey.spec.ts:97:1 › failed submission preserves the complete editable form (395ms)
  ✓  133 [mobile] › e2e/public-journey.spec.ts:116:1 › services and contact stay discoverable in desktop and mobile navigation (411ms)
  ✓  134 [mobile] › e2e/public-journey.spec.ts:136:1 › platform evidence table can be reached and scrolled by keyboard (257ms)
  ✓  135 [mobile] › e2e/rooms.spec.ts:8:1 › a room under reduced motion starts on Play and advances (1.9s)
  ✓  136 [mobile] › e2e/rooms.spec.ts:23:1 › the transcript carries the whole narration without starting playback (1.0s)
  ✓  137 [mobile] › e2e/rooms.spec.ts:32:1 › Space on the transcript toggle opens it without starting the film (993ms)
  ✓  138 [mobile] › e2e/rooms.spec.ts:46:1 › a completed film holds its final frame and Play deliberately replays it (2.3s)
  ✓  139 [mobile] › e2e/rooms.spec.ts:113:1 › Play without voice replays a film restored at its end (2.0s)
  ✓  140 [mobile] › e2e/rooms.spec.ts:128:1 › Return to start clears a preview while the pointer remains on the scrubber (1.1s)
  ✓  141 [mobile] › e2e/rooms.spec.ts:147:3 › film: complete silent lifecycle, keyboard transcript and navigation cleanup (2.5s)
  ✓  142 [mobile] › e2e/rooms.spec.ts:238:3 › film: voice is explicit and a failed loader leaves usable captions (4.1s)
  ✓  143 [mobile] › e2e/rooms.spec.ts:147:3 › trailer: complete silent lifecycle, keyboard transcript and navigation cleanup (2.5s)
  ✓  144 [mobile] › e2e/rooms.spec.ts:238:3 › trailer: voice is explicit and a failed loader leaves usable captions (4.2s)
  ✓  145 [mobile] › e2e/rooms.spec.ts:147:3 › abbey: complete silent lifecycle, keyboard transcript and navigation cleanup (2.4s)
  ✓  146 [mobile] › e2e/rooms.spec.ts:238:3 › abbey: voice is explicit and a failed loader leaves usable captions (4.1s)
  ✓  147 [mobile] › e2e/rooms.spec.ts:147:3 › explainer: complete silent lifecycle, keyboard transcript and navigation cleanup (2.5s)
  ✓  148 [mobile] › e2e/rooms.spec.ts:238:3 › explainer: voice is explicit and a failed loader leaves usable captions (4.2s)
  ✓  149 [mobile] › e2e/rooms.spec.ts:147:3 › mega: complete silent lifecycle, keyboard transcript and navigation cleanup (2.6s)
  ✓  150 [mobile] › e2e/rooms.spec.ts:238:3 › mega: voice is explicit and a failed loader leaves usable captions (4.1s)
  ✓  151 [mobile] › e2e/rooms.spec.ts:147:3 › design: complete silent lifecycle, keyboard transcript and navigation cleanup (2.4s)
  ✓  152 [mobile] › e2e/rooms.spec.ts:238:3 › design: voice is explicit and a failed loader leaves usable captions (4.2s)
  ✓  153 [mobile] › e2e/rooms.spec.ts:276:1 › Design walkthrough seeks across all eight real boards and preserves Explore (1.7s)
  ✓  154 [mobile] › e2e/trailer.spec.ts:15:1 › rejected playback stays paused and can be retried (351ms)
  ✓  155 [mobile] › e2e/trailer.spec.ts:39:1 › manual chapter selection cancels pending advancement and guards seeking (666ms)
  ✓  156 [mobile] › e2e/trailer.spec.ts:70:1 › media failure disables seek and keeps chapter selection usable (645ms)
  ✓  157 [mobile] › e2e/trailer.spec.ts:84:1 › old playback rejection cannot overwrite a newly selected chapter (328ms)
  ✓  158 [mobile] › e2e/trailer.spec.ts:101:1 › chapter advancement plays the next film and completion returns to paused (617ms)
  ✓  159 [mobile] › e2e/trailer.spec.ts:124:1 › descriptions toggle, and mute only where a cut has sound (698ms)
(node:98597) Warning: The 'NO_COLOR' env is ignored due to the 'FORCE_COLOR' env being set.
(Use `node --trace-warnings ...` to show where the warning was created)
  ✓  160 [short-mobile] › e2e/accessibility.spec.ts:28:5 › light accessibility and layout: / (1.0s)
  ✓  161 [short-mobile] › e2e/accessibility.spec.ts:28:5 › light accessibility and layout: /docs (982ms)
  ✓  162 [short-mobile] › e2e/accessibility.spec.ts:28:5 › light accessibility and layout: /research (828ms)
  ✓  163 [short-mobile] › e2e/accessibility.spec.ts:28:5 › light accessibility and layout: /developers (776ms)
  ✓  164 [short-mobile] › e2e/accessibility.spec.ts:28:5 › light accessibility and layout: /showcase (887ms)
  ✓  165 [short-mobile] › e2e/accessibility.spec.ts:28:5 › light accessibility and layout: /services (644ms)
  ✓  166 [short-mobile] › e2e/accessibility.spec.ts:28:5 › light accessibility and layout: /contact (1.4s)
  ✓  167 [short-mobile] › e2e/accessibility.spec.ts:28:5 › light accessibility and layout: /platform (708ms)
  ✓  168 [short-mobile] › e2e/accessibility.spec.ts:28:5 › light accessibility and layout: /products (579ms)
  ✓  169 [short-mobile] › e2e/accessibility.spec.ts:28:5 › light accessibility and layout: /apps (575ms)
  ✓  170 [short-mobile] › e2e/accessibility.spec.ts:28:5 › light accessibility and layout: /company (612ms)
  ✓  171 [short-mobile] › e2e/accessibility.spec.ts:54:3 › light search dialog accessibility and keyboard focus (874ms)
  ✓  172 [short-mobile] › e2e/accessibility.spec.ts:28:5 › dark accessibility and layout: / (790ms)
  ✓  173 [short-mobile] › e2e/accessibility.spec.ts:28:5 › dark accessibility and layout: /docs (940ms)
  ✓  174 [short-mobile] › e2e/accessibility.spec.ts:28:5 › dark accessibility and layout: /research (807ms)
  ✓  175 [short-mobile] › e2e/accessibility.spec.ts:28:5 › dark accessibility and layout: /developers (707ms)
  ✓  176 [short-mobile] › e2e/accessibility.spec.ts:28:5 › dark accessibility and layout: /showcase (900ms)
  ✓  177 [short-mobile] › e2e/accessibility.spec.ts:28:5 › dark accessibility and layout: /services (627ms)
  ✓  178 [short-mobile] › e2e/accessibility.spec.ts:28:5 › dark accessibility and layout: /contact (1.4s)
  ✓  179 [short-mobile] › e2e/accessibility.spec.ts:28:5 › dark accessibility and layout: /platform (688ms)
  ✓  180 [short-mobile] › e2e/accessibility.spec.ts:28:5 › dark accessibility and layout: /products (573ms)
  ✓  181 [short-mobile] › e2e/accessibility.spec.ts:28:5 › dark accessibility and layout: /apps (551ms)
  ✓  182 [short-mobile] › e2e/accessibility.spec.ts:28:5 › dark accessibility and layout: /company (601ms)
  ✓  183 [short-mobile] › e2e/accessibility.spec.ts:54:3 › dark search dialog accessibility and keyboard focus (895ms)
  ✓  184 [short-mobile] › e2e/accessibility.spec.ts:76:1 › search and cinematic modules stay off the initial home request path (607ms)
  ✓  185 [short-mobile] › e2e/controls.spec.ts:3:1 › mobile menu releases focus and scroll when resized to desktop (496ms)
  ✓  186 [short-mobile] › e2e/controls.spec.ts:27:3 › failed search-panel retries locally without losing the page (1.4s)
  ✓  187 [short-mobile] › e2e/controls.spec.ts:27:3 › failed search-catalog retries locally without losing the page (1.5s)
  ✓  188 [short-mobile] › e2e/controls.spec.ts:41:1 › shortcut leaves editable content alone and search supports keyboard navigation (1.1s)
  ✓  189 [short-mobile] › e2e/discovery.spec.ts:10:1 › search filters, clears, and navigates to a reference anchor (825ms)
  ✓  190 [short-mobile] › e2e/discovery.spec.ts:30:1 › search retains architecture query and external source semantics (1.3s)
  ✓  191 [short-mobile] › e2e/github.spec.ts:3:1 › optional outages preserve repositories and retry restores all panels (1.1s)
  ✓  192 [short-mobile] › e2e/github.spec.ts:37:1 › total outage leaves curated source links and filters usable (975ms)
  ✓  193 [short-mobile] › e2e/github.spec.ts:48:1 › total outage falls back to the build-time snapshot, labelled as such (993ms)
  ✓  194 [short-mobile] › e2e/narrated-films.spec.ts:4:1 › the six exported films load on intent with captions and working downloads (1.7s)
  ✓  195 [short-mobile] › e2e/narrated-films.spec.ts:51:1 › a failed export keeps transcript access and can reset its player (395ms)
  ✓  196 [short-mobile] › e2e/public-journey.spec.ts:3:1 › home client actions and service inquiry context work by keyboard (494ms)
  ✓  197 [short-mobile] › e2e/public-journey.spec.ts:44:1 › the neural opening respects reduced motion and exposes source-based builder paths (239ms)
  ✓  198 [short-mobile] › e2e/public-journey.spec.ts:68:1 › static drafts, accepted receipts and legacy copies keep their delivery labels (934ms)
  ✓  199 [short-mobile] › e2e/public-journey.spec.ts:97:1 › failed submission preserves the complete editable form (300ms)
  ✓  200 [short-mobile] › e2e/public-journey.spec.ts:116:1 › services and contact stay discoverable in desktop and mobile navigation (388ms)
  ✓  201 [short-mobile] › e2e/public-journey.spec.ts:136:1 › platform evidence table can be reached and scrolled by keyboard (208ms)
  ✓  202 [short-mobile] › e2e/rooms.spec.ts:8:1 › a room under reduced motion starts on Play and advances (1.9s)
  ✓  203 [short-mobile] › e2e/rooms.spec.ts:23:1 › the transcript carries the whole narration without starting playback (979ms)
  ✓  204 [short-mobile] › e2e/rooms.spec.ts:32:1 › Space on the transcript toggle opens it without starting the film (971ms)
  ✓  205 [short-mobile] › e2e/rooms.spec.ts:46:1 › a completed film holds its final frame and Play deliberately replays it (2.2s)
  ✓  206 [short-mobile] › e2e/rooms.spec.ts:113:1 › Play without voice replays a film restored at its end (1.9s)
  ✓  207 [short-mobile] › e2e/rooms.spec.ts:128:1 › Return to start clears a preview while the pointer remains on the scrubber (1.0s)
  ✓  208 [short-mobile] › e2e/rooms.spec.ts:147:3 › film: complete silent lifecycle, keyboard transcript and navigation cleanup (2.4s)
  ✓  209 [short-mobile] › e2e/rooms.spec.ts:238:3 › film: voice is explicit and a failed loader leaves usable captions (4.0s)
  ✓  210 [short-mobile] › e2e/rooms.spec.ts:147:3 › trailer: complete silent lifecycle, keyboard transcript and navigation cleanup (2.4s)
  ✓  211 [short-mobile] › e2e/rooms.spec.ts:238:3 › trailer: voice is explicit and a failed loader leaves usable captions (4.0s)
  ✓  212 [short-mobile] › e2e/rooms.spec.ts:147:3 › abbey: complete silent lifecycle, keyboard transcript and navigation cleanup (2.3s)
  ✓  213 [short-mobile] › e2e/rooms.spec.ts:238:3 › abbey: voice is explicit and a failed loader leaves usable captions (4.1s)
  ✓  214 [short-mobile] › e2e/rooms.spec.ts:147:3 › explainer: complete silent lifecycle, keyboard transcript and navigation cleanup (2.5s)
  ✓  215 [short-mobile] › e2e/rooms.spec.ts:238:3 › explainer: voice is explicit and a failed loader leaves usable captions (4.2s)
  ✓  216 [short-mobile] › e2e/rooms.spec.ts:147:3 › mega: complete silent lifecycle, keyboard transcript and navigation cleanup (2.7s)
  ✓  217 [short-mobile] › e2e/rooms.spec.ts:238:3 › mega: voice is explicit and a failed loader leaves usable captions (4.4s)
  ✓  218 [short-mobile] › e2e/rooms.spec.ts:147:3 › design: complete silent lifecycle, keyboard transcript and navigation cleanup (4.1s)
  ✓  219 [short-mobile] › e2e/rooms.spec.ts:238:3 › design: voice is explicit and a failed loader leaves usable captions (4.4s)
  ✓  220 [short-mobile] › e2e/rooms.spec.ts:276:1 › Design walkthrough seeks across all eight real boards and preserves Explore (2.6s)
  ✓  221 [short-mobile] › e2e/trailer.spec.ts:15:1 › rejected playback stays paused and can be retried (579ms)
  ✓  222 [short-mobile] › e2e/trailer.spec.ts:39:1 › manual chapter selection cancels pending advancement and guards seeking (1.0s)
  ✓  223 [short-mobile] › e2e/trailer.spec.ts:70:1 › media failure disables seek and keeps chapter selection usable (2.0s)
  ✓  224 [short-mobile] › e2e/trailer.spec.ts:84:1 › old playback rejection cannot overwrite a newly selected chapter (2.0s)
  ✓  225 [short-mobile] › e2e/trailer.spec.ts:101:1 › chapter advancement plays the next film and completion returns to paused (2.2s)
