$ bun run format:check && bun run typecheck && bun run lint && bun run test && bun run build
$ prettier --check .
Checking formatting...
All matched files use Prettier code style!
$ tsc --noEmit
$ eslint . --max-warnings 0
$ vitest run

 RUN  v5.0.2 /Users/donaldfilimon/dev/active/quesar.cloud

 ❯ src/routes/-public-renderer.test.tsx (6 tests | 1 failed) 166ms
   ❯ public renderer claim boundaries (6)
     × distinguishes a static email draft from configured-server storage 55ms
(node:77342) ExperimentalWarning: localStorage is not available because --localstorage-file was not provided.
(Use `node --trace-warnings ...` to show where the warning was created)

⎯⎯⎯⎯⎯⎯⎯ Failed Tests 1 ⎯⎯⎯⎯⎯⎯⎯

 FAIL  src/routes/-public-renderer.test.tsx > public renderer claim boundaries > distinguishes a static email draft from configured-server storage
AssertionError: expected '<div class="border-b border-border"><…' to contain 'local receipt records acceptance by t…'

Expected: "local receipt records acceptance by the site"
Received: "<div class="border-b border-border"><div class="mx-auto max-w-6xl px-4 pt-16 pb-14 sm:px-6 sm:pt-24 sm:pb-20"><p class="eyebrow">Contact</p><h1 class="mt-5 max-w-4xl font-display text-4xl leading-[1.02] tracking-tight text-fg sm:text-5xl lg:text-6xl">Discuss your project.</h1><p class="mt-6 max-w-[62ch] text-lg leading-8 text-fg-muted">The server accepts and stores your inquiry with this site; if you are signed in, it is linked to your account. A local receipt records acceptance when device storage is available. For architecture questions, the pages themselves are the public path.</p></div></div><section class="mx-auto max-w-6xl px-4 py-20 sm:px-6 sm:py-28"><div class="grid gap-8 lg:grid-cols-[minmax(0,1.2fr)_minmax(0,0.8fr)]"><form class="surface p-6"><div class="grid gap-4 sm:grid-cols-2"><div><label class="block text-sm text-fg-muted" for="contact-name">Name</label><input class="h-11 w-full min-w-0 rounded-md border border-input px-3 text-base text-foreground shadow-none placeholder:text-muted-foreground focus-visible:border-ring focus-visible:outline-2 focus-visible:outline-offset-1 focus-visible:outline-ring sm:text-sm mt-1 bg-bg" id="contact-name" required="" minLength="2" maxLength="80" autoComplete="name" value=""/></div><div><label class="block text-sm text-fg-muted" for="contact-email">Email</label><input class="h-11 w-full min-w-0 rounded-md border border-input px-3 text-base text-foreground shadow-none placeholder:text-muted-foreground focus-visible:border-ring focus-visible:outline-2 focus-visible:outline-offset-1 focus-visible:outline-ring sm:text-sm mt-1 bg-bg" id="contact-email" type="email" required="" maxLength="120" autoComplete="email" value=""/></div></div><div class="mt-4"><label class="block text-sm text-fg-muted" for="contact-service">Service or project context (optional)</label><input class="h-11 w-full min-w-0 rounded-md border border-input px-3 text-base text-foreground shadow-none placeholder:text-muted-foreground focus-visible:border-ring focus-visible:outline-2 focus-visible:outline-offset-1 focus-visible:outline-ring sm:text-sm mt-1 bg-bg" id="contact-service" maxLength="120" value=""/><p class="mt-2 text-sm text-fg-muted">Edit this context to describe the scope you need. It is included with your message.</p></div><fieldset class="mt-4"><legend class="text-sm">Topic</legend><div role="radiogroup" aria-required="false" dir="ltr" class="mt-2 flex flex-wrap gap-2" aria-label="Topic" tabindex="-1" style="outline:none"><button type="button" role="radio" aria-checked="true" data-state="checked" value="Quesar" class="inline-flex h-11 items-center rounded-md px-3 text-sm text-fg-muted hover:text-fg data-[state=checked]:bg-bg-subtle data-[state=checked]:text-fg" tabindex="-1" data-radix-collection-item="">Quesar</button><input type="radio" aria-hidden="true" tabindex="-1" style="position:absolute;pointer-events:none;opacity:0;margin:0;transform:translateX(-100%)" checked="" value="Quesar"/><button type="button" role="radio" aria-checked="false" data-state="unchecked" value="Abbey" class="inline-flex h-11 items-center rounded-md px-3 text-sm text-fg-muted hover:text-fg data-[state=checked]:bg-bg-subtle data-[state=checked]:text-fg" tabindex="-1" data-radix-collection-item="">Abbey</button><input type="radio" aria-hidden="true" tabindex="-1" style="position:absolute;pointer-events:none;opacity:0;margin:0;transform:translateX(-100%)" value="Abbey"/><button type="button" role="radio" aria-checked="false" data-state="unchecked" value="ABI / WDBX" class="inline-flex h-11 items-center rounded-md px-3 text-sm text-fg-muted hover:text-fg data-[state=checked]:bg-bg-subtle data-[state=checked]:text-fg" tabindex="-1" data-radix-collection-item="">ABI / WDBX</button><input type="radio" aria-hidden="true" tabindex="-1" style="position:absolute;pointer-events:none;opacity:0;margin:0;transform:translateX(-100%)" value="ABI / WDBX"/><button type="button" role="radio" aria-checked="false" data-state="unchecked" value="Services" class="inline-flex h-11 items-center rounded-md px-3 text-sm text-fg-muted hover:text-fg data-[state=checked]:bg-bg-subtle data-[state=checked]:text-fg" tabindex="-1" data-radix-collection-item="">Services</button><input type="radio" aria-hidden="true" tabindex="-1" style="position:absolute;pointer-events:none;opacity:0;margin:0;transform:translateX(-100%)" value="Services"/><button type="button" role="radio" aria-checked="false" data-state="unchecked" value="Investors" class="inline-flex h-11 items-center rounded-md px-3 text-sm text-fg-muted hover:text-fg data-[state=checked]:bg-bg-subtle data-[state=checked]:text-fg" tabindex="-1" data-radix-collection-item="">Investors</button><input type="radio" aria-hidden="true" tabindex="-1" style="position:absolute;pointer-events:none;opacity:0;margin:0;transform:translateX(-100%)" value="Investors"/><button type="button" role="radio" aria-checked="false" data-state="unchecked" value="Other" class="inline-flex h-11 items-center rounded-md px-3 text-sm text-fg-muted hover:text-fg data-[state=checked]:bg-bg-subtle data-[state=checked]:text-fg" tabindex="-1" data-radix-collection-item="">Other</button><input type="radio" aria-hidden="true" tabindex="-1" style="position:absolute;pointer-events:none;opacity:0;margin:0;transform:translateX(-100%)" value="Other"/></div></fieldset><div class="mt-4"><label class="block text-sm text-fg-muted" for="contact-message">Message</label><textarea class="min-h-28 w-full rounded-md border border-input px-3 py-2 text-sm text-foreground placeholder:text-muted-foreground focus-visible:border-ring focus-visible:outline-2 focus-visible:outline-offset-1 focus-visible:outline-ring mt-1 bg-bg" id="contact-message" required="" minLength="10" maxLength="2000" rows="7"></textarea></div><div class="mt-5 flex flex-wrap items-center gap-3"><button class="inline-flex items-center justify-center gap-2 border border-transparent font-medium whitespace-nowrap no-underline transition-[background-color,color,box-shadow,opacity,transform] duration-150 ease-out select-none focus-visible:outline-2 focus-visible:outline-offset-2 focus-visible:outline-ring disabled:pointer-events-none disabled:opacity-50 active:not-disabled:translate-y-px bg-primary text-primary-foreground h-11 rounded-md px-4 text-sm hover:bg-primary hover:underline motion-reduce:transition-none" type="submit" disabled="">Send inquiry</button></div></form><div><article class="surface accent-edge p-6"><h2 class="font-display text-2xl">Direct paths</h2><ul class="mt-4 space-y-3 text-sm"><li><a href="mailto:cbkshadow@icloud.com" class="break-words text-accent">cbkshadow@icloud.com</a></li><li><a href="tel:+18137550156" class="text-accent">813-755-0156</a></li><li><a href="/services">Services</a><p class="text-fg-muted">Audit, design, build, harden — engagement first.</p></li><li><a href="/source">Source catalog</a><p class="text-fg-muted">Selected repositories and source references, described on this site.</p></li><li><a href="/apps">Apps</a><p class="text-fg-muted">Preview app surfaces and inspect their setup requirements.</p></li></ul></article></div></div><div class="mt-10"><div class="grid gap-3 sm:grid-cols-2"><a href="/developers"><p class="text-xs text-accent">Next</p><h3 class="mt-2 font-display text-xl text-fg">Developers</h3><p class="mt-2 text-sm text-fg-muted">Repository catalog, source references, and setup gates.</p></a><a href="/services"><p class="text-xs text-accent">Next</p><h3 class="mt-2 font-display text-xl text-fg">Services</h3><p class="mt-2 text-sm text-fg-muted">If you need an engagement, start there.</p></a></div></div></section>"

 ❯ src/routes/-public-renderer.test.tsx:102:24
    100|     const configured = render(ContactRoute);
    101|     expect(configured).toContain("server accepts and stores your inqui…
    102|     expect(configured).toContain("local receipt records acceptance by …
       |                        ^
    103|     expect(configured).toContain("Send inquiry");
    104|     expect(JSON.stringify(head(ContactRoute).meta)).toContain(

⎯⎯⎯⎯⎯⎯⎯⎯⎯⎯⎯⎯⎯⎯⎯⎯⎯⎯⎯⎯⎯⎯⎯⎯[1/1]⎯


 Test Files  1 failed | 101 passed (102)
      Tests  1 failed | 816 passed (817)
   Start at  16:48:04
   Duration  19.81s (tests 79%, import 12%, transform 8%, worker 1%)

    Isolate  102 workers spawned · ~206ms startup each (spawn + environment, per file)
             at least ~5.05s faster with isolate: false — reuses workers across files instead of one per file

error: script "test" exited with code 1
error: script "check" exited with code 1
