
> preview
> node scripts/with-app-env.mjs vite preview


 ╭────────── [Build Info] ─────────────╮
 │                                     │
 │  - Build Directory: .vercel/output  │
 │  - Date: 9/22/2026, 1:09:12 PM      │
 │  - Nitro Version: 3.0.260610-beta   │
 │  - Nitro Preset: vercel             │
 │                                     │
 ╰─────────────────────────────────────╯

  ➜  Local:   http://127.0.0.1:8081/

> preview
> node scripts/with-app-env.mjs vite preview


 ╭────────── [Build Info] ─────────────╮
 │                                     │
 │  - Build Directory: .vercel/output  │
 │  - Date: 9/22/2026, 1:33:21 PM      │
 │  - Nitro Version: 3.0.260610-beta   │
 │  - Nitro Preset: vercel             │
 │                                     │
 ╰─────────────────────────────────────╯

  ➜  Local:   http://127.0.0.1:8081/
[db] PGLite bootstrap failed: Error: ENOENT: no such file or directory, open '/workspace/.vercel/output/functions/__server.func/_libs/pglite.data'
    at async open (node:internal/fs/promises:639:25)
    at async Module.readFile (node:internal/fs/promises:1252:14)
    at async Object.w$2 (file:///workspace/.vercel/output/functions/__server.func/_libs/electric-sql__pglite.mjs:114:16) {
  errno: -2,
  code: 'ENOENT',
  syscall: 'open',
  path: '/workspace/.vercel/output/functions/__server.func/_libs/pglite.data'
}
node:internal/process/promises:394
    triggerUncaughtException(err, true /* fromPromise */);
    ^

Error: ENOENT: no such file or directory, open '/workspace/.vercel/output/functions/__server.func/_libs/pglite.data'
    at async open (node:internal/fs/promises:639:25)
    at async Module.readFile (node:internal/fs/promises:1252:14)
    at async Object.w$2 (file:///workspace/.vercel/output/functions/__server.func/_libs/electric-sql__pglite.mjs:114:16) {
  errno: -2,
  code: 'ENOENT',
  syscall: 'open',
  path: '/workspace/.vercel/output/functions/__server.func/_libs/pglite.data'
}

Node.js v22.23.2

> preview
> node scripts/with-app-env.mjs vite preview


 ╭────────── [Build Info] ─────────────╮
 │                                     │
 │  - Build Directory: .vercel/output  │
 │  - Date: 9/22/2026, 1:33:21 PM      │
 │  - Nitro Version: 3.0.260610-beta   │
 │  - Nitro Preset: vercel             │
 │                                     │
 ╰─────────────────────────────────────╯

  ➜  Local:   http://127.0.0.1:8081/
node:internal/fs/promises:639
  return new FileHandle(await PromisePrototypeThen(
                        ^

Error: ENOENT: no such file or directory, open '/workspace/.vercel/output/functions/__server.func/_libs/initdb.wasm'
    at async open (node:internal/fs/promises:639:25)
    at async Module.readFile (node:internal/fs/promises:1252:14)
    at async Object.b$2 (file:///workspace/.vercel/output/functions/__server.func/_libs/electric-sql__pglite.mjs:99:11) {
  errno: -2,
  code: 'ENOENT',
  syscall: 'open',
  path: '/workspace/.vercel/output/functions/__server.func/_libs/initdb.wasm'
}

Node.js v22.23.2

> preview
> node scripts/with-app-env.mjs vite preview


 ╭────────── [Build Info] ─────────────╮
 │                                     │
 │  - Build Directory: .vercel/output  │
 │  - Date: 9/22/2026, 1:33:21 PM      │
 │  - Nitro Version: 3.0.260610-beta   │
 │  - Nitro Preset: vercel             │
 │                                     │
 ╰─────────────────────────────────────╯

  ➜  Local:   http://127.0.0.1:8081/
2026-09-22T13:35:08.066Z WARN [Better Auth]: Rate limiting could not determine a client IP and is falling back to a single shared per-path bucket. Ensure your runtime forwards a trusted client IP header, then set `advanced.ipAddress.ipAddressHeaders` or `advanced.ipAddress.trustedProxies` so the address can be resolved.

> preview
> node scripts/with-app-env.mjs vite preview


 ╭────────── [Build Info] ─────────────╮
 │                                     │
 │  - Build Directory: .vercel/output  │
 │  - Date: 9/22/2026, 1:50:10 PM      │
 │  - Nitro Version: 3.0.260610-beta   │
 │  - Nitro Preset: vercel             │
 │                                     │
 ╰─────────────────────────────────────╯

  ➜  Local:   http://127.0.0.1:8081/
[db] PGLite bootstrap failed: Error: ENOENT: no such file or directory, open '/workspace/.vercel/output/functions/__server.func/_libs/pglite.data'
    at async open (node:internal/fs/promises:639:25)
    at async Module.readFile (node:internal/fs/promises:1252:14)
    at async Object.w$2 (file:///workspace/.vercel/output/functions/__server.func/_libs/electric-sql__pglite.mjs:114:16) {
  errno: -2,
  code: 'ENOENT',
  syscall: 'open',
  path: '/workspace/.vercel/output/functions/__server.func/_libs/pglite.data'
}
node:internal/process/promises:394
    triggerUncaughtException(err, true /* fromPromise */);
    ^

Error: ENOENT: no such file or directory, open '/workspace/.vercel/output/functions/__server.func/_libs/pglite.data'
    at async open (node:internal/fs/promises:639:25)
    at async Module.readFile (node:internal/fs/promises:1252:14)
    at async Object.w$2 (file:///workspace/.vercel/output/functions/__server.func/_libs/electric-sql__pglite.mjs:114:16) {
  errno: -2,
  code: 'ENOENT',
  syscall: 'open',
  path: '/workspace/.vercel/output/functions/__server.func/_libs/pglite.data'
}

Node.js v22.23.2

> preview
> node scripts/with-app-env.mjs vite preview


 ╭────────── [Build Info] ─────────────╮
 │                                     │
 │  - Build Directory: .vercel/output  │
 │  - Date: 9/22/2026, 1:50:10 PM      │
 │  - Nitro Version: 3.0.260610-beta   │
 │  - Nitro Preset: vercel             │
 │                                     │
 ╰─────────────────────────────────────╯

  ➜  Local:   http://127.0.0.1:8081/
[db] PGLite bootstrap failed: Error: ENOENT: no such file or directory, open '/workspace/.vercel/output/functions/__server.func/_libs/pglite.data'
    at async open (node:internal/fs/promises:639:25)
    at async Module.readFile (node:internal/fs/promises:1252:14)
    at async Object.w$2 (file:///workspace/.vercel/output/functions/__server.func/_libs/electric-sql__pglite.mjs:114:16) {
  errno: -2,
  code: 'ENOENT',
  syscall: 'open',
  path: '/workspace/.vercel/output/functions/__server.func/_libs/pglite.data'
}
node:internal/process/promises:394
    triggerUncaughtException(err, true /* fromPromise */);
    ^

Error: ENOENT: no such file or directory, open '/workspace/.vercel/output/functions/__server.func/_libs/pglite.data'
    at async open (node:internal/fs/promises:639:25)
    at async Module.readFile (node:internal/fs/promises:1252:14)
    at async Object.w$2 (file:///workspace/.vercel/output/functions/__server.func/_libs/electric-sql__pglite.mjs:114:16) {
  errno: -2,
  code: 'ENOENT',
  syscall: 'open',
  path: '/workspace/.vercel/output/functions/__server.func/_libs/pglite.data'
}

Node.js v22.23.2

> preview
> node scripts/with-app-env.mjs vite preview


 ╭────────── [Build Info] ─────────────╮
 │                                     │
 │  - Build Directory: .vercel/output  │
 │  - Date: 9/22/2026, 1:50:10 PM      │
 │  - Nitro Version: 3.0.260610-beta   │
 │  - Nitro Preset: vercel             │
 │                                     │
 ╰─────────────────────────────────────╯

  ➜  Local:   http://127.0.0.1:8081/
node:internal/fs/promises:639
  return new FileHandle(await PromisePrototypeThen(
                        ^

Error: ENOENT: no such file or directory, open '/workspace/.vercel/output/functions/__server.func/_libs/pglite.wasm'
    at async open (node:internal/fs/promises:639:25)
    at async Module.readFile (node:internal/fs/promises:1252:14)
    at async Object.b$2 (file:///workspace/.vercel/output/functions/__server.func/_libs/electric-sql__pglite.mjs:99:11) {
  errno: -2,
  code: 'ENOENT',
  syscall: 'open',
  path: '/workspace/.vercel/output/functions/__server.func/_libs/pglite.wasm'
}

Node.js v22.23.2

> preview
> node scripts/with-app-env.mjs vite preview


 ╭────────── [Build Info] ─────────────╮
 │                                     │
 │  - Build Directory: .vercel/output  │
 │  - Date: 9/22/2026, 1:50:10 PM      │
 │  - Nitro Version: 3.0.260610-beta   │
 │  - Nitro Preset: vercel             │
 │                                     │
 ╰─────────────────────────────────────╯

  ➜  Local:   http://127.0.0.1:8081/
2026-09-22T13:52:01.259Z WARN [Better Auth]: Rate limiting could not determine a client IP and is falling back to a single shared per-path bucket. Ensure your runtime forwards a trusted client IP header, then set `advanced.ipAddress.ipAddressHeaders` or `advanced.ipAddress.trustedProxies` so the address can be resolved.

> preview
> node scripts/with-app-env.mjs vite preview


 ╭────────── [Build Info] ─────────────╮
 │                                     │
 │  - Build Directory: .vercel/output  │
 │  - Date: 9/22/2026, 1:53:03 PM      │
 │  - Nitro Version: 3.0.260610-beta   │
 │  - Nitro Preset: vercel             │
 │                                     │
 ╰─────────────────────────────────────╯

  ➜  Local:   http://127.0.0.1:8081/

> preview
> node scripts/with-app-env.mjs vite preview


 ╭────────── [Build Info] ─────────────╮
 │                                     │
 │  - Build Directory: .vercel/output  │
 │  - Date: 9/22/2026, 2:06:51 PM      │
 │  - Nitro Version: 3.0.260610-beta   │
 │  - Nitro Preset: vercel             │
 │                                     │
 ╰─────────────────────────────────────╯

  ➜  Local:   http://127.0.0.1:8081/
[db] PGLite bootstrap failed: Error: ENOENT: no such file or directory, open '/workspace/.vercel/output/functions/__server.func/_libs/pglite.data'
    at async open (node:internal/fs/promises:639:25)
    at async Module.readFile (node:internal/fs/promises:1252:14)
    at async Object.w$2 (file:///workspace/.vercel/output/functions/__server.func/_libs/electric-sql__pglite.mjs:114:16) {
  errno: -2,
  code: 'ENOENT',
  syscall: 'open',
  path: '/workspace/.vercel/output/functions/__server.func/_libs/pglite.data'
}
node:internal/process/promises:394
    triggerUncaughtException(err, true /* fromPromise */);
    ^

Error: ENOENT: no such file or directory, open '/workspace/.vercel/output/functions/__server.func/_libs/pglite.data'
    at async open (node:internal/fs/promises:639:25)
    at async Module.readFile (node:internal/fs/promises:1252:14)
    at async Object.w$2 (file:///workspace/.vercel/output/functions/__server.func/_libs/electric-sql__pglite.mjs:114:16) {
  errno: -2,
  code: 'ENOENT',
  syscall: 'open',
  path: '/workspace/.vercel/output/functions/__server.func/_libs/pglite.data'
}

Node.js v22.23.2

> preview
> node scripts/with-app-env.mjs vite preview


 ╭────────── [Build Info] ─────────────╮
 │                                     │
 │  - Build Directory: .vercel/output  │
 │  - Date: 9/22/2026, 2:06:51 PM      │
 │  - Nitro Version: 3.0.260610-beta   │
 │  - Nitro Preset: vercel             │
 │                                     │
 ╰─────────────────────────────────────╯

  ➜  Local:   http://127.0.0.1:8081/
[db] PGLite bootstrap failed: Error: ENOENT: no such file or directory, open '/workspace/.vercel/output/functions/__server.func/_libs/pglite.data'
    at async open (node:internal/fs/promises:639:25)
    at async Module.readFile (node:internal/fs/promises:1252:14)
    at async Object.w$2 (file:///workspace/.vercel/output/functions/__server.func/_libs/electric-sql__pglite.mjs:114:16) {
  errno: -2,
  code: 'ENOENT',
  syscall: 'open',
  path: '/workspace/.vercel/output/functions/__server.func/_libs/pglite.data'
}
node:internal/process/promises:394
    triggerUncaughtException(err, true /* fromPromise */);
    ^

Error: ENOENT: no such file or directory, open '/workspace/.vercel/output/functions/__server.func/_libs/pglite.data'
    at async open (node:internal/fs/promises:639:25)
    at async Module.readFile (node:internal/fs/promises:1252:14)
    at async Object.w$2 (file:///workspace/.vercel/output/functions/__server.func/_libs/electric-sql__pglite.mjs:114:16) {
  errno: -2,
  code: 'ENOENT',
  syscall: 'open',
  path: '/workspace/.vercel/output/functions/__server.func/_libs/pglite.data'
}

Node.js v22.23.2

> preview
> node scripts/with-app-env.mjs vite preview


 ╭────────── [Build Info] ─────────────╮
 │                                     │
 │  - Build Directory: .vercel/output  │
 │  - Date: 9/22/2026, 2:06:51 PM      │
 │  - Nitro Version: 3.0.260610-beta   │
 │  - Nitro Preset: vercel             │
 │                                     │
 ╰─────────────────────────────────────╯

  ➜  Local:   http://127.0.0.1:8081/
2026-09-22T14:07:36.121Z WARN [Better Auth]: Rate limiting could not determine a client IP and is falling back to a single shared per-path bucket. Ensure your runtime forwards a trusted client IP header, then set `advanced.ipAddress.ipAddressHeaders` or `advanced.ipAddress.trustedProxies` so the address can be resolved.

> preview
> node scripts/with-app-env.mjs vite preview


 ╭────────── [Build Info] ─────────────╮
 │                                     │
 │  - Build Directory: .vercel/output  │
 │  - Date: 9/22/2026, 2:08:48 PM      │
 │  - Nitro Version: 3.0.260610-beta   │
 │  - Nitro Preset: vercel             │
 │                                     │
 ╰─────────────────────────────────────╯

  ➜  Local:   http://127.0.0.1:8081/
2026-09-22T14:08:58.331Z WARN [Better Auth]: Rate limiting could not determine a client IP and is falling back to a single shared per-path bucket. Ensure your runtime forwards a trusted client IP header, then set `advanced.ipAddress.ipAddressHeaders` or `advanced.ipAddress.trustedProxies` so the address can be resolved.

> preview
> node scripts/with-app-env.mjs vite preview


 ╭────────── [Build Info] ─────────────╮
 │                                     │
 │  - Build Directory: .vercel/output  │
 │  - Date: 9/22/2026, 2:18:12 PM      │
 │  - Nitro Version: 3.0.260610-beta   │
 │  - Nitro Preset: vercel             │
 │                                     │
 ╰─────────────────────────────────────╯

  ➜  Local:   http://127.0.0.1:8081/

> preview
> node scripts/with-app-env.mjs vite preview


 ╭────────── [Build Info] ─────────────╮
 │                                     │
 │  - Build Directory: .vercel/output  │
 │  - Date: 9/22/2026, 2:19:48 PM      │
 │  - Nitro Version: 3.0.260610-beta   │
 │  - Nitro Preset: vercel             │
 │                                     │
 ╰─────────────────────────────────────╯

  ➜  Local:   http://127.0.0.1:8081/

> preview
> node scripts/with-app-env.mjs vite preview


 ╭────────── [Build Info] ─────────────╮
 │                                     │
 │  - Build Directory: .vercel/output  │
 │  - Date: 9/22/2026, 2:21:05 PM      │
 │  - Nitro Version: 3.0.260610-beta   │
 │  - Nitro Preset: vercel             │
 │                                     │
 ╰─────────────────────────────────────╯

  ➜  Local:   http://127.0.0.1:8081/
2026-09-22T14:21:14.903Z WARN [Better Auth]: Rate limiting could not determine a client IP and is falling back to a single shared per-path bucket. Ensure your runtime forwards a trusted client IP header, then set `advanced.ipAddress.ipAddressHeaders` or `advanced.ipAddress.trustedProxies` so the address can be resolved.

> preview
> node scripts/with-app-env.mjs vite preview


 ╭────────── [Build Info] ─────────────╮
 │                                     │
 │  - Build Directory: .vercel/output  │
 │  - Date: 9/22/2026, 2:41:35 PM      │
 │  - Nitro Version: 3.0.260610-beta   │
 │  - Nitro Preset: vercel             │
 │                                     │
 ╰─────────────────────────────────────╯

  ➜  Local:   http://127.0.0.1:8081/
[db] PGLite bootstrap failed: Error: ENOENT: no such file or directory, open '/workspace/.vercel/output/functions/__server.func/_libs/pglite.data'
    at async open (node:internal/fs/promises:639:25)
    at async Module.readFile (node:internal/fs/promises:1252:14)
    at async Object.w$2 (file:///workspace/.vercel/output/functions/__server.func/_libs/electric-sql__pglite.mjs:114:16) {
  errno: -2,
  code: 'ENOENT',
  syscall: 'open',
  path: '/workspace/.vercel/output/functions/__server.func/_libs/pglite.data'
}
node:internal/process/promises:394
    triggerUncaughtException(err, true /* fromPromise */);
    ^

Error: ENOENT: no such file or directory, open '/workspace/.vercel/output/functions/__server.func/_libs/pglite.data'
    at async open (node:internal/fs/promises:639:25)
    at async Module.readFile (node:internal/fs/promises:1252:14)
    at async Object.w$2 (file:///workspace/.vercel/output/functions/__server.func/_libs/electric-sql__pglite.mjs:114:16) {
  errno: -2,
  code: 'ENOENT',
  syscall: 'open',
  path: '/workspace/.vercel/output/functions/__server.func/_libs/pglite.data'
}

Node.js v22.23.2

> preview
> node scripts/with-app-env.mjs vite preview


 ╭────────── [Build Info] ─────────────╮
 │                                     │
 │  - Build Directory: .vercel/output  │
 │  - Date: 9/22/2026, 2:41:35 PM      │
 │  - Nitro Version: 3.0.260610-beta   │
 │  - Nitro Preset: vercel             │
 │                                     │
 ╰─────────────────────────────────────╯

  ➜  Local:   http://127.0.0.1:8081/
[db] PGLite bootstrap failed: Error: ENOENT: no such file or directory, open '/workspace/.vercel/output/functions/__server.func/_libs/pglite.data'
    at async open (node:internal/fs/promises:639:25)
    at async Module.readFile (node:internal/fs/promises:1252:14)
    at async Object.w$2 (file:///workspace/.vercel/output/functions/__server.func/_libs/electric-sql__pglite.mjs:114:16) {
  errno: -2,
  code: 'ENOENT',
  syscall: 'open',
  path: '/workspace/.vercel/output/functions/__server.func/_libs/pglite.data'
}
node:internal/process/promises:394
    triggerUncaughtException(err, true /* fromPromise */);
    ^

Error: ENOENT: no such file or directory, open '/workspace/.vercel/output/functions/__server.func/_libs/pglite.data'
    at async open (node:internal/fs/promises:639:25)
    at async Module.readFile (node:internal/fs/promises:1252:14)
    at async Object.w$2 (file:///workspace/.vercel/output/functions/__server.func/_libs/electric-sql__pglite.mjs:114:16) {
  errno: -2,
  code: 'ENOENT',
  syscall: 'open',
  path: '/workspace/.vercel/output/functions/__server.func/_libs/pglite.data'
}

Node.js v22.23.2

> preview
> node scripts/with-app-env.mjs vite preview


 ╭────────── [Build Info] ─────────────╮
 │                                     │
 │  - Build Directory: .vercel/output  │
 │  - Date: 9/22/2026, 3:13:37 PM      │
 │  - Nitro Version: 3.0.260610-beta   │
 │  - Nitro Preset: vercel             │
 │                                     │
 ╰─────────────────────────────────────╯

  ➜  Local:   http://127.0.0.1:8081/
[db] PGLite bootstrap failed: Error: ENOENT: no such file or directory, open '/workspace/.vercel/output/functions/__server.func/_libs/pglite.data'
    at async open (node:internal/fs/promises:639:25)
    at async Module.readFile (node:internal/fs/promises:1252:14)
    at async Object.w$2 (file:///workspace/.vercel/output/functions/__server.func/_libs/electric-sql__pglite.mjs:114:16) {
  errno: -2,
  code: 'ENOENT',
  syscall: 'open',
  path: '/workspace/.vercel/output/functions/__server.func/_libs/pglite.data'
}
node:internal/process/promises:394
    triggerUncaughtException(err, true /* fromPromise */);
    ^

Error: ENOENT: no such file or directory, open '/workspace/.vercel/output/functions/__server.func/_libs/pglite.data'
    at async open (node:internal/fs/promises:639:25)
    at async Module.readFile (node:internal/fs/promises:1252:14)
    at async Object.w$2 (file:///workspace/.vercel/output/functions/__server.func/_libs/electric-sql__pglite.mjs:114:16) {
  errno: -2,
  code: 'ENOENT',
  syscall: 'open',
  path: '/workspace/.vercel/output/functions/__server.func/_libs/pglite.data'
}

Node.js v22.23.2

> preview
> node scripts/with-app-env.mjs vite preview


 ╭────────── [Build Info] ─────────────╮
 │                                     │
 │  - Build Directory: .vercel/output  │
 │  - Date: 9/22/2026, 3:13:37 PM      │
 │  - Nitro Version: 3.0.260610-beta   │
 │  - Nitro Preset: vercel             │
 │                                     │
 ╰─────────────────────────────────────╯

  ➜  Local:   http://127.0.0.1:8081/

> preview
> node scripts/with-app-env.mjs vite preview


 ╭────────── [Build Info] ─────────────╮
 │                                     │
 │  - Build Directory: .vercel/output  │
 │  - Date: 9/22/2026, 3:29:11 PM      │
 │  - Nitro Version: 3.0.260610-beta   │
 │  - Nitro Preset: vercel             │
 │                                     │
 ╰─────────────────────────────────────╯

  ➜  Local:   http://127.0.0.1:8081/

> preview
> node scripts/with-app-env.mjs vite preview


 ╭────────── [Build Info] ─────────────╮
 │                                     │
 │  - Build Directory: .vercel/output  │
 │  - Date: 9/22/2026, 4:08:45 PM      │
 │  - Nitro Version: 3.0.260610-beta   │
 │  - Nitro Preset: vercel             │
 │                                     │
 ╰─────────────────────────────────────╯

  ➜  Local:   http://127.0.0.1:8081/

> preview
> node scripts/with-app-env.mjs vite preview


 ╭────────── [Build Info] ─────────────╮
 │                                     │
 │  - Build Directory: .vercel/output  │
 │  - Date: 9/22/2026, 5:49:44 PM      │
 │  - Nitro Version: 3.0.260610-beta   │
 │  - Nitro Preset: vercel             │
 │                                     │
 ╰─────────────────────────────────────╯

  ➜  Local:   http://127.0.0.1:8081/

> preview
> node scripts/with-app-env.mjs vite preview


 ╭────────── [Build Info] ─────────────╮
 │                                     │
 │  - Build Directory: .vercel/output  │
 │  - Date: 9/22/2026, 6:10:07 PM      │
 │  - Nitro Version: 3.0.260610-beta   │
 │  - Nitro Preset: vercel             │
 │                                     │
 ╰─────────────────────────────────────╯

  ➜  Local:   http://127.0.0.1:8081/

> preview
> node scripts/with-app-env.mjs vite preview


 ╭────────── [Build Info] ─────────────╮
 │                                     │
 │  - Build Directory: .vercel/output  │
 │  - Date: 9/22/2026, 8:17:46 PM      │
 │  - Nitro Version: 3.0.260610-beta   │
 │  - Nitro Preset: vercel             │
 │                                     │
 ╰─────────────────────────────────────╯

  ➜  Local:   http://127.0.0.1:8081/
