Downloading Chrome for Testing 156.0.8078.4 (playwright chromium v1248)[2m from https://cdn.playwright.dev/builds/cft/156.0.8078.4/mac-arm64/chrome-mac-arm64.zip[22m
|                                                                                |   0% of 185.8 MiB
|■■■■■■■■                                                                        |  10% of 185.8 MiB
|■■■■■■■■■■■■■■■■                                                                |  20% of 185.8 MiB
|■■■■■■■■■■■■■■■■■■■■■■■■                                                        |  30% of 185.8 MiB
|■■■■■■■■■■■■■■■■■■■■■■■■■■■■■■■■                                                |  40% of 185.8 MiB
|■■■■■■■■■■■■■■■■■■■■■■■■■■■■■■■■■■■■■■■■                                        |  50% of 185.8 MiB
|■■■■■■■■■■■■■■■■■■■■■■■■■■■■■■■■■■■■■■■■■■■■■■■■                                |  60% of 185.8 MiB
|■■■■■■■■■■■■■■■■■■■■■■■■■■■■■■■■■■■■■■■■■■■■■■■■■■■■■■■■                        |  70% of 185.8 MiB
|■■■■■■■■■■■■■■■■■■■■■■■■■■■■■■■■■■■■■■■■■■■■■■■■■■■■■■■■■■■■■■■■                |  80% of 185.8 MiB
|■■■■■■■■■■■■■■■■■■■■■■■■■■■■■■■■■■■■■■■■■■■■■■■■■■■■■■■■■■■■■■■■■■■■■■■■        |  90% of 185.8 MiB
|■■■■■■■■■■■■■■■■■■■■■■■■■■■■■■■■■■■■■■■■■■■■■■■■■■■■■■■■■■■■■■■■■■■■■■■■■■■■■■■■| 100% of 185.8 MiB
Chrome for Testing 156.0.8078.4 (playwright chromium v1248) downloaded to /Users/donaldfilimon/Library/Caches/ms-playwright/chromium-1248
Downloading FFmpeg (playwright ffmpeg v1013)[2m from https://cdn.playwright.dev/dbazure/download/playwright/builds/ffmpeg/1013/ffmpeg-mac-arm64.zip[22m
|                                                                                |   1% of 1.4 MiB
|■■■■■■■■                                                                        |  10% of 1.4 MiB
|■■■■■■■■■■■■■■■■                                                                |  20% of 1.4 MiB
|■■■■■■■■■■■■■■■■■■■■■■■■                                                        |  30% of 1.4 MiB
|■■■■■■■■■■■■■■■■■■■■■■■■■■■■■■■■                                                |  40% of 1.4 MiB
|■■■■■■■■■■■■■■■■■■■■■■■■■■■■■■■■■■■■■■■■                                        |  50% of 1.4 MiB
|■■■■■■■■■■■■■■■■■■■■■■■■■■■■■■■■■■■■■■■■■■■■■■■■                                |  60% of 1.4 MiB
|■■■■■■■■■■■■■■■■■■■■■■■■■■■■■■■■■■■■■■■■■■■■■■■■■■■■■■■■                        |  70% of 1.4 MiB
|■■■■■■■■■■■■■■■■■■■■■■■■■■■■■■■■■■■■■■■■■■■■■■■■■■■■■■■■■■■■■■■■                |  80% of 1.4 MiB
|■■■■■■■■■■■■■■■■■■■■■■■■■■■■■■■■■■■■■■■■■■■■■■■■■■■■■■■■■■■■■■■■■■■■■■■■        |  90% of 1.4 MiB
|■■■■■■■■■■■■■■■■■■■■■■■■■■■■■■■■■■■■■■■■■■■■■■■■■■■■■■■■■■■■■■■■■■■■■■■■■■■■■■■■| 100% of 1.4 MiB
FFmpeg (playwright ffmpeg v1013) downloaded to /Users/donaldfilimon/Library/Caches/ms-playwright/ffmpeg-1013
Downloading Chrome Headless Shell 156.0.8078.4 (playwright chromium-headless-shell v1248)[2m from https://cdn.playwright.dev/builds/cft/156.0.8078.4/mac-arm64/chrome-headless-shell-mac-arm64.zip[22m
|                                                                                |   0% of 99 MiB
|■■■■■■■■                                                                        |  10% of 99 MiB
|■■■■■■■■■■■■■■■■                                                                |  20% of 99 MiB
|■■■■■■■■■■■■■■■■■■■■■■■■                                                        |  30% of 99 MiB
|■■■■■■■■■■■■■■■■■■■■■■■■■■■■■■■■                                                |  40% of 99 MiB
|■■■■■■■■■■■■■■■■■■■■■■■■■■■■■■■■■■■■■■■■                                        |  50% of 99 MiB
|■■■■■■■■■■■■■■■■■■■■■■■■■■■■■■■■■■■■■■■■■■■■■■■■                                |  60% of 99 MiB
|■■■■■■■■■■■■■■■■■■■■■■■■■■■■■■■■■■■■■■■■■■■■■■■■■■■■■■■■                        |  70% of 99 MiB
|■■■■■■■■■■■■■■■■■■■■■■■■■■■■■■■■■■■■■■■■■■■■■■■■■■■■■■■■■■■■■■■■                |  80% of 99 MiB
|■■■■■■■■■■■■■■■■■■■■■■■■■■■■■■■■■■■■■■■■■■■■■■■■■■■■■■■■■■■■■■■■■■■■■■■■        |  90% of 99 MiB
|■■■■■■■■■■■■■■■■■■■■■■■■■■■■■■■■■■■■■■■■■■■■■■■■■■■■■■■■■■■■■■■■■■■■■■■■■■■■■■■■| 100% of 99 MiB
Chrome Headless Shell 156.0.8078.4 (playwright chromium-headless-shell v1248) downloaded to /Users/donaldfilimon/Library/Caches/ms-playwright/chromium_headless_shell-1248
