$ playwright test "--output=.superpowers/sdd/2026-10-09-finish-approved-delivery/static-current-results"
[WebServer] (node:32477) Warning: The 'NO_COLOR' env is ignored due to the 'FORCE_COLOR' env being set.
[WebServer] (Use `node --trace-warnings ...` to show where the warning was created)

Running 226 tests using 1 worker

(node:32481) Warning: The 'NO_COLOR' env is ignored due to the 'FORCE_COLOR' env being set.
(Use `node --trace-warnings ...` to show where the warning was created)
  ✓    1 [desktop-200-percent] › e2e/accessibility.spec.ts:28:5 › light accessibility and layout: / (1.6s)
  ✓    2 [desktop-200-percent] › e2e/accessibility.spec.ts:28:5 › light accessibility and layout: /docs (1.2s)
  ✓    3 [desktop-200-percent] › e2e/accessibility.spec.ts:28:5 › light accessibility and layout: /research (1.2s)
  ✓    4 [desktop-200-percent] › e2e/accessibility.spec.ts:28:5 › light accessibility and layout: /developers (892ms)
  ✓    5 [desktop-200-percent] › e2e/accessibility.spec.ts:28:5 › light accessibility and layout: /showcase (1.2s)
  ✓    6 [desktop-200-percent] › e2e/accessibility.spec.ts:28:5 › light accessibility and layout: /services (853ms)
  ✓    7 [desktop-200-percent] › e2e/accessibility.spec.ts:28:5 › light accessibility and layout: /contact (1.4s)
  ✓    8 [desktop-200-percent] › e2e/accessibility.spec.ts:28:5 › light accessibility and layout: /platform (950ms)
  ✓    9 [desktop-200-percent] › e2e/accessibility.spec.ts:28:5 › light accessibility and layout: /products (568ms)
  ✓   10 [desktop-200-percent] › e2e/accessibility.spec.ts:28:5 › light accessibility and layout: /apps (586ms)
  ✓   11 [desktop-200-percent] › e2e/accessibility.spec.ts:28:5 › light accessibility and layout: /company (717ms)
  ✓   12 [desktop-200-percent] › e2e/accessibility.spec.ts:54:3 › light search dialog accessibility and keyboard focus (1.3s)
  ✓   13 [desktop-200-percent] › e2e/accessibility.spec.ts:28:5 › dark accessibility and layout: / (1.1s)
  ✓   14 [desktop-200-percent] › e2e/accessibility.spec.ts:28:5 › dark accessibility and layout: /docs (1.4s)
  ✓   15 [desktop-200-percent] › e2e/accessibility.spec.ts:28:5 › dark accessibility and layout: /research (1.2s)
  ✓   16 [desktop-200-percent] › e2e/accessibility.spec.ts:28:5 › dark accessibility and layout: /developers (870ms)
  ✓   17 [desktop-200-percent] › e2e/accessibility.spec.ts:28:5 › dark accessibility and layout: /showcase (1.1s)
  ✓   18 [desktop-200-percent] › e2e/accessibility.spec.ts:28:5 › dark accessibility and layout: /services (808ms)
  ✓   19 [desktop-200-percent] › e2e/accessibility.spec.ts:28:5 › dark accessibility and layout: /contact (1.4s)
  ✓   20 [desktop-200-percent] › e2e/accessibility.spec.ts:28:5 › dark accessibility and layout: /platform (901ms)
  ✓   21 [desktop-200-percent] › e2e/accessibility.spec.ts:28:5 › dark accessibility and layout: /products (612ms)
  ✓   22 [desktop-200-percent] › e2e/accessibility.spec.ts:28:5 › dark accessibility and layout: /apps (605ms)
  ✓   23 [desktop-200-percent] › e2e/accessibility.spec.ts:28:5 › dark accessibility and layout: /company (791ms)
  ✓   24 [desktop-200-percent] › e2e/accessibility.spec.ts:54:3 › dark search dialog accessibility and keyboard focus (1.3s)
  ✓   25 [desktop-200-percent] › e2e/accessibility.spec.ts:76:1 › search and cinematic modules stay off the initial home request path (1.0s)
(node:33644) Warning: The 'NO_COLOR' env is ignored due to the 'FORCE_COLOR' env being set.
(Use `node --trace-warnings ...` to show where the warning was created)
  ✓   26 [desktop] › e2e/accessibility.spec.ts:28:5 › light accessibility and layout: / (824ms)
  ✓   27 [desktop] › e2e/accessibility.spec.ts:28:5 › light accessibility and layout: /docs (916ms)
  ✓   28 [desktop] › e2e/accessibility.spec.ts:28:5 › light accessibility and layout: /research (783ms)
  ✓   29 [desktop] › e2e/accessibility.spec.ts:28:5 › light accessibility and layout: /developers (651ms)
  ✓   30 [desktop] › e2e/accessibility.spec.ts:28:5 › light accessibility and layout: /showcase (780ms)
  ✓   31 [desktop] › e2e/accessibility.spec.ts:28:5 › light accessibility and layout: /services (573ms)
  ✓   32 [desktop] › e2e/accessibility.spec.ts:28:5 › light accessibility and layout: /contact (1.4s)
  ✓   33 [desktop] › e2e/accessibility.spec.ts:28:5 › light accessibility and layout: /platform (932ms)
  ✓   34 [desktop] › e2e/accessibility.spec.ts:28:5 › light accessibility and layout: /products (1.5s)
  ✓   35 [desktop] › e2e/accessibility.spec.ts:28:5 › light accessibility and layout: /apps (1.3s)
  ✓   36 [desktop] › e2e/accessibility.spec.ts:28:5 › light accessibility and layout: /company (961ms)
  ✓   37 [desktop] › e2e/accessibility.spec.ts:54:3 › light search dialog accessibility and keyboard focus (1.1s)
  ✓   38 [desktop] › e2e/accessibility.spec.ts:28:5 › dark accessibility and layout: / (1.9s)
  ✓   39 [desktop] › e2e/accessibility.spec.ts:28:5 › dark accessibility and layout: /docs (1.0s)
  ✓   40 [desktop] › e2e/accessibility.spec.ts:28:5 › dark accessibility and layout: /research (1.4s)
  ✓   41 [desktop] › e2e/accessibility.spec.ts:28:5 › dark accessibility and layout: /developers (1.4s)
  ✓   42 [desktop] › e2e/accessibility.spec.ts:28:5 › dark accessibility and layout: /showcase (1.1s)
  ✓   43 [desktop] › e2e/accessibility.spec.ts:28:5 › dark accessibility and layout: /services (809ms)
  ✓   44 [desktop] › e2e/accessibility.spec.ts:28:5 › dark accessibility and layout: /contact (1.3s)
  ✓   45 [desktop] › e2e/accessibility.spec.ts:28:5 › dark accessibility and layout: /platform (952ms)
  ✓   46 [desktop] › e2e/accessibility.spec.ts:28:5 › dark accessibility and layout: /products (592ms)
  ✓   47 [desktop] › e2e/accessibility.spec.ts:28:5 › dark accessibility and layout: /apps (1.1s)
  ✓   48 [desktop] › e2e/accessibility.spec.ts:28:5 › dark accessibility and layout: /company (827ms)
  ✓   49 [desktop] › e2e/accessibility.spec.ts:54:3 › dark search dialog accessibility and keyboard focus (932ms)
  ✓   50 [desktop] › e2e/accessibility.spec.ts:76:1 › search and cinematic modules stay off the initial home request path (595ms)
  ✓   51 [desktop] › e2e/controls.spec.ts:3:1 › mobile menu releases focus and scroll when resized to desktop (601ms)
  ✓   52 [desktop] › e2e/controls.spec.ts:27:3 › failed search-panel retries locally without losing the page (1.4s)
  ✓   53 [desktop] › e2e/controls.spec.ts:27:3 › failed search-catalog retries locally without losing the page (1.6s)
  ✓   54 [desktop] › e2e/controls.spec.ts:41:1 › shortcut leaves editable content alone and search supports keyboard navigation (1.1s)
  ✓   55 [desktop] › e2e/discovery.spec.ts:10:1 › search filters, clears, and navigates to a reference anchor (894ms)
  ✓   56 [desktop] › e2e/discovery.spec.ts:30:1 › search retains architecture query and external source semantics (2.0s)
  ✓   57 [desktop] › e2e/github.spec.ts:3:1 › optional outages preserve repositories and retry restores all panels (1.1s)
  ✓   58 [desktop] › e2e/github.spec.ts:37:1 › total outage leaves curated source links and filters usable (1.1s)
  ✓   59 [desktop] › e2e/github.spec.ts:48:1 › total outage falls back to the build-time snapshot, labelled as such (950ms)
  ✓   60 [desktop] › e2e/narrated-films.spec.ts:4:1 › the six exported films load on intent with captions and working downloads (1.4s)
  ✓   61 [desktop] › e2e/narrated-films.spec.ts:51:1 › a failed export keeps transcript access and can reset its player (346ms)
  ✓   62 [desktop] › e2e/public-journey.spec.ts:3:1 › home client actions and service inquiry context work by keyboard (397ms)
  ✓   63 [desktop] › e2e/public-journey.spec.ts:44:1 › the neural opening respects reduced motion and exposes source-based builder paths (248ms)
  ✓   64 [desktop] › e2e/public-journey.spec.ts:68:1 › static drafts, accepted receipts and legacy copies keep their delivery labels (944ms)
  ✓   65 [desktop] › e2e/public-journey.spec.ts:97:1 › failed submission preserves the complete editable form (247ms)
  ✓   66 [desktop] › e2e/public-journey.spec.ts:116:1 › services and contact stay discoverable in desktop and mobile navigation (298ms)
  ✓   67 [desktop] › e2e/public-journey.spec.ts:136:1 › platform evidence table can be reached and scrolled by keyboard (165ms)
  ✓   68 [desktop] › e2e/rooms.spec.ts:8:1 › a room under reduced motion starts on Play and advances (1.8s)
  ✓   69 [desktop] › e2e/rooms.spec.ts:23:1 › the transcript carries the whole narration without starting playback (989ms)
  ✓   70 [desktop] › e2e/rooms.spec.ts:32:1 › Space on the transcript toggle opens it without starting the film (958ms)
  ✓   71 [desktop] › e2e/rooms.spec.ts:46:1 › a completed film holds its final frame and Play deliberately replays it (2.7s)
  ✓   72 [desktop] › e2e/rooms.spec.ts:113:1 › Play without voice replays a film restored at its end (1.9s)
  ✓   73 [desktop] › e2e/rooms.spec.ts:128:1 › Return to start clears a preview while the pointer remains on the scrubber (1.1s)
  ✓   74 [desktop] › e2e/rooms.spec.ts:147:3 › film: complete silent lifecycle, keyboard transcript and navigation cleanup (2.4s)
  ✓   75 [desktop] › e2e/rooms.spec.ts:238:3 › film: voice is explicit and a failed loader leaves usable captions (4.0s)
  ✓   76 [desktop] › e2e/rooms.spec.ts:147:3 › trailer: complete silent lifecycle, keyboard transcript and navigation cleanup (2.3s)
  ✓   77 [desktop] › e2e/rooms.spec.ts:238:3 › trailer: voice is explicit and a failed loader leaves usable captions (4.0s)
  ✓   78 [desktop] › e2e/rooms.spec.ts:147:3 › abbey: complete silent lifecycle, keyboard transcript and navigation cleanup (2.3s)
  ✓   79 [desktop] › e2e/rooms.spec.ts:238:3 › abbey: voice is explicit and a failed loader leaves usable captions (4.0s)
  ✓   80 [desktop] › e2e/rooms.spec.ts:147:3 › explainer: complete silent lifecycle, keyboard transcript and navigation cleanup (2.4s)
  ✓   81 [desktop] › e2e/rooms.spec.ts:238:3 › explainer: voice is explicit and a failed loader leaves usable captions (4.1s)
  ✓   82 [desktop] › e2e/rooms.spec.ts:147:3 › mega: complete silent lifecycle, keyboard transcript and navigation cleanup (2.4s)
  ✓   83 [desktop] › e2e/rooms.spec.ts:238:3 › mega: voice is explicit and a failed loader leaves usable captions (4.1s)
  ✓   84 [desktop] › e2e/rooms.spec.ts:147:3 › design: complete silent lifecycle, keyboard transcript and navigation cleanup (2.4s)
  ✓   85 [desktop] › e2e/rooms.spec.ts:238:3 › design: voice is explicit and a failed loader leaves usable captions (4.3s)
  ✓   86 [desktop] › e2e/rooms.spec.ts:276:1 › Design walkthrough seeks across all eight real boards and preserves Explore (2.3s)
  ✓   87 [desktop] › e2e/trailer.spec.ts:15:1 › rejected playback stays paused and can be retried (440ms)
  ✓   88 [desktop] › e2e/trailer.spec.ts:39:1 › manual chapter selection cancels pending advancement and guards seeking (678ms)
  ✓   89 [desktop] › e2e/trailer.spec.ts:70:1 › media failure disables seek and keeps chapter selection usable (655ms)
  ✓   90 [desktop] › e2e/trailer.spec.ts:84:1 › old playback rejection cannot overwrite a newly selected chapter (371ms)
  ✓   91 [desktop] › e2e/trailer.spec.ts:101:1 › chapter advancement plays the next film and completion returns to paused (559ms)
  ✓   92 [desktop] › e2e/trailer.spec.ts:124:1 › descriptions toggle, and mute only where a cut has sound (613ms)
(node:42817) Warning: The 'NO_COLOR' env is ignored due to the 'FORCE_COLOR' env being set.
(Use `node --trace-warnings ...` to show where the warning was created)
  ✓   93 [mobile] › e2e/accessibility.spec.ts:28:5 › light accessibility and layout: / (733ms)
  ✓   94 [mobile] › e2e/accessibility.spec.ts:28:5 › light accessibility and layout: /docs (808ms)
  ✓   95 [mobile] › e2e/accessibility.spec.ts:28:5 › light accessibility and layout: /research (693ms)
  ✓   96 [mobile] › e2e/accessibility.spec.ts:28:5 › light accessibility and layout: /developers (628ms)
  ✓   97 [mobile] › e2e/accessibility.spec.ts:28:5 › light accessibility and layout: /showcase (675ms)
  ✓   98 [mobile] › e2e/accessibility.spec.ts:28:5 › light accessibility and layout: /services (567ms)
  ✓   99 [mobile] › e2e/accessibility.spec.ts:28:5 › light accessibility and layout: /contact (1.3s)
  ✓  100 [mobile] › e2e/accessibility.spec.ts:28:5 › light accessibility and layout: /platform (610ms)
  ✓  101 [mobile] › e2e/accessibility.spec.ts:28:5 › light accessibility and layout: /products (459ms)
  ✓  102 [mobile] › e2e/accessibility.spec.ts:28:5 › light accessibility and layout: /apps (491ms)
  ✓  103 [mobile] › e2e/accessibility.spec.ts:28:5 › light accessibility and layout: /company (508ms)
  ✓  104 [mobile] › e2e/accessibility.spec.ts:54:3 › light search dialog accessibility and keyboard focus (1.3s)
  ✓  105 [mobile] › e2e/accessibility.spec.ts:28:5 › dark accessibility and layout: / (695ms)
  ✓  106 [mobile] › e2e/accessibility.spec.ts:28:5 › dark accessibility and layout: /docs (810ms)
  ✓  107 [mobile] › e2e/accessibility.spec.ts:28:5 › dark accessibility and layout: /research (751ms)
  ✓  108 [mobile] › e2e/accessibility.spec.ts:28:5 › dark accessibility and layout: /developers (783ms)
  ✓  109 [mobile] › e2e/accessibility.spec.ts:28:5 › dark accessibility and layout: /showcase (861ms)
  ✓  110 [mobile] › e2e/accessibility.spec.ts:28:5 › dark accessibility and layout: /services (649ms)
  ✓  111 [mobile] › e2e/accessibility.spec.ts:28:5 › dark accessibility and layout: /contact (1.4s)
  ✓  112 [mobile] › e2e/accessibility.spec.ts:28:5 › dark accessibility and layout: /platform (748ms)
  ✓  113 [mobile] › e2e/accessibility.spec.ts:28:5 › dark accessibility and layout: /products (528ms)
  ✓  114 [mobile] › e2e/accessibility.spec.ts:28:5 › dark accessibility and layout: /apps (531ms)
  ✓  115 [mobile] › e2e/accessibility.spec.ts:28:5 › dark accessibility and layout: /company (665ms)
  ✓  116 [mobile] › e2e/accessibility.spec.ts:54:3 › dark search dialog accessibility and keyboard focus (1.3s)
  ✓  117 [mobile] › e2e/accessibility.spec.ts:76:1 › search and cinematic modules stay off the initial home request path (570ms)
  ✓  118 [mobile] › e2e/controls.spec.ts:3:1 › mobile menu releases focus and scroll when resized to desktop (510ms)
  ✓  119 [mobile] › e2e/controls.spec.ts:27:3 › failed search-panel retries locally without losing the page (1.4s)
  ✓  120 [mobile] › e2e/controls.spec.ts:27:3 › failed search-catalog retries locally without losing the page (1.4s)
  ✓  121 [mobile] › e2e/controls.spec.ts:41:1 › shortcut leaves editable content alone and search supports keyboard navigation (1.0s)
  ✓  122 [mobile] › e2e/discovery.spec.ts:10:1 › search filters, clears, and navigates to a reference anchor (769ms)
  ✓  123 [mobile] › e2e/discovery.spec.ts:30:1 › search retains architecture query and external source semantics (1.7s)
  ✓  124 [mobile] › e2e/github.spec.ts:3:1 › optional outages preserve repositories and retry restores all panels (1.1s)
  ✓  125 [mobile] › e2e/github.spec.ts:37:1 › total outage leaves curated source links and filters usable (942ms)
  ✓  126 [mobile] › e2e/github.spec.ts:48:1 › total outage falls back to the build-time snapshot, labelled as such (987ms)
  ✓  127 [mobile] › e2e/narrated-films.spec.ts:4:1 › the six exported films load on intent with captions and working downloads (1.5s)
  ✓  128 [mobile] › e2e/narrated-films.spec.ts:51:1 › a failed export keeps transcript access and can reset its player (334ms)
  ✓  129 [mobile] › e2e/public-journey.spec.ts:3:1 › home client actions and service inquiry context work by keyboard (354ms)
  ✓  130 [mobile] › e2e/public-journey.spec.ts:44:1 › the neural opening respects reduced motion and exposes source-based builder paths (215ms)
  ✓  131 [mobile] › e2e/public-journey.spec.ts:68:1 › static drafts, accepted receipts and legacy copies keep their delivery labels (918ms)
  ✓  132 [mobile] › e2e/public-journey.spec.ts:97:1 › failed submission preserves the complete editable form (241ms)
  ✓  133 [mobile] › e2e/public-journey.spec.ts:116:1 › services and contact stay discoverable in desktop and mobile navigation (323ms)
  ✓  134 [mobile] › e2e/public-journey.spec.ts:136:1 › platform evidence table can be reached and scrolled by keyboard (277ms)
  ✓  135 [mobile] › e2e/rooms.spec.ts:8:1 › a room under reduced motion starts on Play and advances (1.8s)
  ✓  136 [mobile] › e2e/rooms.spec.ts:23:1 › the transcript carries the whole narration without starting playback (947ms)
  ✓  137 [mobile] › e2e/rooms.spec.ts:32:1 › Space on the transcript toggle opens it without starting the film (951ms)
  ✓  138 [mobile] › e2e/rooms.spec.ts:46:1 › a completed film holds its final frame and Play deliberately replays it (2.6s)
  ✓  139 [mobile] › e2e/rooms.spec.ts:113:1 › Play without voice replays a film restored at its end (1.8s)
  ✓  140 [mobile] › e2e/rooms.spec.ts:128:1 › Return to start clears a preview while the pointer remains on the scrubber (1.0s)
  ✓  141 [mobile] › e2e/rooms.spec.ts:147:3 › film: complete silent lifecycle, keyboard transcript and navigation cleanup (2.2s)
  ✓  142 [mobile] › e2e/rooms.spec.ts:238:3 › film: voice is explicit and a failed loader leaves usable captions (4.0s)
  ✓  143 [mobile] › e2e/rooms.spec.ts:147:3 › trailer: complete silent lifecycle, keyboard transcript and navigation cleanup (2.5s)
  ✓  144 [mobile] › e2e/rooms.spec.ts:238:3 › trailer: voice is explicit and a failed loader leaves usable captions (4.1s)
  ✓  145 [mobile] › e2e/rooms.spec.ts:147:3 › abbey: complete silent lifecycle, keyboard transcript and navigation cleanup (2.3s)
  ✓  146 [mobile] › e2e/rooms.spec.ts:238:3 › abbey: voice is explicit and a failed loader leaves usable captions (4.0s)
  ✓  147 [mobile] › e2e/rooms.spec.ts:147:3 › explainer: complete silent lifecycle, keyboard transcript and navigation cleanup (2.3s)
  ✓  148 [mobile] › e2e/rooms.spec.ts:238:3 › explainer: voice is explicit and a failed loader leaves usable captions (4.0s)
  ✓  149 [mobile] › e2e/rooms.spec.ts:147:3 › mega: complete silent lifecycle, keyboard transcript and navigation cleanup (2.6s)
  ✓  150 [mobile] › e2e/rooms.spec.ts:238:3 › mega: voice is explicit and a failed loader leaves usable captions (4.2s)
  ✓  151 [mobile] › e2e/rooms.spec.ts:147:3 › design: complete silent lifecycle, keyboard transcript and navigation cleanup (2.7s)
  ✓  152 [mobile] › e2e/rooms.spec.ts:238:3 › design: voice is explicit and a failed loader leaves usable captions (4.6s)
  ✓  153 [mobile] › e2e/rooms.spec.ts:276:1 › Design walkthrough seeks across all eight real boards and preserves Explore (2.2s)
  ✓  154 [mobile] › e2e/trailer.spec.ts:15:1 › rejected playback stays paused and can be retried (583ms)
  ✓  155 [mobile] › e2e/trailer.spec.ts:39:1 › manual chapter selection cancels pending advancement and guards seeking (753ms)
  ✓  156 [mobile] › e2e/trailer.spec.ts:70:1 › media failure disables seek and keeps chapter selection usable (762ms)
  ✓  157 [mobile] › e2e/trailer.spec.ts:84:1 › old playback rejection cannot overwrite a newly selected chapter (571ms)
  ✓  158 [mobile] › e2e/trailer.spec.ts:101:1 › chapter advancement plays the next film and completion returns to paused (645ms)
  ✓  159 [mobile] › e2e/trailer.spec.ts:124:1 › descriptions toggle, and mute only where a cut has sound (829ms)
(node:49169) Warning: The 'NO_COLOR' env is ignored due to the 'FORCE_COLOR' env being set.
(Use `node --trace-warnings ...` to show where the warning was created)
  ✓  160 [short-mobile] › e2e/accessibility.spec.ts:28:5 › light accessibility and layout: / (1.6s)
  ✓  161 [short-mobile] › e2e/accessibility.spec.ts:28:5 › light accessibility and layout: /docs (1.1s)
  ✓  162 [short-mobile] › e2e/accessibility.spec.ts:28:5 › light accessibility and layout: /research (1.2s)
  ✓  163 [short-mobile] › e2e/accessibility.spec.ts:28:5 › light accessibility and layout: /developers (993ms)
  ✓  164 [short-mobile] › e2e/accessibility.spec.ts:28:5 › light accessibility and layout: /showcase (1.1s)
  ✓  165 [short-mobile] › e2e/accessibility.spec.ts:28:5 › light accessibility and layout: /services (770ms)
  ✓  166 [short-mobile] › e2e/accessibility.spec.ts:28:5 › light accessibility and layout: /contact (1.5s)
  ✓  167 [short-mobile] › e2e/accessibility.spec.ts:28:5 › light accessibility and layout: /platform (998ms)
  ✓  168 [short-mobile] › e2e/accessibility.spec.ts:28:5 › light accessibility and layout: /products (633ms)
  ✓  169 [short-mobile] › e2e/accessibility.spec.ts:28:5 › light accessibility and layout: /apps (740ms)
  ✓  170 [short-mobile] › e2e/accessibility.spec.ts:28:5 › light accessibility and layout: /company (735ms)
  ✓  171 [short-mobile] › e2e/accessibility.spec.ts:54:3 › light search dialog accessibility and keyboard focus (1.1s)
  ✓  172 [short-mobile] › e2e/accessibility.spec.ts:28:5 › dark accessibility and layout: / (1.5s)
  ✓  173 [short-mobile] › e2e/accessibility.spec.ts:28:5 › dark accessibility and layout: /docs (1.2s)
  ✓  174 [short-mobile] › e2e/accessibility.spec.ts:28:5 › dark accessibility and layout: /research (1.1s)
  ✓  175 [short-mobile] › e2e/accessibility.spec.ts:28:5 › dark accessibility and layout: /developers (1.1s)
  ✓  176 [short-mobile] › e2e/accessibility.spec.ts:28:5 › dark accessibility and layout: /showcase (1.4s)
  ✓  177 [short-mobile] › e2e/accessibility.spec.ts:28:5 › dark accessibility and layout: /services (986ms)
  ✓  178 [short-mobile] › e2e/accessibility.spec.ts:28:5 › dark accessibility and layout: /contact (1.1s)
  ✓  179 [short-mobile] › e2e/accessibility.spec.ts:28:5 › dark accessibility and layout: /platform (779ms)
  ✓  180 [short-mobile] › e2e/accessibility.spec.ts:28:5 › dark accessibility and layout: /products (569ms)
  ✓  181 [short-mobile] › e2e/accessibility.spec.ts:28:5 › dark accessibility and layout: /apps (696ms)
  ✓  182 [short-mobile] › e2e/accessibility.spec.ts:28:5 › dark accessibility and layout: /company (651ms)
  ✓  183 [short-mobile] › e2e/accessibility.spec.ts:54:3 › dark search dialog accessibility and keyboard focus (978ms)
  ✓  184 [short-mobile] › e2e/accessibility.spec.ts:76:1 › search and cinematic modules stay off the initial home request path (606ms)
  ✓  185 [short-mobile] › e2e/controls.spec.ts:3:1 › mobile menu releases focus and scroll when resized to desktop (538ms)
  ✓  186 [short-mobile] › e2e/controls.spec.ts:27:3 › failed search-panel retries locally without losing the page (1.4s)
  ✓  187 [short-mobile] › e2e/controls.spec.ts:27:3 › failed search-catalog retries locally without losing the page (1.5s)
  ✓  188 [short-mobile] › e2e/controls.spec.ts:41:1 › shortcut leaves editable content alone and search supports keyboard navigation (663ms)
  ✓  189 [short-mobile] › e2e/discovery.spec.ts:10:1 › search filters, clears, and navigates to a reference anchor (885ms)
  ✓  190 [short-mobile] › e2e/discovery.spec.ts:30:1 › search retains architecture query and external source semantics (1.4s)
  ✓  191 [short-mobile] › e2e/github.spec.ts:3:1 › optional outages preserve repositories and retry restores all panels (1.1s)
  ✓  192 [short-mobile] › e2e/github.spec.ts:37:1 › total outage leaves curated source links and filters usable (990ms)
  ✓  193 [short-mobile] › e2e/github.spec.ts:48:1 › total outage falls back to the build-time snapshot, labelled as such (1.0s)
  ✓  194 [short-mobile] › e2e/narrated-films.spec.ts:4:1 › the six exported films load on intent with captions and working downloads (1.7s)
  ✓  195 [short-mobile] › e2e/narrated-films.spec.ts:51:1 › a failed export keeps transcript access and can reset its player (363ms)
  ✓  196 [short-mobile] › e2e/public-journey.spec.ts:3:1 › home client actions and service inquiry context work by keyboard (446ms)
  ✓  197 [short-mobile] › e2e/public-journey.spec.ts:44:1 › the neural opening respects reduced motion and exposes source-based builder paths (239ms)
  ✓  198 [short-mobile] › e2e/public-journey.spec.ts:68:1 › static drafts, accepted receipts and legacy copies keep their delivery labels (950ms)
  ✓  199 [short-mobile] › e2e/public-journey.spec.ts:97:1 › failed submission preserves the complete editable form (241ms)
  ✓  200 [short-mobile] › e2e/public-journey.spec.ts:116:1 › services and contact stay discoverable in desktop and mobile navigation (328ms)
  ✓  201 [short-mobile] › e2e/public-journey.spec.ts:136:1 › platform evidence table can be reached and scrolled by keyboard (339ms)
  ✓  202 [short-mobile] › e2e/rooms.spec.ts:8:1 › a room under reduced motion starts on Play and advances (1.9s)
  ✓  203 [short-mobile] › e2e/rooms.spec.ts:23:1 › the transcript carries the whole narration without starting playback (1.0s)
  ✓  204 [short-mobile] › e2e/rooms.spec.ts:32:1 › Space on the transcript toggle opens it without starting the film (1.0s)
  ✓  205 [short-mobile] › e2e/rooms.spec.ts:46:1 › a completed film holds its final frame and Play deliberately replays it (2.7s)
  ✓  206 [short-mobile] › e2e/rooms.spec.ts:113:1 › Play without voice replays a film restored at its end (1.8s)
  ✓  207 [short-mobile] › e2e/rooms.spec.ts:128:1 › Return to start clears a preview while the pointer remains on the scrubber (1.1s)
  ✓  208 [short-mobile] › e2e/rooms.spec.ts:147:3 › film: complete silent lifecycle, keyboard transcript and navigation cleanup (2.5s)
  ✓  209 [short-mobile] › e2e/rooms.spec.ts:238:3 › film: voice is explicit and a failed loader leaves usable captions (4.1s)
  ✓  210 [short-mobile] › e2e/rooms.spec.ts:147:3 › trailer: complete silent lifecycle, keyboard transcript and navigation cleanup (2.6s)
  ✓  211 [short-mobile] › e2e/rooms.spec.ts:238:3 › trailer: voice is explicit and a failed loader leaves usable captions (4.3s)
  ✓  212 [short-mobile] › e2e/rooms.spec.ts:147:3 › abbey: complete silent lifecycle, keyboard transcript and navigation cleanup (2.4s)
  ✓  213 [short-mobile] › e2e/rooms.spec.ts:238:3 › abbey: voice is explicit and a failed loader leaves usable captions (4.2s)
  ✓  214 [short-mobile] › e2e/rooms.spec.ts:147:3 › explainer: complete silent lifecycle, keyboard transcript and navigation cleanup (2.4s)
  ✓  215 [short-mobile] › e2e/rooms.spec.ts:238:3 › explainer: voice is explicit and a failed loader leaves usable captions (4.0s)
  ✓  216 [short-mobile] › e2e/rooms.spec.ts:147:3 › mega: complete silent lifecycle, keyboard transcript and navigation cleanup (2.4s)
  ✓  217 [short-mobile] › e2e/rooms.spec.ts:238:3 › mega: voice is explicit and a failed loader leaves usable captions (4.0s)
  ✓  218 [short-mobile] › e2e/rooms.spec.ts:147:3 › design: complete silent lifecycle, keyboard transcript and navigation cleanup (2.3s)
  ✓  219 [short-mobile] › e2e/rooms.spec.ts:238:3 › design: voice is explicit and a failed loader leaves usable captions (4.0s)
  ✓  220 [short-mobile] › e2e/rooms.spec.ts:276:1 › Design walkthrough seeks across all eight real boards and preserves Explore (1.6s)
  ✓  221 [short-mobile] › e2e/trailer.spec.ts:15:1 › rejected playback stays paused and can be retried (288ms)
  ✓  222 [short-mobile] › e2e/trailer.spec.ts:39:1 › manual chapter selection cancels pending advancement and guards seeking (609ms)
  ✓  223 [short-mobile] › e2e/trailer.spec.ts:70:1 › media failure disables seek and keeps chapter selection usable (543ms)
  ✓  224 [short-mobile] › e2e/trailer.spec.ts:84:1 › old playback rejection cannot overwrite a newly selected chapter (268ms)
  ✓  225 [short-mobile] › e2e/trailer.spec.ts:101:1 › chapter advancement plays the next film and completion returns to paused (538ms)
  ✓  226 [short-mobile] › e2e/trailer.spec.ts:124:1 › descriptions toggle, and mute only where a cut has sound (565ms)

  226 passed (5.1m)
