$ vite build --mode persistent && node scripts/copy-pglite-assets.ts --persistent
(!) Your Vite config uses features that are unsupported by `configLoader: 'native'`, which is planned to become the default in a future major version of Vite:
  - import "./github-readmes" without a file extension (src/lib/github-data.ts:1:30). Add the file extension
Set `VITE_CONFIG_NATIVE_IGNORE_WARNING=true` to suppress this warning.
vite v8.3.4 building client environment for persistent...
transforming...
[plugin tanstack-start-core::server-fn:client] /Users/donaldfilimon/dev/active/quesar.cloud/src/lib/commerce.ts:6:33 createServerFn().inputValidator() is deprecated. Use createServerFn().validator() instead.
[plugin tanstack-start-core::server-fn:client] /Users/donaldfilimon/dev/active/quesar.cloud/src/lib/commerce.ts:23:36 createServerFn().inputValidator() is deprecated. Use createServerFn().validator() instead.
[plugin tanstack-start-core::server-fn:client] /Users/donaldfilimon/dev/active/quesar.cloud/src/lib/commerce.ts:30:41 createServerFn().inputValidator() is deprecated. Use createServerFn().validator() instead.
✓ 4835 modules transformed.
✗ Build failed in 1.46s
error during build:
Build failed with 1 error:

[plugin @tailwindcss/vite:generate:build] /Users/donaldfilimon/dev/active/quesar.cloud/src/styles.css?transform-only
Error: Can't resolve 'shadcn/tailwind.css' in '/Users/donaldfilimon/dev/active/quesar.cloud/src'
    at finishWithoutResolve (/Users/donaldfilimon/dev/active/quesar.cloud/node_modules/enhanced-resolve/lib/Resolver.js:959:18)
    at /Users/donaldfilimon/dev/active/quesar.cloud/node_modules/enhanced-resolve/lib/Resolver.js:1055:13
    at /Users/donaldfilimon/dev/active/quesar.cloud/node_modules/enhanced-resolve/lib/Resolver.js:1139:5
    at eval (eval at create (/Users/donaldfilimon/dev/active/quesar.cloud/node_modules/tapable/lib/HookCodeFactory.js:31:10), <anonymous>:15:1)
    at /Users/donaldfilimon/dev/active/quesar.cloud/node_modules/enhanced-resolve/lib/Resolver.js:1139:5
    at eval (eval at create (/Users/donaldfilimon/dev/active/quesar.cloud/node_modules/tapable/lib/HookCodeFactory.js:31:10), <anonymous>:27:1)
    at /Users/donaldfilimon/dev/active/quesar.cloud/node_modules/enhanced-resolve/lib/DescriptionFilePlugin.js:94:43
    at /Users/donaldfilimon/dev/active/quesar.cloud/node_modules/enhanced-resolve/lib/Resolver.js:1139:5
    at eval (eval at create (/Users/donaldfilimon/dev/active/quesar.cloud/node_modules/tapable/lib/HookCodeFactory.js:31:10), <anonymous>:15:1)
    at /Users/donaldfilimon/dev/active/quesar.cloud/node_modules/enhanced-resolve/lib/Resolver.js:1139:5
    at aggregateBindingErrorsIntoJsError (file:///Users/donaldfilimon/dev/active/quesar.cloud/node_modules/rolldown/dist/shared/error-Dsqzw0Oa.mjs:49:18)
    at unwrapBindingResult (file:///Users/donaldfilimon/dev/active/quesar.cloud/node_modules/rolldown/dist/shared/error-Dsqzw0Oa.mjs:19:128)
    at #build (file:///Users/donaldfilimon/dev/active/quesar.cloud/node_modules/rolldown/dist/shared/rolldown-D_vNlorD.mjs:133:34)
    at async buildEnvironment (file:///Users/donaldfilimon/dev/active/quesar.cloud/node_modules/vite/dist/node/chunks/node.js:34716:66)
    at async Object.build (file:///Users/donaldfilimon/dev/active/quesar.cloud/node_modules/vite/dist/node/chunks/node.js:35137:19)
    at async buildStartViteEnvironments (file:///Users/donaldfilimon/dev/active/quesar.cloud/node_modules/@tanstack/start-plugin-core/dist/esm/vite/planning.js:95:23)
    at async Object.buildApp (file:///Users/donaldfilimon/dev/active/quesar.cloud/node_modules/@tanstack/start-plugin-core/dist/esm/vite/plugin.js:113:8)
    at async Object.buildApp (file:///Users/donaldfilimon/dev/active/quesar.cloud/node_modules/vite/dist/node/chunks/node.js:35129:6)
    at async CAC.<anonymous> (file:///Users/donaldfilimon/dev/active/quesar.cloud/node_modules/vite/dist/node/cli.js:780:3) {
  errors: [Getter/Setter]
}
error: script "build:persistent" exited with code 1
