
Running 1 test using 1 worker

[persistent acceptance] compiled artifact root /Users/donaldfilimon/dev/active/quesar.cloud/.superpowers/sdd/2026-10-09-finish-approved-delivery/implementer-trailer-persistent-artifact; full-tree SHA256 1b83249443d2aa2144402bd592cba37846a37b44b3a3d748db53610dc157dd34
[persistent acceptance] missing required config refused with NODE_ENV absent, readiness/auth both 503
[migrate] applied 0001_auth.sql
[migrate] applied 0002_field_notes.sql
[migrate] applied 0003_inquiries.sql
[migrate] applied 0004_telemetry.sql
[migrate] applied 0005_console_audits.sql
[migrate] applied 0006_workspace_connections.sql
[migrate] applied 0007_rate_limits.sql
[migrate] applied 0008_passkeys.sql
[migrate] applied 0009_oauth_verification.sql
[migrate] done — 9 migration(s) applied.
[migrate] up to date.
[persistent acceptance] config/connectivity separated; Node startup did not migrate; explicit/repeat migration exact 9 root filenames
[persistent acceptance] compiled HTTPS Console: secure auth cookies; seeded notes/audit account isolation; owner decrypt, known foreign read and transplanted ciphertext refusal
[persistent acceptance] Node restart preserved session/note/decryption; seeded pg_dump/restore exits 0/0, 15 public table hashes equal; restored Node artifact accepted same secure session and decrypted audit
[persistent acceptance] compiled artifact full-tree SHA256 unchanged 1b83249443d2aa2144402bd592cba37846a37b44b3a3d748db53610dc157dd34
[persistent acceptance] owned Node process, TLS proxy/cert, pools, two databases and seeded dump removed; parent PG untouched
  ✓  1 e2e/backend/persistent.acceptance.ts:280:1 › persistent Node artifact: fail closed, migrations, secure sessions, isolation, restart and seeded restore (22.4s)

  1 passed (30.8s)
