$ playwright test "--output=test-results/implementer-current-static-final"

Running 226 tests using 1 worker

  ✓    1 [desktop-200-percent] › e2e/accessibility.spec.ts:28:5 › light accessibility and layout: / (1.6s)
  ✓    2 [desktop-200-percent] › e2e/accessibility.spec.ts:28:5 › light accessibility and layout: /docs (1.7s)
  ✓    3 [desktop-200-percent] › e2e/accessibility.spec.ts:28:5 › light accessibility and layout: /research (1.4s)
  ✓    4 [desktop-200-percent] › e2e/accessibility.spec.ts:28:5 › light accessibility and layout: /developers (1.2s)
  ✓    5 [desktop-200-percent] › e2e/accessibility.spec.ts:28:5 › light accessibility and layout: /showcase (1.6s)
  ✓    6 [desktop-200-percent] › e2e/accessibility.spec.ts:28:5 › light accessibility and layout: /services (1.4s)
  ✓    7 [desktop-200-percent] › e2e/accessibility.spec.ts:28:5 › light accessibility and layout: /contact (1.1s)
  ✓    8 [desktop-200-percent] › e2e/accessibility.spec.ts:28:5 › light accessibility and layout: /platform (1.1s)
  ✓    9 [desktop-200-percent] › e2e/accessibility.spec.ts:28:5 › light accessibility and layout: /products (748ms)
  ✓   10 [desktop-200-percent] › e2e/accessibility.spec.ts:28:5 › light accessibility and layout: /apps (892ms)
  ✓   11 [desktop-200-percent] › e2e/accessibility.spec.ts:28:5 › light accessibility and layout: /company (1.0s)
  ✓   12 [desktop-200-percent] › e2e/accessibility.spec.ts:54:3 › light search dialog accessibility and keyboard focus (1.1s)
  ✓   13 [desktop-200-percent] › e2e/accessibility.spec.ts:28:5 › dark accessibility and layout: / (2.8s)
  ✓   14 [desktop-200-percent] › e2e/accessibility.spec.ts:28:5 › dark accessibility and layout: /docs (1.9s)
  ✓   15 [desktop-200-percent] › e2e/accessibility.spec.ts:28:5 › dark accessibility and layout: /research (1.5s)
  ✓   16 [desktop-200-percent] › e2e/accessibility.spec.ts:28:5 › dark accessibility and layout: /developers (1.1s)
  ✓   17 [desktop-200-percent] › e2e/accessibility.spec.ts:28:5 › dark accessibility and layout: /showcase (1.8s)
  ✓   18 [desktop-200-percent] › e2e/accessibility.spec.ts:28:5 › dark accessibility and layout: /services (1.1s)
  ✓   19 [desktop-200-percent] › e2e/accessibility.spec.ts:28:5 › dark accessibility and layout: /contact (1.1s)
  ✓   20 [desktop-200-percent] › e2e/accessibility.spec.ts:28:5 › dark accessibility and layout: /platform (1.3s)
  ✓   21 [desktop-200-percent] › e2e/accessibility.spec.ts:28:5 › dark accessibility and layout: /products (756ms)
  ✓   22 [desktop-200-percent] › e2e/accessibility.spec.ts:28:5 › dark accessibility and layout: /apps (793ms)
  ✓   23 [desktop-200-percent] › e2e/accessibility.spec.ts:28:5 › dark accessibility and layout: /company (997ms)
  ✓   24 [desktop-200-percent] › e2e/accessibility.spec.ts:54:3 › dark search dialog accessibility and keyboard focus (1.3s)
  ✓   25 [desktop-200-percent] › e2e/accessibility.spec.ts:76:1 › search and cinematic modules stay off the initial home request path (734ms)
  ✓   26 [desktop] › e2e/accessibility.spec.ts:28:5 › light accessibility and layout: / (1.7s)
  ✓   27 [desktop] › e2e/accessibility.spec.ts:28:5 › light accessibility and layout: /docs (1.5s)
  ✓   28 [desktop] › e2e/accessibility.spec.ts:28:5 › light accessibility and layout: /research (1.3s)
  ✓   29 [desktop] › e2e/accessibility.spec.ts:28:5 › light accessibility and layout: /developers (1.3s)
  ✓   30 [desktop] › e2e/accessibility.spec.ts:28:5 › light accessibility and layout: /showcase (3.3s)
  ✓   31 [desktop] › e2e/accessibility.spec.ts:28:5 › light accessibility and layout: /services (2.2s)
  ✓   32 [desktop] › e2e/accessibility.spec.ts:28:5 › light accessibility and layout: /contact (2.5s)
  ✓   33 [desktop] › e2e/accessibility.spec.ts:28:5 › light accessibility and layout: /platform (2.1s)
  ✓   34 [desktop] › e2e/accessibility.spec.ts:28:5 › light accessibility and layout: /products (1.9s)
  ✓   35 [desktop] › e2e/accessibility.spec.ts:28:5 › light accessibility and layout: /apps (1.5s)
  ✓   36 [desktop] › e2e/accessibility.spec.ts:28:5 › light accessibility and layout: /company (1.5s)
  ✓   37 [desktop] › e2e/accessibility.spec.ts:54:3 › light search dialog accessibility and keyboard focus (1.6s)
  ✓   38 [desktop] › e2e/accessibility.spec.ts:28:5 › dark accessibility and layout: / (1.8s)
  ✓   39 [desktop] › e2e/accessibility.spec.ts:28:5 › dark accessibility and layout: /docs (2.4s)
  ✓   40 [desktop] › e2e/accessibility.spec.ts:28:5 › dark accessibility and layout: /research (1.6s)
  ✓   41 [desktop] › e2e/accessibility.spec.ts:28:5 › dark accessibility and layout: /developers (1.4s)
  ✓   42 [desktop] › e2e/accessibility.spec.ts:28:5 › dark accessibility and layout: /showcase (1.8s)
  ✓   43 [desktop] › e2e/accessibility.spec.ts:28:5 › dark accessibility and layout: /services (1.6s)
  ✓   44 [desktop] › e2e/accessibility.spec.ts:28:5 › dark accessibility and layout: /contact (1.5s)
  ✓   45 [desktop] › e2e/accessibility.spec.ts:28:5 › dark accessibility and layout: /platform (1.2s)
  ✓   46 [desktop] › e2e/accessibility.spec.ts:28:5 › dark accessibility and layout: /products (784ms)
  ✓   47 [desktop] › e2e/accessibility.spec.ts:28:5 › dark accessibility and layout: /apps (870ms)
  ✓   48 [desktop] › e2e/accessibility.spec.ts:28:5 › dark accessibility and layout: /company (1.2s)
  ✓   49 [desktop] › e2e/accessibility.spec.ts:54:3 › dark search dialog accessibility and keyboard focus (1.2s)
  ✓   50 [desktop] › e2e/accessibility.spec.ts:76:1 › search and cinematic modules stay off the initial home request path (750ms)
  ✓   51 [desktop] › e2e/controls.spec.ts:3:1 › mobile menu releases focus and scroll when resized to desktop (777ms)
  ✓   52 [desktop] › e2e/controls.spec.ts:27:3 › failed search-panel retries locally without losing the page (1.2s)
  ✓   53 [desktop] › e2e/controls.spec.ts:27:3 › failed search-catalog retries locally without losing the page (1.3s)
  ✓   54 [desktop] › e2e/controls.spec.ts:41:1 › shortcut leaves editable content alone and search supports keyboard navigation (1.4s)
  ✓   55 [desktop] › e2e/discovery.spec.ts:10:1 › search filters, clears, and navigates to a reference anchor (1.5s)
  ✓   56 [desktop] › e2e/discovery.spec.ts:30:1 › search retains architecture query and external source semantics (1.8s)
  ✓   57 [desktop] › e2e/github.spec.ts:3:1 › optional outages preserve repositories and retry restores all panels (1.2s)
  ✓   58 [desktop] › e2e/github.spec.ts:37:1 › total outage leaves curated source links and filters usable (631ms)
  ✓   59 [desktop] › e2e/github.spec.ts:48:1 › total outage falls back to the build-time snapshot, labelled as such (1.1s)
  ✓   60 [desktop] › e2e/narrated-films.spec.ts:4:1 › the six exported films load on intent with captions and working downloads (3.0s)
  ✓   61 [desktop] › e2e/narrated-films.spec.ts:51:1 › a failed export keeps transcript access and can reset its player (544ms)
  ✓   62 [desktop] › e2e/public-journey.spec.ts:3:1 › home client actions and service inquiry context work by keyboard (755ms)
  ✓   63 [desktop] › e2e/public-journey.spec.ts:44:1 › the neural opening respects reduced motion and exposes source-based builder paths (464ms)
  ✓   64 [desktop] › e2e/public-journey.spec.ts:68:1 › static drafts, accepted receipts and legacy copies keep their delivery labels (560ms)
  ✓   65 [desktop] › e2e/public-journey.spec.ts:97:1 › failed submission preserves the complete editable form (632ms)
  ✓   66 [desktop] › e2e/public-journey.spec.ts:116:1 › services and contact stay discoverable in desktop and mobile navigation (491ms)
  ✓   67 [desktop] › e2e/public-journey.spec.ts:136:1 › platform evidence table can be reached and scrolled by keyboard (304ms)
  ✓   68 [desktop] › e2e/rooms.spec.ts:8:1 › a room under reduced motion starts on Play and advances (2.0s)
  ✓   69 [desktop] › e2e/rooms.spec.ts:23:1 › the transcript carries the whole narration without starting playback (1.0s)
  ✓   70 [desktop] › e2e/rooms.spec.ts:32:1 › Space on the transcript toggle opens it without starting the film (1.0s)
  ✓   71 [desktop] › e2e/rooms.spec.ts:46:1 › a completed film holds its final frame and Play deliberately replays it (2.4s)
  ✓   72 [desktop] › e2e/rooms.spec.ts:113:1 › Play without voice replays a film restored at its end (2.0s)
  ✓   73 [desktop] › e2e/rooms.spec.ts:128:1 › Return to start clears a preview while the pointer remains on the scrubber (1.2s)
  ✓   74 [desktop] › e2e/rooms.spec.ts:147:3 › film: complete silent lifecycle, keyboard transcript and navigation cleanup (2.9s)
  ✓   75 [desktop] › e2e/rooms.spec.ts:238:3 › film: voice is explicit and a failed loader leaves usable captions (4.2s)
  ✓   76 [desktop] › e2e/rooms.spec.ts:147:3 › trailer: complete silent lifecycle, keyboard transcript and navigation cleanup (2.6s)
  ✓   77 [desktop] › e2e/rooms.spec.ts:238:3 › trailer: voice is explicit and a failed loader leaves usable captions (4.2s)
  ✓   78 [desktop] › e2e/rooms.spec.ts:147:3 › abbey: complete silent lifecycle, keyboard transcript and navigation cleanup (2.6s)
  ✓   79 [desktop] › e2e/rooms.spec.ts:238:3 › abbey: voice is explicit and a failed loader leaves usable captions (4.3s)
  ✓   80 [desktop] › e2e/rooms.spec.ts:147:3 › explainer: complete silent lifecycle, keyboard transcript and navigation cleanup (2.8s)
  ✓   81 [desktop] › e2e/rooms.spec.ts:238:3 › explainer: voice is explicit and a failed loader leaves usable captions (4.5s)
  ✓   82 [desktop] › e2e/rooms.spec.ts:147:3 › mega: complete silent lifecycle, keyboard transcript and navigation cleanup (2.9s)
  ✓   83 [desktop] › e2e/rooms.spec.ts:238:3 › mega: voice is explicit and a failed loader leaves usable captions (4.4s)
  ✓   84 [desktop] › e2e/rooms.spec.ts:147:3 › design: complete silent lifecycle, keyboard transcript and navigation cleanup (2.5s)
  ✓   85 [desktop] › e2e/rooms.spec.ts:238:3 › design: voice is explicit and a failed loader leaves usable captions (4.3s)
  ✓   86 [desktop] › e2e/rooms.spec.ts:276:1 › Design walkthrough seeks across all eight real boards and preserves Explore (2.0s)
  ✓   87 [desktop] › e2e/trailer.spec.ts:15:1 › rejected playback stays paused and can be retried (421ms)
  ✓   88 [desktop] › e2e/trailer.spec.ts:39:1 › manual chapter selection cancels pending advancement and guards seeking (671ms)
  ✓   89 [desktop] › e2e/trailer.spec.ts:70:1 › media failure disables seek and keeps chapter selection usable (734ms)
  ✓   90 [desktop] › e2e/trailer.spec.ts:84:1 › old playback rejection cannot overwrite a newly selected chapter (413ms)
  ✓   91 [desktop] › e2e/trailer.spec.ts:101:1 › chapter advancement plays the next film and completion returns to paused (647ms)
  ✓   92 [desktop] › e2e/trailer.spec.ts:124:1 › descriptions toggle, and mute only where a cut has sound (716ms)
  ✓   93 [mobile] › e2e/accessibility.spec.ts:28:5 › light accessibility and layout: / (1.3s)
  ✓   94 [mobile] › e2e/accessibility.spec.ts:28:5 › light accessibility and layout: /docs (1.3s)
  ✓   95 [mobile] › e2e/accessibility.spec.ts:28:5 › light accessibility and layout: /research (932ms)
  ✓   96 [mobile] › e2e/accessibility.spec.ts:28:5 › light accessibility and layout: /developers (927ms)
  ✓   97 [mobile] › e2e/accessibility.spec.ts:28:5 › light accessibility and layout: /showcase (1.0s)
  ✓   98 [mobile] › e2e/accessibility.spec.ts:28:5 › light accessibility and layout: /services (662ms)
  ✓   99 [mobile] › e2e/accessibility.spec.ts:28:5 › light accessibility and layout: /contact (1.0s)
  ✓  100 [mobile] › e2e/accessibility.spec.ts:28:5 › light accessibility and layout: /platform (821ms)
  ✓  101 [mobile] › e2e/accessibility.spec.ts:28:5 › light accessibility and layout: /products (655ms)
  ✓  102 [mobile] › e2e/accessibility.spec.ts:28:5 › light accessibility and layout: /apps (695ms)
  ✓  103 [mobile] › e2e/accessibility.spec.ts:28:5 › light accessibility and layout: /company (733ms)
  ✓  104 [mobile] › e2e/accessibility.spec.ts:54:3 › light search dialog accessibility and keyboard focus (1.1s)
  ✓  105 [mobile] › e2e/accessibility.spec.ts:28:5 › dark accessibility and layout: / (924ms)
  ✓  106 [mobile] › e2e/accessibility.spec.ts:28:5 › dark accessibility and layout: /docs (996ms)
  ✓  107 [mobile] › e2e/accessibility.spec.ts:28:5 › dark accessibility and layout: /research (867ms)
  ✓  108 [mobile] › e2e/accessibility.spec.ts:28:5 › dark accessibility and layout: /developers (779ms)
  ✓  109 [mobile] › e2e/accessibility.spec.ts:28:5 › dark accessibility and layout: /showcase (1.0s)
  ✓  110 [mobile] › e2e/accessibility.spec.ts:28:5 › dark accessibility and layout: /services (684ms)
  ✓  111 [mobile] › e2e/accessibility.spec.ts:28:5 › dark accessibility and layout: /contact (1.5s)
  ✓  112 [mobile] › e2e/accessibility.spec.ts:28:5 › dark accessibility and layout: /platform (805ms)
  ✓  113 [mobile] › e2e/accessibility.spec.ts:28:5 › dark accessibility and layout: /products (582ms)
  ✓  114 [mobile] › e2e/accessibility.spec.ts:28:5 › dark accessibility and layout: /apps (713ms)
  ✓  115 [mobile] › e2e/accessibility.spec.ts:28:5 › dark accessibility and layout: /company (736ms)
  ✓  116 [mobile] › e2e/accessibility.spec.ts:54:3 › dark search dialog accessibility and keyboard focus (915ms)
  ✓  117 [mobile] › e2e/accessibility.spec.ts:76:1 › search and cinematic modules stay off the initial home request path (571ms)
  ✓  118 [mobile] › e2e/controls.spec.ts:3:1 › mobile menu releases focus and scroll when resized to desktop (632ms)
  ✓  119 [mobile] › e2e/controls.spec.ts:27:3 › failed search-panel retries locally without losing the page (1.6s)
  ✓  120 [mobile] › e2e/controls.spec.ts:27:3 › failed search-catalog retries locally without losing the page (1.5s)
  ✓  121 [mobile] › e2e/controls.spec.ts:41:1 › shortcut leaves editable content alone and search supports keyboard navigation (665ms)
  ✓  122 [mobile] › e2e/discovery.spec.ts:10:1 › search filters, clears, and navigates to a reference anchor (859ms)
  ✓  123 [mobile] › e2e/discovery.spec.ts:30:1 › search retains architecture query and external source semantics (1.4s)
  ✓  124 [mobile] › e2e/github.spec.ts:3:1 › optional outages preserve repositories and retry restores all panels (1.2s)
  ✓  125 [mobile] › e2e/github.spec.ts:37:1 › total outage leaves curated source links and filters usable (996ms)
  ✓  126 [mobile] › e2e/github.spec.ts:48:1 › total outage falls back to the build-time snapshot, labelled as such (1.0s)
  ✓  127 [mobile] › e2e/narrated-films.spec.ts:4:1 › the six exported films load on intent with captions and working downloads (1.8s)
  ✓  128 [mobile] › e2e/narrated-films.spec.ts:51:1 › a failed export keeps transcript access and can reset its player (442ms)
  ✓  129 [mobile] › e2e/public-journey.spec.ts:3:1 › home client actions and service inquiry context work by keyboard (571ms)
  ✓  130 [mobile] › e2e/public-journey.spec.ts:44:1 › the neural opening respects reduced motion and exposes source-based builder paths (419ms)
  ✓  131 [mobile] › e2e/public-journey.spec.ts:68:1 › static drafts, accepted receipts and legacy copies keep their delivery labels (575ms)
  ✓  132 [mobile] › e2e/public-journey.spec.ts:97:1 › failed submission preserves the complete editable form (298ms)
  ✓  133 [mobile] › e2e/public-journey.spec.ts:116:1 › services and contact stay discoverable in desktop and mobile navigation (366ms)
  ✓  134 [mobile] › e2e/public-journey.spec.ts:136:1 › platform evidence table can be reached and scrolled by keyboard (234ms)
  ✓  135 [mobile] › e2e/rooms.spec.ts:8:1 › a room under reduced motion starts on Play and advances (1.9s)
  ✓  136 [mobile] › e2e/rooms.spec.ts:23:1 › the transcript carries the whole narration without starting playback (1.1s)
  ✓  137 [mobile] › e2e/rooms.spec.ts:32:1 › Space on the transcript toggle opens it without starting the film (981ms)
  ✓  138 [mobile] › e2e/rooms.spec.ts:46:1 › a completed film holds its final frame and Play deliberately replays it (2.2s)
  ✓  139 [mobile] › e2e/rooms.spec.ts:113:1 › Play without voice replays a film restored at its end (1.9s)
  ✓  140 [mobile] › e2e/rooms.spec.ts:128:1 › Return to start clears a preview while the pointer remains on the scrubber (1.1s)
  ✓  141 [mobile] › e2e/rooms.spec.ts:147:3 › film: complete silent lifecycle, keyboard transcript and navigation cleanup (2.7s)
  ✓  142 [mobile] › e2e/rooms.spec.ts:238:3 › film: voice is explicit and a failed loader leaves usable captions (4.3s)
  ✓  143 [mobile] › e2e/rooms.spec.ts:147:3 › trailer: complete silent lifecycle, keyboard transcript and navigation cleanup (2.5s)
  ✓  144 [mobile] › e2e/rooms.spec.ts:238:3 › trailer: voice is explicit and a failed loader leaves usable captions (4.3s)
  ✓  145 [mobile] › e2e/rooms.spec.ts:147:3 › abbey: complete silent lifecycle, keyboard transcript and navigation cleanup (2.7s)
  ✓  146 [mobile] › e2e/rooms.spec.ts:238:3 › abbey: voice is explicit and a failed loader leaves usable captions (4.2s)
  ✓  147 [mobile] › e2e/rooms.spec.ts:147:3 › explainer: complete silent lifecycle, keyboard transcript and navigation cleanup (2.6s)
  ✓  148 [mobile] › e2e/rooms.spec.ts:238:3 › explainer: voice is explicit and a failed loader leaves usable captions (4.4s)
  ✓  149 [mobile] › e2e/rooms.spec.ts:147:3 › mega: complete silent lifecycle, keyboard transcript and navigation cleanup (2.6s)
  ✓  150 [mobile] › e2e/rooms.spec.ts:238:3 › mega: voice is explicit and a failed loader leaves usable captions (4.3s)
  ✓  151 [mobile] › e2e/rooms.spec.ts:147:3 › design: complete silent lifecycle, keyboard transcript and navigation cleanup (2.6s)
  ✓  152 [mobile] › e2e/rooms.spec.ts:238:3 › design: voice is explicit and a failed loader leaves usable captions (4.2s)
  ✓  153 [mobile] › e2e/rooms.spec.ts:276:1 › Design walkthrough seeks across all eight real boards and preserves Explore (1.8s)
  ✘  154 [mobile] › e2e/trailer.spec.ts:15:1 › rejected playback stays paused and can be retried (31.1s)
  ✓  155 [mobile] › e2e/trailer.spec.ts:39:1 › manual chapter selection cancels pending advancement and guards seeking (1.7s)
  ✓  156 [mobile] › e2e/trailer.spec.ts:70:1 › media failure disables seek and keeps chapter selection usable (1.4s)
  ✘  157 [mobile] › e2e/trailer.spec.ts:84:1 › old playback rejection cannot overwrite a newly selected chapter (30.7s)
  ✓  158 [mobile] › e2e/trailer.spec.ts:101:1 › chapter advancement plays the next film and completion returns to paused (803ms)
  ✓  159 [mobile] › e2e/trailer.spec.ts:124:1 › descriptions toggle, and mute only where a cut has sound (710ms)
  ✓  160 [short-mobile] › e2e/accessibility.spec.ts:28:5 › light accessibility and layout: / (1.2s)
  ✓  161 [short-mobile] › e2e/accessibility.spec.ts:28:5 › light accessibility and layout: /docs (1.2s)
  ✓  162 [short-mobile] › e2e/accessibility.spec.ts:28:5 › light accessibility and layout: /research (1.1s)
  ✓  163 [short-mobile] › e2e/accessibility.spec.ts:28:5 › light accessibility and layout: /developers (1.1s)
  ✓  164 [short-mobile] › e2e/accessibility.spec.ts:28:5 › light accessibility and layout: /showcase (1.2s)
  ✓  165 [short-mobile] › e2e/accessibility.spec.ts:28:5 › light accessibility and layout: /services (992ms)
  ✓  166 [short-mobile] › e2e/accessibility.spec.ts:28:5 › light accessibility and layout: /contact (1.2s)
  ✓  167 [short-mobile] › e2e/accessibility.spec.ts:28:5 › light accessibility and layout: /platform (961ms)
  ✓  168 [short-mobile] › e2e/accessibility.spec.ts:28:5 › light accessibility and layout: /products (697ms)
  ✓  169 [short-mobile] › e2e/accessibility.spec.ts:28:5 › light accessibility and layout: /apps (740ms)
  ✓  170 [short-mobile] › e2e/accessibility.spec.ts:28:5 › light accessibility and layout: /company (825ms)
  ✓  171 [short-mobile] › e2e/accessibility.spec.ts:54:3 › light search dialog accessibility and keyboard focus (1.1s)
  ✓  172 [short-mobile] › e2e/accessibility.spec.ts:28:5 › dark accessibility and layout: / (1.1s)
  ✓  173 [short-mobile] › e2e/accessibility.spec.ts:28:5 › dark accessibility and layout: /docs (1.4s)
  ✓  174 [short-mobile] › e2e/accessibility.spec.ts:28:5 › dark accessibility and layout: /research (1.1s)
  ✓  175 [short-mobile] › e2e/accessibility.spec.ts:28:5 › dark accessibility and layout: /developers (950ms)
  ✓  176 [short-mobile] › e2e/accessibility.spec.ts:28:5 › dark accessibility and layout: /showcase (1.3s)
  ✓  177 [short-mobile] › e2e/accessibility.spec.ts:28:5 › dark accessibility and layout: /services (1.0s)
  ✓  178 [short-mobile] › e2e/accessibility.spec.ts:28:5 › dark accessibility and layout: /contact (1.2s)
  ✓  179 [short-mobile] › e2e/accessibility.spec.ts:28:5 › dark accessibility and layout: /platform (954ms)
  ✓  180 [short-mobile] › e2e/accessibility.spec.ts:28:5 › dark accessibility and layout: /products (724ms)
  ✓  181 [short-mobile] › e2e/accessibility.spec.ts:28:5 › dark accessibility and layout: /apps (731ms)
  ✓  182 [short-mobile] › e2e/accessibility.spec.ts:28:5 › dark accessibility and layout: /company (882ms)
  ✓  183 [short-mobile] › e2e/accessibility.spec.ts:54:3 › dark search dialog accessibility and keyboard focus (1.1s)
  ✓  184 [short-mobile] › e2e/accessibility.spec.ts:76:1 › search and cinematic modules stay off the initial home request path (657ms)
  ✓  185 [short-mobile] › e2e/controls.spec.ts:3:1 › mobile menu releases focus and scroll when resized to desktop (786ms)
  ✓  186 [short-mobile] › e2e/controls.spec.ts:27:3 › failed search-panel retries locally without losing the page (1.5s)
  ✓  187 [short-mobile] › e2e/controls.spec.ts:27:3 › failed search-catalog retries locally without losing the page (1.5s)
  ✓  188 [short-mobile] › e2e/controls.spec.ts:41:1 › shortcut leaves editable content alone and search supports keyboard navigation (1.1s)
  ✓  189 [short-mobile] › e2e/discovery.spec.ts:10:1 › search filters, clears, and navigates to a reference anchor (901ms)
  ✓  190 [short-mobile] › e2e/discovery.spec.ts:30:1 › search retains architecture query and external source semantics (1.4s)
  ✓  191 [short-mobile] › e2e/github.spec.ts:3:1 › optional outages preserve repositories and retry restores all panels (1.1s)
  ✓  192 [short-mobile] › e2e/github.spec.ts:37:1 › total outage leaves curated source links and filters usable (1.0s)
  ✓  193 [short-mobile] › e2e/github.spec.ts:48:1 › total outage falls back to the build-time snapshot, labelled as such (1.0s)
  ✓  194 [short-mobile] › e2e/narrated-films.spec.ts:4:1 › the six exported films load on intent with captions and working downloads (2.1s)
  ✓  195 [short-mobile] › e2e/narrated-films.spec.ts:51:1 › a failed export keeps transcript access and can reset its player (481ms)
  ✓  196 [short-mobile] › e2e/public-journey.spec.ts:3:1 › home client actions and service inquiry context work by keyboard (576ms)
  ✓  197 [short-mobile] › e2e/public-journey.spec.ts:44:1 › the neural opening respects reduced motion and exposes source-based builder paths (436ms)
  ✓  198 [short-mobile] › e2e/public-journey.spec.ts:68:1 › static drafts, accepted receipts and legacy copies keep their delivery labels (544ms)
  ✓  199 [short-mobile] › e2e/public-journey.spec.ts:97:1 › failed submission preserves the complete editable form (377ms)
  ✓  200 [short-mobile] › e2e/public-journey.spec.ts:116:1 › services and contact stay discoverable in desktop and mobile navigation (458ms)
  ✓  201 [short-mobile] › e2e/public-journey.spec.ts:136:1 › platform evidence table can be reached and scrolled by keyboard (409ms)
  ✓  202 [short-mobile] › e2e/rooms.spec.ts:8:1 › a room under reduced motion starts on Play and advances (2.1s)
  ✓  203 [short-mobile] › e2e/rooms.spec.ts:23:1 › the transcript carries the whole narration without starting playback (1.0s)
  ✓  204 [short-mobile] › e2e/rooms.spec.ts:32:1 › Space on the transcript toggle opens it without starting the film (1.0s)
  ✓  205 [short-mobile] › e2e/rooms.spec.ts:46:1 › a completed film holds its final frame and Play deliberately replays it (2.5s)
  ✓  206 [short-mobile] › e2e/rooms.spec.ts:113:1 › Play without voice replays a film restored at its end (2.1s)
  ✓  207 [short-mobile] › e2e/rooms.spec.ts:128:1 › Return to start clears a preview while the pointer remains on the scrubber (1.2s)
  ✓  208 [short-mobile] › e2e/rooms.spec.ts:147:3 › film: complete silent lifecycle, keyboard transcript and navigation cleanup (2.7s)
  ✓  209 [short-mobile] › e2e/rooms.spec.ts:238:3 › film: voice is explicit and a failed loader leaves usable captions (4.2s)
  ✓  210 [short-mobile] › e2e/rooms.spec.ts:147:3 › trailer: complete silent lifecycle, keyboard transcript and navigation cleanup (2.7s)
  ✓  211 [short-mobile] › e2e/rooms.spec.ts:238:3 › trailer: voice is explicit and a failed loader leaves usable captions (4.3s)
  ✓  212 [short-mobile] › e2e/rooms.spec.ts:147:3 › abbey: complete silent lifecycle, keyboard transcript and navigation cleanup (2.5s)
  ✓  213 [short-mobile] › e2e/rooms.spec.ts:238:3 › abbey: voice is explicit and a failed loader leaves usable captions (4.2s)
  ✓  214 [short-mobile] › e2e/rooms.spec.ts:147:3 › explainer: complete silent lifecycle, keyboard transcript and navigation cleanup (2.7s)
  ✓  215 [short-mobile] › e2e/rooms.spec.ts:238:3 › explainer: voice is explicit and a failed loader leaves usable captions (4.4s)
  ✓  216 [short-mobile] › e2e/rooms.spec.ts:147:3 › mega: complete silent lifecycle, keyboard transcript and navigation cleanup (3.0s)
  ✓  217 [short-mobile] › e2e/rooms.spec.ts:238:3 › mega: voice is explicit and a failed loader leaves usable captions (4.4s)
  ✓  218 [short-mobile] › e2e/rooms.spec.ts:147:3 › design: complete silent lifecycle, keyboard transcript and navigation cleanup (2.7s)
  ✓  219 [short-mobile] › e2e/rooms.spec.ts:238:3 › design: voice is explicit and a failed loader leaves usable captions (4.2s)
  ✓  220 [short-mobile] › e2e/rooms.spec.ts:276:1 › Design walkthrough seeks across all eight real boards and preserves Explore (1.9s)
  ✘  221 [short-mobile] › e2e/trailer.spec.ts:15:1 › rejected playback stays paused and can be retried (30.6s)
  ✓  222 [short-mobile] › e2e/trailer.spec.ts:39:1 › manual chapter selection cancels pending advancement and guards seeking (1.3s)
  ✓  223 [short-mobile] › e2e/trailer.spec.ts:70:1 › media failure disables seek and keeps chapter selection usable (800ms)
  ✘  224 [short-mobile] › e2e/trailer.spec.ts:84:1 › old playback rejection cannot overwrite a newly selected chapter (30.7s)
  ✓  225 [short-mobile] › e2e/trailer.spec.ts:101:1 › chapter advancement plays the next film and completion returns to paused (809ms)
  ✓  226 [short-mobile] › e2e/trailer.spec.ts:124:1 › descriptions toggle, and mute only where a cut has sound (797ms)


  1) [mobile] › e2e/trailer.spec.ts:15:1 › rejected playback stays paused and can be retried ───────

    Test timeout of 30000ms exceeded.

    Error: locator.click: Test timeout of 30000ms exceeded.
    Call log:
      - waiting for getByRole('button', { name: 'Play trailer' })
        - locator resolved to <button type="button" aria-label="Play trailer" class="group absolute inset-0 grid place-items-center text-white">…</button>
      - attempting click action
        2 × waiting for element to be visible, enabled and stable
          - element is visible, enabled and stable
          - scrolling into view if needed
          - done scrolling
          - <div class="absolute inset-x-0 bottom-0 z-10 flex flex-wrap items-center gap-2 bg-gradient-to-t from-black/80 to-transparent px-2 py-2 text-white sm:gap-3 sm:px-3 sm:py-3">…</div> intercepts pointer events
        - retrying click action
        - waiting 20ms
        2 × waiting for element to be visible, enabled and stable
          - element is visible, enabled and stable
          - scrolling into view if needed
          - done scrolling
          - <div class="absolute inset-x-0 bottom-0 z-10 flex flex-wrap items-center gap-2 bg-gradient-to-t from-black/80 to-transparent px-2 py-2 text-white sm:gap-3 sm:px-3 sm:py-3">…</div> intercepts pointer events
        - retrying click action
          - waiting 100ms
        59 × waiting for element to be visible, enabled and stable
           - element is visible, enabled and stable
           - scrolling into view if needed
           - done scrolling
           - <div class="absolute inset-x-0 bottom-0 z-10 flex flex-wrap items-center gap-2 bg-gradient-to-t from-black/80 to-transparent px-2 py-2 text-white sm:gap-3 sm:px-3 sm:py-3">…</div> intercepts pointer events
         - retrying click action
           - waiting 500ms


      22 |   });
      23 |   await page.goto("/showcase");
    > 24 |   await page.getByRole("button", { name: "Play trailer" }).click();
         |                                                            ^
      25 |   await expect(page.getByRole("alert")).toContainText("Playback could not start.");
      26 |   await expect(page.getByRole("button", { name: "Play trailer" })).toBeVisible();
      27 |   await page.evaluate(() => {
        at /Users/donaldfilimon/dev/active/quesar.cloud/e2e/trailer.spec.ts:24:60

    attachment #1: screenshot (image/png) ──────────────────────────────────────────────────────────
    test-results/implementer-current-static-final/trailer-rejected-playback-stays-paused-and-can-be-retried-mobile/test-failed-1.png
    ────────────────────────────────────────────────────────────────────────────────────────────────

    Error Context: test-results/implementer-current-static-final/trailer-rejected-playback-stays-paused-and-can-be-retried-mobile/error-context.md

    attachment #3: trace (application/zip) ─────────────────────────────────────────────────────────
    test-results/implementer-current-static-final/trailer-rejected-playback-stays-paused-and-can-be-retried-mobile/trace.zip
    Usage:

        npx playwright show-trace test-results/implementer-current-static-final/trailer-rejected-playback-stays-paused-and-can-be-retried-mobile/trace.zip

    ────────────────────────────────────────────────────────────────────────────────────────────────

  2) [mobile] › e2e/trailer.spec.ts:84:1 › old playback rejection cannot overwrite a newly selected chapter 

    Test timeout of 30000ms exceeded.

    Error: locator.click: Test timeout of 30000ms exceeded.
    Call log:
      - waiting for getByRole('button', { name: 'Play trailer' })
        - locator resolved to <button type="button" aria-label="Play trailer" class="group absolute inset-0 grid place-items-center text-white">…</button>
      - attempting click action
        2 × waiting for element to be visible, enabled and stable
          - element is visible, enabled and stable
          - scrolling into view if needed
          - done scrolling
          - <div class="absolute inset-x-0 bottom-0 z-10 flex flex-wrap items-center gap-2 bg-gradient-to-t from-black/80 to-transparent px-2 py-2 text-white sm:gap-3 sm:px-3 sm:py-3">…</div> intercepts pointer events
        - retrying click action
        - waiting 20ms
        2 × waiting for element to be visible, enabled and stable
          - element is visible, enabled and stable
          - scrolling into view if needed
          - done scrolling
          - <div class="absolute inset-x-0 bottom-0 z-10 flex flex-wrap items-center gap-2 bg-gradient-to-t from-black/80 to-transparent px-2 py-2 text-white sm:gap-3 sm:px-3 sm:py-3">…</div> intercepts pointer events
        - retrying click action
          - waiting 100ms
        58 × waiting for element to be visible, enabled and stable
           - element is visible, enabled and stable
           - scrolling into view if needed
           - done scrolling
           - <div class="absolute inset-x-0 bottom-0 z-10 flex flex-wrap items-center gap-2 bg-gradient-to-t from-black/80 to-transparent px-2 py-2 text-white sm:gap-3 sm:px-3 sm:py-3">…</div> intercepts pointer events
         - retrying click action
           - waiting 500ms


      92 |   });
      93 |   await page.goto("/showcase");
    > 94 |   await page.getByRole("button", { name: "Play trailer" }).click();
         |                                                            ^
      95 |   await page.getByRole("button", { name: "2. The wafer" }).click();
      96 |   await page.evaluate(() => (window as unknown as { rejectOld: () => void }).rejectOld());
      97 |   await expect(page.getByRole("alert")).toHaveCount(0);
        at /Users/donaldfilimon/dev/active/quesar.cloud/e2e/trailer.spec.ts:94:60

    attachment #1: screenshot (image/png) ──────────────────────────────────────────────────────────
    test-results/implementer-current-static-final/trailer-old-playback-rejec-12d07-te-a-newly-selected-chapter-mobile/test-failed-1.png
    ────────────────────────────────────────────────────────────────────────────────────────────────

    Error Context: test-results/implementer-current-static-final/trailer-old-playback-rejec-12d07-te-a-newly-selected-chapter-mobile/error-context.md

    attachment #3: trace (application/zip) ─────────────────────────────────────────────────────────
    test-results/implementer-current-static-final/trailer-old-playback-rejec-12d07-te-a-newly-selected-chapter-mobile/trace.zip
    Usage:

        npx playwright show-trace test-results/implementer-current-static-final/trailer-old-playback-rejec-12d07-te-a-newly-selected-chapter-mobile/trace.zip

    ────────────────────────────────────────────────────────────────────────────────────────────────

  3) [short-mobile] › e2e/trailer.spec.ts:15:1 › rejected playback stays paused and can be retried ─

    Test timeout of 30000ms exceeded.

    Error: locator.click: Test timeout of 30000ms exceeded.
    Call log:
      - waiting for getByRole('button', { name: 'Play trailer' })
        - locator resolved to <button type="button" aria-label="Play trailer" class="group absolute inset-0 grid place-items-center text-white">…</button>
      - attempting click action
        2 × waiting for element to be visible, enabled and stable
          - element is visible, enabled and stable
          - scrolling into view if needed
          - done scrolling
          - <div class="absolute inset-x-0 bottom-0 z-10 flex flex-wrap items-center gap-2 bg-gradient-to-t from-black/80 to-transparent px-2 py-2 text-white sm:gap-3 sm:px-3 sm:py-3">…</div> intercepts pointer events
        - retrying click action
        - waiting 20ms
        2 × waiting for element to be visible, enabled and stable
          - element is visible, enabled and stable
          - scrolling into view if needed
          - done scrolling
          - <div class="absolute inset-x-0 bottom-0 z-10 flex flex-wrap items-center gap-2 bg-gradient-to-t from-black/80 to-transparent px-2 py-2 text-white sm:gap-3 sm:px-3 sm:py-3">…</div> intercepts pointer events
        - retrying click action
          - waiting 100ms
        58 × waiting for element to be visible, enabled and stable
           - element is visible, enabled and stable
           - scrolling into view if needed
           - done scrolling
           - <div class="absolute inset-x-0 bottom-0 z-10 flex flex-wrap items-center gap-2 bg-gradient-to-t from-black/80 to-transparent px-2 py-2 text-white sm:gap-3 sm:px-3 sm:py-3">…</div> intercepts pointer events
         - retrying click action
           - waiting 500ms


      22 |   });
      23 |   await page.goto("/showcase");
    > 24 |   await page.getByRole("button", { name: "Play trailer" }).click();
         |                                                            ^
      25 |   await expect(page.getByRole("alert")).toContainText("Playback could not start.");
      26 |   await expect(page.getByRole("button", { name: "Play trailer" })).toBeVisible();
      27 |   await page.evaluate(() => {
        at /Users/donaldfilimon/dev/active/quesar.cloud/e2e/trailer.spec.ts:24:60

    attachment #1: screenshot (image/png) ──────────────────────────────────────────────────────────
    test-results/implementer-current-static-final/trailer-rejected-playback-stays-paused-and-can-be-retried-short-mobile/test-failed-1.png
    ────────────────────────────────────────────────────────────────────────────────────────────────

    Error Context: test-results/implementer-current-static-final/trailer-rejected-playback-stays-paused-and-can-be-retried-short-mobile/error-context.md

    attachment #3: trace (application/zip) ─────────────────────────────────────────────────────────
    test-results/implementer-current-static-final/trailer-rejected-playback-stays-paused-and-can-be-retried-short-mobile/trace.zip
    Usage:

        npx playwright show-trace test-results/implementer-current-static-final/trailer-rejected-playback-stays-paused-and-can-be-retried-short-mobile/trace.zip

    ────────────────────────────────────────────────────────────────────────────────────────────────

  4) [short-mobile] › e2e/trailer.spec.ts:84:1 › old playback rejection cannot overwrite a newly selected chapter 

    Test timeout of 30000ms exceeded.

    Error: locator.click: Test timeout of 30000ms exceeded.
    Call log:
      - waiting for getByRole('button', { name: 'Play trailer' })
        - locator resolved to <button type="button" aria-label="Play trailer" class="group absolute inset-0 grid place-items-center text-white">…</button>
      - attempting click action
        2 × waiting for element to be visible, enabled and stable
          - element is visible, enabled and stable
          - scrolling into view if needed
          - done scrolling
          - <div class="absolute inset-x-0 bottom-0 z-10 flex flex-wrap items-center gap-2 bg-gradient-to-t from-black/80 to-transparent px-2 py-2 text-white sm:gap-3 sm:px-3 sm:py-3">…</div> intercepts pointer events
        - retrying click action
        - waiting 20ms
        2 × waiting for element to be visible, enabled and stable
          - element is visible, enabled and stable
          - scrolling into view if needed
          - done scrolling
          - <div class="absolute inset-x-0 bottom-0 z-10 flex flex-wrap items-center gap-2 bg-gradient-to-t from-black/80 to-transparent px-2 py-2 text-white sm:gap-3 sm:px-3 sm:py-3">…</div> intercepts pointer events
        - retrying click action
          - waiting 100ms
        58 × waiting for element to be visible, enabled and stable
           - element is visible, enabled and stable
           - scrolling into view if needed
           - done scrolling
           - <div class="absolute inset-x-0 bottom-0 z-10 flex flex-wrap items-center gap-2 bg-gradient-to-t from-black/80 to-transparent px-2 py-2 text-white sm:gap-3 sm:px-3 sm:py-3">…</div> intercepts pointer events
         - retrying click action
           - waiting 500ms


      92 |   });
      93 |   await page.goto("/showcase");
    > 94 |   await page.getByRole("button", { name: "Play trailer" }).click();
         |                                                            ^
      95 |   await page.getByRole("button", { name: "2. The wafer" }).click();
      96 |   await page.evaluate(() => (window as unknown as { rejectOld: () => void }).rejectOld());
      97 |   await expect(page.getByRole("alert")).toHaveCount(0);
        at /Users/donaldfilimon/dev/active/quesar.cloud/e2e/trailer.spec.ts:94:60

    attachment #1: screenshot (image/png) ──────────────────────────────────────────────────────────
    test-results/implementer-current-static-final/trailer-old-playback-rejec-12d07-te-a-newly-selected-chapter-short-mobile/test-failed-1.png
    ────────────────────────────────────────────────────────────────────────────────────────────────

    Error Context: test-results/implementer-current-static-final/trailer-old-playback-rejec-12d07-te-a-newly-selected-chapter-short-mobile/error-context.md

    attachment #3: trace (application/zip) ─────────────────────────────────────────────────────────
    test-results/implementer-current-static-final/trailer-old-playback-rejec-12d07-te-a-newly-selected-chapter-short-mobile/trace.zip
    Usage:

        npx playwright show-trace test-results/implementer-current-static-final/trailer-old-playback-rejec-12d07-te-a-newly-selected-chapter-short-mobile/trace.zip

    ────────────────────────────────────────────────────────────────────────────────────────────────

  4 failed
    [mobile] › e2e/trailer.spec.ts:15:1 › rejected playback stays paused and can be retried ────────
    [mobile] › e2e/trailer.spec.ts:84:1 › old playback rejection cannot overwrite a newly selected chapter 
    [short-mobile] › e2e/trailer.spec.ts:15:1 › rejected playback stays paused and can be retried ──
    [short-mobile] › e2e/trailer.spec.ts:84:1 › old playback rejection cannot overwrite a newly selected chapter 
  222 passed (8.0m)
error: script "test:e2e" exited with code 1
