$ playwright test "--output=test-results/implementer-trailer-static"

Running 226 tests using 1 worker

  ✓    1 [desktop-200-percent] › e2e/accessibility.spec.ts:28:5 › light accessibility and layout: / (1.8s)
  ✓    2 [desktop-200-percent] › e2e/accessibility.spec.ts:28:5 › light accessibility and layout: /docs (1.7s)
  ✓    3 [desktop-200-percent] › e2e/accessibility.spec.ts:28:5 › light accessibility and layout: /research (1.6s)
  ✓    4 [desktop-200-percent] › e2e/accessibility.spec.ts:28:5 › light accessibility and layout: /developers (1.3s)
  ✓    5 [desktop-200-percent] › e2e/accessibility.spec.ts:28:5 › light accessibility and layout: /showcase (1.7s)
  ✓    6 [desktop-200-percent] › e2e/accessibility.spec.ts:28:5 › light accessibility and layout: /services (1.1s)
  ✓    7 [desktop-200-percent] › e2e/accessibility.spec.ts:28:5 › light accessibility and layout: /contact (1.1s)
  ✓    8 [desktop-200-percent] › e2e/accessibility.spec.ts:28:5 › light accessibility and layout: /platform (1.1s)
  ✓    9 [desktop-200-percent] › e2e/accessibility.spec.ts:28:5 › light accessibility and layout: /products (738ms)
  ✓   10 [desktop-200-percent] › e2e/accessibility.spec.ts:28:5 › light accessibility and layout: /apps (716ms)
  ✓   11 [desktop-200-percent] › e2e/accessibility.spec.ts:28:5 › light accessibility and layout: /company (902ms)
  ✓   12 [desktop-200-percent] › e2e/accessibility.spec.ts:54:3 › light search dialog accessibility and keyboard focus (1.0s)
  ✓   13 [desktop-200-percent] › e2e/accessibility.spec.ts:28:5 › dark accessibility and layout: / (1.6s)
  ✓   14 [desktop-200-percent] › e2e/accessibility.spec.ts:28:5 › dark accessibility and layout: /docs (1.5s)
  ✓   15 [desktop-200-percent] › e2e/accessibility.spec.ts:28:5 › dark accessibility and layout: /research (1.4s)
  ✓   16 [desktop-200-percent] › e2e/accessibility.spec.ts:28:5 › dark accessibility and layout: /developers (983ms)
  ✓   17 [desktop-200-percent] › e2e/accessibility.spec.ts:28:5 › dark accessibility and layout: /showcase (1.4s)
  ✓   18 [desktop-200-percent] › e2e/accessibility.spec.ts:28:5 › dark accessibility and layout: /services (950ms)
  ✓   19 [desktop-200-percent] › e2e/accessibility.spec.ts:28:5 › dark accessibility and layout: /contact (1.4s)
  ✓   20 [desktop-200-percent] › e2e/accessibility.spec.ts:28:5 › dark accessibility and layout: /platform (1.0s)
  ✓   21 [desktop-200-percent] › e2e/accessibility.spec.ts:28:5 › dark accessibility and layout: /products (640ms)
  ✓   22 [desktop-200-percent] › e2e/accessibility.spec.ts:28:5 › dark accessibility and layout: /apps (723ms)
  ✓   23 [desktop-200-percent] › e2e/accessibility.spec.ts:28:5 › dark accessibility and layout: /company (861ms)
  ✓   24 [desktop-200-percent] › e2e/accessibility.spec.ts:54:3 › dark search dialog accessibility and keyboard focus (992ms)
  ✓   25 [desktop-200-percent] › e2e/accessibility.spec.ts:76:1 › search and cinematic modules stay off the initial home request path (657ms)
  ✓   26 [desktop] › e2e/accessibility.spec.ts:28:5 › light accessibility and layout: / (1.1s)
  ✓   27 [desktop] › e2e/accessibility.spec.ts:28:5 › light accessibility and layout: /docs (1.1s)
  ✓   28 [desktop] › e2e/accessibility.spec.ts:28:5 › light accessibility and layout: /research (958ms)
  ✓   29 [desktop] › e2e/accessibility.spec.ts:28:5 › light accessibility and layout: /developers (804ms)
  ✓   30 [desktop] › e2e/accessibility.spec.ts:28:5 › light accessibility and layout: /showcase (1.1s)
  ✓   31 [desktop] › e2e/accessibility.spec.ts:28:5 › light accessibility and layout: /services (801ms)
  ✓   32 [desktop] › e2e/accessibility.spec.ts:28:5 › light accessibility and layout: /contact (1.4s)
  ✓   33 [desktop] › e2e/accessibility.spec.ts:28:5 › light accessibility and layout: /platform (827ms)
  ✓   34 [desktop] › e2e/accessibility.spec.ts:28:5 › light accessibility and layout: /products (564ms)
  ✓   35 [desktop] › e2e/accessibility.spec.ts:28:5 › light accessibility and layout: /apps (617ms)
  ✓   36 [desktop] › e2e/accessibility.spec.ts:28:5 › light accessibility and layout: /company (692ms)
  ✓   37 [desktop] › e2e/accessibility.spec.ts:54:3 › light search dialog accessibility and keyboard focus (920ms)
  ✓   38 [desktop] › e2e/accessibility.spec.ts:28:5 › dark accessibility and layout: / (980ms)
  ✓   39 [desktop] › e2e/accessibility.spec.ts:28:5 › dark accessibility and layout: /docs (1.0s)
  ✓   40 [desktop] › e2e/accessibility.spec.ts:28:5 › dark accessibility and layout: /research (911ms)
  ✓   41 [desktop] › e2e/accessibility.spec.ts:28:5 › dark accessibility and layout: /developers (780ms)
  ✓   42 [desktop] › e2e/accessibility.spec.ts:28:5 › dark accessibility and layout: /showcase (910ms)
  ✓   43 [desktop] › e2e/accessibility.spec.ts:28:5 › dark accessibility and layout: /services (668ms)
  ✓   44 [desktop] › e2e/accessibility.spec.ts:28:5 › dark accessibility and layout: /contact (1.4s)
  ✓   45 [desktop] › e2e/accessibility.spec.ts:28:5 › dark accessibility and layout: /platform (828ms)
  ✓   46 [desktop] › e2e/accessibility.spec.ts:28:5 › dark accessibility and layout: /products (577ms)
  ✓   47 [desktop] › e2e/accessibility.spec.ts:28:5 › dark accessibility and layout: /apps (576ms)
  ✓   48 [desktop] › e2e/accessibility.spec.ts:28:5 › dark accessibility and layout: /company (638ms)
  ✓   49 [desktop] › e2e/accessibility.spec.ts:54:3 › dark search dialog accessibility and keyboard focus (853ms)
  ✓   50 [desktop] › e2e/accessibility.spec.ts:76:1 › search and cinematic modules stay off the initial home request path (583ms)
  ✓   51 [desktop] › e2e/controls.spec.ts:3:1 › mobile menu releases focus and scroll when resized to desktop (516ms)
  ✓   52 [desktop] › e2e/controls.spec.ts:27:3 › failed search-panel retries locally without losing the page (1.5s)
  ✓   53 [desktop] › e2e/controls.spec.ts:27:3 › failed search-catalog retries locally without losing the page (1.4s)
  ✓   54 [desktop] › e2e/controls.spec.ts:41:1 › shortcut leaves editable content alone and search supports keyboard navigation (1.0s)
  ✓   55 [desktop] › e2e/discovery.spec.ts:10:1 › search filters, clears, and navigates to a reference anchor (792ms)
  ✓   56 [desktop] › e2e/discovery.spec.ts:30:1 › search retains architecture query and external source semantics (1.3s)
  ✓   57 [desktop] › e2e/github.spec.ts:3:1 › optional outages preserve repositories and retry restores all panels (1.1s)
  ✓   58 [desktop] › e2e/github.spec.ts:37:1 › total outage leaves curated source links and filters usable (989ms)
  ✓   59 [desktop] › e2e/github.spec.ts:48:1 › total outage falls back to the build-time snapshot, labelled as such (548ms)
  ✓   60 [desktop] › e2e/narrated-films.spec.ts:4:1 › the six exported films load on intent with captions and working downloads (1.6s)
  ✓   61 [desktop] › e2e/narrated-films.spec.ts:51:1 › a failed export keeps transcript access and can reset its player (379ms)
  ✓   62 [desktop] › e2e/public-journey.spec.ts:3:1 › home client actions and service inquiry context work by keyboard (435ms)
  ✓   63 [desktop] › e2e/public-journey.spec.ts:44:1 › the neural opening respects reduced motion and exposes source-based builder paths (278ms)
  ✓   64 [desktop] › e2e/public-journey.spec.ts:68:1 › static drafts, accepted receipts and legacy copies keep their delivery labels (944ms)
  ✓   65 [desktop] › e2e/public-journey.spec.ts:97:1 › failed submission preserves the complete editable form (274ms)
  ✓   66 [desktop] › e2e/public-journey.spec.ts:116:1 › services and contact stay discoverable in desktop and mobile navigation (314ms)
  ✓   67 [desktop] › e2e/public-journey.spec.ts:136:1 › platform evidence table can be reached and scrolled by keyboard (177ms)
  ✓   68 [desktop] › e2e/rooms.spec.ts:8:1 › a room under reduced motion starts on Play and advances (1.9s)
  ✓   69 [desktop] › e2e/rooms.spec.ts:23:1 › the transcript carries the whole narration without starting playback (1.0s)
  ✓   70 [desktop] › e2e/rooms.spec.ts:32:1 › Space on the transcript toggle opens it without starting the film (992ms)
  ✓   71 [desktop] › e2e/rooms.spec.ts:46:1 › a completed film holds its final frame and Play deliberately replays it (2.4s)
  ✓   72 [desktop] › e2e/rooms.spec.ts:113:1 › Play without voice replays a film restored at its end (2.0s)
  ✓   73 [desktop] › e2e/rooms.spec.ts:128:1 › Return to start clears a preview while the pointer remains on the scrubber (1.1s)
  ✓   74 [desktop] › e2e/rooms.spec.ts:147:3 › film: complete silent lifecycle, keyboard transcript and navigation cleanup (2.5s)
  ✓   75 [desktop] › e2e/rooms.spec.ts:238:3 › film: voice is explicit and a failed loader leaves usable captions (4.1s)
  ✓   76 [desktop] › e2e/rooms.spec.ts:147:3 › trailer: complete silent lifecycle, keyboard transcript and navigation cleanup (2.5s)
  ✓   77 [desktop] › e2e/rooms.spec.ts:238:3 › trailer: voice is explicit and a failed loader leaves usable captions (4.1s)
  ✓   78 [desktop] › e2e/rooms.spec.ts:147:3 › abbey: complete silent lifecycle, keyboard transcript and navigation cleanup (2.5s)
  ✓   79 [desktop] › e2e/rooms.spec.ts:238:3 › abbey: voice is explicit and a failed loader leaves usable captions (4.2s)
  ✓   80 [desktop] › e2e/rooms.spec.ts:147:3 › explainer: complete silent lifecycle, keyboard transcript and navigation cleanup (2.7s)
  ✓   81 [desktop] › e2e/rooms.spec.ts:238:3 › explainer: voice is explicit and a failed loader leaves usable captions (4.2s)
  ✓   82 [desktop] › e2e/rooms.spec.ts:147:3 › mega: complete silent lifecycle, keyboard transcript and navigation cleanup (3.1s)
  ✓   83 [desktop] › e2e/rooms.spec.ts:238:3 › mega: voice is explicit and a failed loader leaves usable captions (4.3s)
  ✓   84 [desktop] › e2e/rooms.spec.ts:147:3 › design: complete silent lifecycle, keyboard transcript and navigation cleanup (2.4s)
  ✓   85 [desktop] › e2e/rooms.spec.ts:238:3 › design: voice is explicit and a failed loader leaves usable captions (4.1s)
  ✓   86 [desktop] › e2e/rooms.spec.ts:276:1 › Design walkthrough seeks across all eight real boards and preserves Explore (1.8s)
  ✓   87 [desktop] › e2e/trailer.spec.ts:15:1 › rejected playback stays paused and can be retried (381ms)
  ✓   88 [desktop] › e2e/trailer.spec.ts:39:1 › manual chapter selection cancels pending advancement and guards seeking (659ms)
  ✓   89 [desktop] › e2e/trailer.spec.ts:70:1 › media failure disables seek and keeps chapter selection usable (671ms)
  ✓   90 [desktop] › e2e/trailer.spec.ts:84:1 › old playback rejection cannot overwrite a newly selected chapter (406ms)
  ✓   91 [desktop] › e2e/trailer.spec.ts:101:1 › chapter advancement plays the next film and completion returns to paused (642ms)
  ✓   92 [desktop] › e2e/trailer.spec.ts:124:1 › descriptions toggle, and mute only where a cut has sound (712ms)
  ✓   93 [mobile] › e2e/accessibility.spec.ts:28:5 › light accessibility and layout: / (1.5s)
  ✓   94 [mobile] › e2e/accessibility.spec.ts:28:5 › light accessibility and layout: /docs (1.2s)
  ✓   95 [mobile] › e2e/accessibility.spec.ts:28:5 › light accessibility and layout: /research (918ms)
  ✓   96 [mobile] › e2e/accessibility.spec.ts:28:5 › light accessibility and layout: /developers (839ms)
  ✓   97 [mobile] › e2e/accessibility.spec.ts:28:5 › light accessibility and layout: /showcase (964ms)
  ✓   98 [mobile] › e2e/accessibility.spec.ts:28:5 › light accessibility and layout: /services (745ms)
  ✓   99 [mobile] › e2e/accessibility.spec.ts:28:5 › light accessibility and layout: /contact (1.4s)
  ✓  100 [mobile] › e2e/accessibility.spec.ts:28:5 › light accessibility and layout: /platform (804ms)
  ✓  101 [mobile] › e2e/accessibility.spec.ts:28:5 › light accessibility and layout: /products (839ms)
  ✓  102 [mobile] › e2e/accessibility.spec.ts:28:5 › light accessibility and layout: /apps (896ms)
  ✓  103 [mobile] › e2e/accessibility.spec.ts:28:5 › light accessibility and layout: /company (739ms)
  ✓  104 [mobile] › e2e/accessibility.spec.ts:54:3 › light search dialog accessibility and keyboard focus (1.0s)
  ✓  105 [mobile] › e2e/accessibility.spec.ts:28:5 › dark accessibility and layout: / (1.2s)
  ✓  106 [mobile] › e2e/accessibility.spec.ts:28:5 › dark accessibility and layout: /docs (1.2s)
  ✓  107 [mobile] › e2e/accessibility.spec.ts:28:5 › dark accessibility and layout: /research (1.0s)
  ✓  108 [mobile] › e2e/accessibility.spec.ts:28:5 › dark accessibility and layout: /developers (867ms)
  ✓  109 [mobile] › e2e/accessibility.spec.ts:28:5 › dark accessibility and layout: /showcase (1.0s)
  ✓  110 [mobile] › e2e/accessibility.spec.ts:28:5 › dark accessibility and layout: /services (897ms)
  ✓  111 [mobile] › e2e/accessibility.spec.ts:28:5 › dark accessibility and layout: /contact (1.5s)
  ✓  112 [mobile] › e2e/accessibility.spec.ts:28:5 › dark accessibility and layout: /platform (790ms)
  ✓  113 [mobile] › e2e/accessibility.spec.ts:28:5 › dark accessibility and layout: /products (810ms)
  ✓  114 [mobile] › e2e/accessibility.spec.ts:28:5 › dark accessibility and layout: /apps (776ms)
  ✓  115 [mobile] › e2e/accessibility.spec.ts:28:5 › dark accessibility and layout: /company (709ms)
  ✓  116 [mobile] › e2e/accessibility.spec.ts:54:3 › dark search dialog accessibility and keyboard focus (1.2s)
  ✓  117 [mobile] › e2e/accessibility.spec.ts:76:1 › search and cinematic modules stay off the initial home request path (544ms)
  ✓  118 [mobile] › e2e/controls.spec.ts:3:1 › mobile menu releases focus and scroll when resized to desktop (559ms)
  ✓  119 [mobile] › e2e/controls.spec.ts:27:3 › failed search-panel retries locally without losing the page (1.4s)
  ✓  120 [mobile] › e2e/controls.spec.ts:27:3 › failed search-catalog retries locally without losing the page (1.5s)
  ✓  121 [mobile] › e2e/controls.spec.ts:41:1 › shortcut leaves editable content alone and search supports keyboard navigation (1.1s)
  ✓  122 [mobile] › e2e/discovery.spec.ts:10:1 › search filters, clears, and navigates to a reference anchor (852ms)
  ✓  123 [mobile] › e2e/discovery.spec.ts:30:1 › search retains architecture query and external source semantics (1.2s)
  ✓  124 [mobile] › e2e/github.spec.ts:3:1 › optional outages preserve repositories and retry restores all panels (1.1s)
  ✓  125 [mobile] › e2e/github.spec.ts:37:1 › total outage leaves curated source links and filters usable (1.0s)
  ✓  126 [mobile] › e2e/github.spec.ts:48:1 › total outage falls back to the build-time snapshot, labelled as such (989ms)
  ✓  127 [mobile] › e2e/narrated-films.spec.ts:4:1 › the six exported films load on intent with captions and working downloads (1.7s)
  ✓  128 [mobile] › e2e/narrated-films.spec.ts:51:1 › a failed export keeps transcript access and can reset its player (345ms)
  ✓  129 [mobile] › e2e/public-journey.spec.ts:3:1 › home client actions and service inquiry context work by keyboard (450ms)
  ✓  130 [mobile] › e2e/public-journey.spec.ts:44:1 › the neural opening respects reduced motion and exposes source-based builder paths (233ms)
  ✓  131 [mobile] › e2e/public-journey.spec.ts:68:1 › static drafts, accepted receipts and legacy copies keep their delivery labels (935ms)
  ✓  132 [mobile] › e2e/public-journey.spec.ts:97:1 › failed submission preserves the complete editable form (268ms)
  ✓  133 [mobile] › e2e/public-journey.spec.ts:116:1 › services and contact stay discoverable in desktop and mobile navigation (319ms)
  ✓  134 [mobile] › e2e/public-journey.spec.ts:136:1 › platform evidence table can be reached and scrolled by keyboard (291ms)
  ✓  135 [mobile] › e2e/rooms.spec.ts:8:1 › a room under reduced motion starts on Play and advances (1.8s)
  ✓  136 [mobile] › e2e/rooms.spec.ts:23:1 › the transcript carries the whole narration without starting playback (979ms)
  ✓  137 [mobile] › e2e/rooms.spec.ts:32:1 › Space on the transcript toggle opens it without starting the film (951ms)
  ✓  138 [mobile] › e2e/rooms.spec.ts:46:1 › a completed film holds its final frame and Play deliberately replays it (2.8s)
  ✓  139 [mobile] › e2e/rooms.spec.ts:113:1 › Play without voice replays a film restored at its end (1.9s)
  ✓  140 [mobile] › e2e/rooms.spec.ts:128:1 › Return to start clears a preview while the pointer remains on the scrubber (1.0s)
  ✓  141 [mobile] › e2e/rooms.spec.ts:147:3 › film: complete silent lifecycle, keyboard transcript and navigation cleanup (2.3s)
  ✓  142 [mobile] › e2e/rooms.spec.ts:238:3 › film: voice is explicit and a failed loader leaves usable captions (4.0s)
  ✓  143 [mobile] › e2e/rooms.spec.ts:147:3 › trailer: complete silent lifecycle, keyboard transcript and navigation cleanup (2.4s)
  ✓  144 [mobile] › e2e/rooms.spec.ts:238:3 › trailer: voice is explicit and a failed loader leaves usable captions (4.1s)
  ✓  145 [mobile] › e2e/rooms.spec.ts:147:3 › abbey: complete silent lifecycle, keyboard transcript and navigation cleanup (2.3s)
  ✓  146 [mobile] › e2e/rooms.spec.ts:238:3 › abbey: voice is explicit and a failed loader leaves usable captions (4.0s)
  ✓  147 [mobile] › e2e/rooms.spec.ts:147:3 › explainer: complete silent lifecycle, keyboard transcript and navigation cleanup (2.4s)
  ✓  148 [mobile] › e2e/rooms.spec.ts:238:3 › explainer: voice is explicit and a failed loader leaves usable captions (4.1s)
  ✓  149 [mobile] › e2e/rooms.spec.ts:147:3 › mega: complete silent lifecycle, keyboard transcript and navigation cleanup (2.5s)
  ✓  150 [mobile] › e2e/rooms.spec.ts:238:3 › mega: voice is explicit and a failed loader leaves usable captions (4.1s)
  ✓  151 [mobile] › e2e/rooms.spec.ts:147:3 › design: complete silent lifecycle, keyboard transcript and navigation cleanup (2.5s)
  ✓  152 [mobile] › e2e/rooms.spec.ts:238:3 › design: voice is explicit and a failed loader leaves usable captions (4.1s)
  ✓  153 [mobile] › e2e/rooms.spec.ts:276:1 › Design walkthrough seeks across all eight real boards and preserves Explore (1.7s)
  ✓  154 [mobile] › e2e/trailer.spec.ts:15:1 › rejected playback stays paused and can be retried (352ms)
  ✓  155 [mobile] › e2e/trailer.spec.ts:39:1 › manual chapter selection cancels pending advancement and guards seeking (629ms)
  ✓  156 [mobile] › e2e/trailer.spec.ts:70:1 › media failure disables seek and keeps chapter selection usable (602ms)
  ✓  157 [mobile] › e2e/trailer.spec.ts:84:1 › old playback rejection cannot overwrite a newly selected chapter (353ms)
  ✓  158 [mobile] › e2e/trailer.spec.ts:101:1 › chapter advancement plays the next film and completion returns to paused (648ms)
  ✓  159 [mobile] › e2e/trailer.spec.ts:124:1 › descriptions toggle, and mute only where a cut has sound (604ms)
  ✓  160 [short-mobile] › e2e/accessibility.spec.ts:28:5 › light accessibility and layout: / (1.3s)
  ✓  161 [short-mobile] › e2e/accessibility.spec.ts:28:5 › light accessibility and layout: /docs (1.2s)
  ✓  162 [short-mobile] › e2e/accessibility.spec.ts:28:5 › light accessibility and layout: /research (948ms)
  ✓  163 [short-mobile] › e2e/accessibility.spec.ts:28:5 › light accessibility and layout: /developers (812ms)
  ✓  164 [short-mobile] › e2e/accessibility.spec.ts:28:5 › light accessibility and layout: /showcase (947ms)
  ✓  165 [short-mobile] › e2e/accessibility.spec.ts:28:5 › light accessibility and layout: /services (736ms)
  ✓  166 [short-mobile] › e2e/accessibility.spec.ts:28:5 › light accessibility and layout: /contact (1.5s)
  ✓  167 [short-mobile] › e2e/accessibility.spec.ts:28:5 › light accessibility and layout: /platform (781ms)
  ✓  168 [short-mobile] › e2e/accessibility.spec.ts:28:5 › light accessibility and layout: /products (970ms)
  ✓  169 [short-mobile] › e2e/accessibility.spec.ts:28:5 › light accessibility and layout: /apps (627ms)
  ✓  170 [short-mobile] › e2e/accessibility.spec.ts:28:5 › light accessibility and layout: /company (605ms)
  ✓  171 [short-mobile] › e2e/accessibility.spec.ts:54:3 › light search dialog accessibility and keyboard focus (895ms)
  ✓  172 [short-mobile] › e2e/accessibility.spec.ts:28:5 › dark accessibility and layout: / (825ms)
  ✓  173 [short-mobile] › e2e/accessibility.spec.ts:28:5 › dark accessibility and layout: /docs (1.1s)
  ✓  174 [short-mobile] › e2e/accessibility.spec.ts:28:5 › dark accessibility and layout: /research (846ms)
  ✓  175 [short-mobile] › e2e/accessibility.spec.ts:28:5 › dark accessibility and layout: /developers (772ms)
  ✓  176 [short-mobile] › e2e/accessibility.spec.ts:28:5 › dark accessibility and layout: /showcase (1.0s)
  ✓  177 [short-mobile] › e2e/accessibility.spec.ts:28:5 › dark accessibility and layout: /services (706ms)
  ✓  178 [short-mobile] › e2e/accessibility.spec.ts:28:5 › dark accessibility and layout: /contact (1.4s)
  ✓  179 [short-mobile] › e2e/accessibility.spec.ts:28:5 › dark accessibility and layout: /platform (723ms)
  ✓  180 [short-mobile] › e2e/accessibility.spec.ts:28:5 › dark accessibility and layout: /products (536ms)
  ✓  181 [short-mobile] › e2e/accessibility.spec.ts:28:5 › dark accessibility and layout: /apps (587ms)
  ✓  182 [short-mobile] › e2e/accessibility.spec.ts:28:5 › dark accessibility and layout: /company (658ms)
  ✓  183 [short-mobile] › e2e/accessibility.spec.ts:54:3 › dark search dialog accessibility and keyboard focus (860ms)
  ✓  184 [short-mobile] › e2e/accessibility.spec.ts:76:1 › search and cinematic modules stay off the initial home request path (600ms)
  ✓  185 [short-mobile] › e2e/controls.spec.ts:3:1 › mobile menu releases focus and scroll when resized to desktop (575ms)
  ✓  186 [short-mobile] › e2e/controls.spec.ts:27:3 › failed search-panel retries locally without losing the page (1.4s)
  ✓  187 [short-mobile] › e2e/controls.spec.ts:27:3 › failed search-catalog retries locally without losing the page (1.4s)
  ✓  188 [short-mobile] › e2e/controls.spec.ts:41:1 › shortcut leaves editable content alone and search supports keyboard navigation (1.1s)
  ✓  189 [short-mobile] › e2e/discovery.spec.ts:10:1 › search filters, clears, and navigates to a reference anchor (787ms)
  ✓  190 [short-mobile] › e2e/discovery.spec.ts:30:1 › search retains architecture query and external source semantics (1.3s)
  ✓  191 [short-mobile] › e2e/github.spec.ts:3:1 › optional outages preserve repositories and retry restores all panels (1.1s)
  ✓  192 [short-mobile] › e2e/github.spec.ts:37:1 › total outage leaves curated source links and filters usable (979ms)
  ✓  193 [short-mobile] › e2e/github.spec.ts:48:1 › total outage falls back to the build-time snapshot, labelled as such (965ms)
  ✓  194 [short-mobile] › e2e/narrated-films.spec.ts:4:1 › the six exported films load on intent with captions and working downloads (1.6s)
  ✓  195 [short-mobile] › e2e/narrated-films.spec.ts:51:1 › a failed export keeps transcript access and can reset its player (340ms)
  ✓  196 [short-mobile] › e2e/public-journey.spec.ts:3:1 › home client actions and service inquiry context work by keyboard (430ms)
  ✓  197 [short-mobile] › e2e/public-journey.spec.ts:44:1 › the neural opening respects reduced motion and exposes source-based builder paths (228ms)
  ✓  198 [short-mobile] › e2e/public-journey.spec.ts:68:1 › static drafts, accepted receipts and legacy copies keep their delivery labels (928ms)
  ✓  199 [short-mobile] › e2e/public-journey.spec.ts:97:1 › failed submission preserves the complete editable form (264ms)
  ✓  200 [short-mobile] › e2e/public-journey.spec.ts:116:1 › services and contact stay discoverable in desktop and mobile navigation (343ms)
  ✓  201 [short-mobile] › e2e/public-journey.spec.ts:136:1 › platform evidence table can be reached and scrolled by keyboard (302ms)
  ✓  202 [short-mobile] › e2e/rooms.spec.ts:8:1 › a room under reduced motion starts on Play and advances (1.8s)
  ✓  203 [short-mobile] › e2e/rooms.spec.ts:23:1 › the transcript carries the whole narration without starting playback (981ms)
  ✓  204 [short-mobile] › e2e/rooms.spec.ts:32:1 › Space on the transcript toggle opens it without starting the film (1.1s)
  ✓  205 [short-mobile] › e2e/rooms.spec.ts:46:1 › a completed film holds its final frame and Play deliberately replays it (2.3s)
  ✓  206 [short-mobile] › e2e/rooms.spec.ts:113:1 › Play without voice replays a film restored at its end (1.9s)
  ✓  207 [short-mobile] › e2e/rooms.spec.ts:128:1 › Return to start clears a preview while the pointer remains on the scrubber (1.2s)
  ✓  208 [short-mobile] › e2e/rooms.spec.ts:147:3 › film: complete silent lifecycle, keyboard transcript and navigation cleanup (2.7s)
  ✓  209 [short-mobile] › e2e/rooms.spec.ts:238:3 › film: voice is explicit and a failed loader leaves usable captions (4.4s)
  ✓  210 [short-mobile] › e2e/rooms.spec.ts:147:3 › trailer: complete silent lifecycle, keyboard transcript and navigation cleanup (2.5s)
  ✓  211 [short-mobile] › e2e/rooms.spec.ts:238:3 › trailer: voice is explicit and a failed loader leaves usable captions (4.1s)
  ✓  212 [short-mobile] › e2e/rooms.spec.ts:147:3 › abbey: complete silent lifecycle, keyboard transcript and navigation cleanup (2.4s)
  ✓  213 [short-mobile] › e2e/rooms.spec.ts:238:3 › abbey: voice is explicit and a failed loader leaves usable captions (4.1s)
  ✓  214 [short-mobile] › e2e/rooms.spec.ts:147:3 › explainer: complete silent lifecycle, keyboard transcript and navigation cleanup (2.4s)
  ✓  215 [short-mobile] › e2e/rooms.spec.ts:238:3 › explainer: voice is explicit and a failed loader leaves usable captions (4.1s)
  ✓  216 [short-mobile] › e2e/rooms.spec.ts:147:3 › mega: complete silent lifecycle, keyboard transcript and navigation cleanup (2.6s)
  ✓  217 [short-mobile] › e2e/rooms.spec.ts:238:3 › mega: voice is explicit and a failed loader leaves usable captions (4.1s)
  ✓  218 [short-mobile] › e2e/rooms.spec.ts:147:3 › design: complete silent lifecycle, keyboard transcript and navigation cleanup (2.3s)
  ✓  219 [short-mobile] › e2e/rooms.spec.ts:238:3 › design: voice is explicit and a failed loader leaves usable captions (4.0s)
  ✓  220 [short-mobile] › e2e/rooms.spec.ts:276:1 › Design walkthrough seeks across all eight real boards and preserves Explore (1.4s)
  ✓  221 [short-mobile] › e2e/trailer.spec.ts:15:1 › rejected playback stays paused and can be retried (275ms)
  ✓  222 [short-mobile] › e2e/trailer.spec.ts:39:1 › manual chapter selection cancels pending advancement and guards seeking (611ms)
  ✓  223 [short-mobile] › e2e/trailer.spec.ts:70:1 › media failure disables seek and keeps chapter selection usable (1.0s)
  ✓  224 [short-mobile] › e2e/trailer.spec.ts:84:1 › old playback rejection cannot overwrite a newly selected chapter (280ms)
  ✓  225 [short-mobile] › e2e/trailer.spec.ts:101:1 › chapter advancement plays the next film and completion returns to paused (532ms)
  ✓  226 [short-mobile] › e2e/trailer.spec.ts:124:1 › descriptions toggle, and mute only where a cut has sound (649ms)

  226 passed (5.1m)
