$ playwright test

Running 226 tests using 1 worker

  ✓    1 [desktop-200-percent] › e2e/accessibility.spec.ts:28:5 › light accessibility and layout: / (2.1s)
  ✓    2 [desktop-200-percent] › e2e/accessibility.spec.ts:28:5 › light accessibility and layout: /docs (1.8s)
  ✓    3 [desktop-200-percent] › e2e/accessibility.spec.ts:28:5 › light accessibility and layout: /research (1.4s)
  ✓    4 [desktop-200-percent] › e2e/accessibility.spec.ts:28:5 › light accessibility and layout: /developers (958ms)
  ✓    5 [desktop-200-percent] › e2e/accessibility.spec.ts:28:5 › light accessibility and layout: /showcase (1.3s)
  ✓    6 [desktop-200-percent] › e2e/accessibility.spec.ts:28:5 › light accessibility and layout: /services (828ms)
  ✓    7 [desktop-200-percent] › e2e/accessibility.spec.ts:28:5 › light accessibility and layout: /contact (1.4s)
  ✓    8 [desktop-200-percent] › e2e/accessibility.spec.ts:28:5 › light accessibility and layout: /platform (974ms)
  ✓    9 [desktop-200-percent] › e2e/accessibility.spec.ts:28:5 › light accessibility and layout: /products (581ms)
  ✓   10 [desktop-200-percent] › e2e/accessibility.spec.ts:28:5 › light accessibility and layout: /apps (638ms)
  ✓   11 [desktop-200-percent] › e2e/accessibility.spec.ts:28:5 › light accessibility and layout: /company (796ms)
  ✓   12 [desktop-200-percent] › e2e/accessibility.spec.ts:54:3 › light search dialog accessibility and keyboard focus (854ms)
  ✓   13 [desktop-200-percent] › e2e/accessibility.spec.ts:28:5 › dark accessibility and layout: / (1.2s)
  ✓   14 [desktop-200-percent] › e2e/accessibility.spec.ts:28:5 › dark accessibility and layout: /docs (1.3s)
  ✓   15 [desktop-200-percent] › e2e/accessibility.spec.ts:28:5 › dark accessibility and layout: /research (1.2s)
  ✓   16 [desktop-200-percent] › e2e/accessibility.spec.ts:28:5 › dark accessibility and layout: /developers (1.3s)
  ✓   17 [desktop-200-percent] › e2e/accessibility.spec.ts:28:5 › dark accessibility and layout: /showcase (1.6s)
  ✓   18 [desktop-200-percent] › e2e/accessibility.spec.ts:28:5 › dark accessibility and layout: /services (948ms)
  ✓   19 [desktop-200-percent] › e2e/accessibility.spec.ts:28:5 › dark accessibility and layout: /contact (1.6s)
  ✓   20 [desktop-200-percent] › e2e/accessibility.spec.ts:28:5 › dark accessibility and layout: /platform (1.2s)
  ✓   21 [desktop-200-percent] › e2e/accessibility.spec.ts:28:5 › dark accessibility and layout: /products (782ms)
  ✓   22 [desktop-200-percent] › e2e/accessibility.spec.ts:28:5 › dark accessibility and layout: /apps (997ms)
  ✓   23 [desktop-200-percent] › e2e/accessibility.spec.ts:28:5 › dark accessibility and layout: /company (1.1s)
  ✓   24 [desktop-200-percent] › e2e/accessibility.spec.ts:54:3 › dark search dialog accessibility and keyboard focus (912ms)
  ✓   25 [desktop-200-percent] › e2e/accessibility.spec.ts:76:1 › search and cinematic modules stay off the initial home request path (1.1s)
  ✓   26 [desktop] › e2e/accessibility.spec.ts:28:5 › light accessibility and layout: / (1.2s)
  ✓   27 [desktop] › e2e/accessibility.spec.ts:28:5 › light accessibility and layout: /docs (1.3s)
  ✓   28 [desktop] › e2e/accessibility.spec.ts:28:5 › light accessibility and layout: /research (988ms)
  ✓   29 [desktop] › e2e/accessibility.spec.ts:28:5 › light accessibility and layout: /developers (820ms)
  ✓   30 [desktop] › e2e/accessibility.spec.ts:28:5 › light accessibility and layout: /showcase (1.1s)
  ✓   31 [desktop] › e2e/accessibility.spec.ts:28:5 › light accessibility and layout: /services (703ms)
  ✓   32 [desktop] › e2e/accessibility.spec.ts:28:5 › light accessibility and layout: /contact (1.4s)
  ✓   33 [desktop] › e2e/accessibility.spec.ts:28:5 › light accessibility and layout: /platform (844ms)
  ✓   34 [desktop] › e2e/accessibility.spec.ts:28:5 › light accessibility and layout: /products (546ms)
  ✓   35 [desktop] › e2e/accessibility.spec.ts:28:5 › light accessibility and layout: /apps (633ms)
  ✓   36 [desktop] › e2e/accessibility.spec.ts:28:5 › light accessibility and layout: /company (692ms)
  ✓   37 [desktop] › e2e/accessibility.spec.ts:54:3 › light search dialog accessibility and keyboard focus (873ms)
  ✓   38 [desktop] › e2e/accessibility.spec.ts:28:5 › dark accessibility and layout: / (876ms)
  ✓   39 [desktop] › e2e/accessibility.spec.ts:28:5 › dark accessibility and layout: /docs (1.1s)
  ✓   40 [desktop] › e2e/accessibility.spec.ts:28:5 › dark accessibility and layout: /research (953ms)
  ✓   41 [desktop] › e2e/accessibility.spec.ts:28:5 › dark accessibility and layout: /developers (857ms)
  ✓   42 [desktop] › e2e/accessibility.spec.ts:28:5 › dark accessibility and layout: /showcase (1.1s)
  ✓   43 [desktop] › e2e/accessibility.spec.ts:28:5 › dark accessibility and layout: /services (724ms)
  ✓   44 [desktop] › e2e/accessibility.spec.ts:28:5 › dark accessibility and layout: /contact (947ms)
  ✓   45 [desktop] › e2e/accessibility.spec.ts:28:5 › dark accessibility and layout: /platform (833ms)
  ✓   46 [desktop] › e2e/accessibility.spec.ts:28:5 › dark accessibility and layout: /products (546ms)
  ✓   47 [desktop] › e2e/accessibility.spec.ts:28:5 › dark accessibility and layout: /apps (599ms)
  ✓   48 [desktop] › e2e/accessibility.spec.ts:28:5 › dark accessibility and layout: /company (695ms)
  ✓   49 [desktop] › e2e/accessibility.spec.ts:54:3 › dark search dialog accessibility and keyboard focus (1.0s)
  ✓   50 [desktop] › e2e/accessibility.spec.ts:76:1 › search and cinematic modules stay off the initial home request path (559ms)
  ✓   51 [desktop] › e2e/controls.spec.ts:3:1 › mobile menu releases focus and scroll when resized to desktop (485ms)
  ✓   52 [desktop] › e2e/controls.spec.ts:27:3 › failed search-panel retries locally without losing the page (1.5s)
  ✓   53 [desktop] › e2e/controls.spec.ts:27:3 › failed search-catalog retries locally without losing the page (1.4s)
  ✓   54 [desktop] › e2e/controls.spec.ts:41:1 › shortcut leaves editable content alone and search supports keyboard navigation (1.1s)
  ✓   55 [desktop] › e2e/discovery.spec.ts:10:1 › search filters, clears, and navigates to a reference anchor (896ms)
  ✓   56 [desktop] › e2e/discovery.spec.ts:30:1 › search retains architecture query and external source semantics (1.3s)
  ✓   57 [desktop] › e2e/github.spec.ts:3:1 › optional outages preserve repositories and retry restores all panels (1.1s)
  ✓   58 [desktop] › e2e/github.spec.ts:37:1 › total outage leaves curated source links and filters usable (1.0s)
  ✓   59 [desktop] › e2e/github.spec.ts:48:1 › total outage falls back to the build-time snapshot, labelled as such (1.0s)
  ✓   60 [desktop] › e2e/narrated-films.spec.ts:4:1 › the six exported films load on intent with captions and working downloads (1.7s)
  ✓   61 [desktop] › e2e/narrated-films.spec.ts:51:1 › a failed export keeps transcript access and can reset its player (395ms)
  ✓   62 [desktop] › e2e/public-journey.spec.ts:3:1 › home client actions and service inquiry context work by keyboard (494ms)
  ✓   63 [desktop] › e2e/public-journey.spec.ts:44:1 › the neural opening respects reduced motion and exposes source-based builder paths (286ms)
  ✓   64 [desktop] › e2e/public-journey.spec.ts:68:1 › static drafts, accepted receipts and legacy copies keep their delivery labels (960ms)
  ✓   65 [desktop] › e2e/public-journey.spec.ts:97:1 › failed submission preserves the complete editable form (313ms)
  ✓   66 [desktop] › e2e/public-journey.spec.ts:116:1 › services and contact stay discoverable in desktop and mobile navigation (287ms)
  ✓   67 [desktop] › e2e/public-journey.spec.ts:136:1 › platform evidence table can be reached and scrolled by keyboard (171ms)
  ✓   68 [desktop] › e2e/rooms.spec.ts:8:1 › a room under reduced motion starts on Play and advances (1.9s)
  ✓   69 [desktop] › e2e/rooms.spec.ts:23:1 › the transcript carries the whole narration without starting playback (1.0s)
  ✓   70 [desktop] › e2e/rooms.spec.ts:32:1 › Space on the transcript toggle opens it without starting the film (993ms)
  ✓   71 [desktop] › e2e/rooms.spec.ts:46:1 › a completed film holds its final frame and Play deliberately replays it (2.3s)
  ✓   72 [desktop] › e2e/rooms.spec.ts:113:1 › Play without voice replays a film restored at its end (2.0s)
  ✓   73 [desktop] › e2e/rooms.spec.ts:128:1 › Return to start clears a preview while the pointer remains on the scrubber (1.1s)
  ✓   74 [desktop] › e2e/rooms.spec.ts:147:3 › film: complete silent lifecycle, keyboard transcript and navigation cleanup (2.6s)
  ✓   75 [desktop] › e2e/rooms.spec.ts:238:3 › film: voice is explicit and a failed loader leaves usable captions (4.3s)
  ✓   76 [desktop] › e2e/rooms.spec.ts:147:3 › trailer: complete silent lifecycle, keyboard transcript and navigation cleanup (2.5s)
  ✓   77 [desktop] › e2e/rooms.spec.ts:238:3 › trailer: voice is explicit and a failed loader leaves usable captions (4.1s)
  ✓   78 [desktop] › e2e/rooms.spec.ts:147:3 › abbey: complete silent lifecycle, keyboard transcript and navigation cleanup (2.6s)
  ✓   79 [desktop] › e2e/rooms.spec.ts:238:3 › abbey: voice is explicit and a failed loader leaves usable captions (4.1s)
  ✓   80 [desktop] › e2e/rooms.spec.ts:147:3 › explainer: complete silent lifecycle, keyboard transcript and navigation cleanup (2.6s)
  ✓   81 [desktop] › e2e/rooms.spec.ts:238:3 › explainer: voice is explicit and a failed loader leaves usable captions (4.2s)
  ✓   82 [desktop] › e2e/rooms.spec.ts:147:3 › mega: complete silent lifecycle, keyboard transcript and navigation cleanup (2.5s)
  ✓   83 [desktop] › e2e/rooms.spec.ts:238:3 › mega: voice is explicit and a failed loader leaves usable captions (4.4s)
  ✓   84 [desktop] › e2e/rooms.spec.ts:147:3 › design: complete silent lifecycle, keyboard transcript and navigation cleanup (2.5s)
  ✓   85 [desktop] › e2e/rooms.spec.ts:238:3 › design: voice is explicit and a failed loader leaves usable captions (4.3s)
  ✓   86 [desktop] › e2e/rooms.spec.ts:276:1 › Design walkthrough seeks across all eight real boards and preserves Explore (1.6s)
  ✓   87 [desktop] › e2e/trailer.spec.ts:15:1 › rejected playback stays paused and can be retried (345ms)
  ✓   88 [desktop] › e2e/trailer.spec.ts:39:1 › manual chapter selection cancels pending advancement and guards seeking (634ms)
  ✓   89 [desktop] › e2e/trailer.spec.ts:70:1 › media failure disables seek and keeps chapter selection usable (625ms)
  ✓   90 [desktop] › e2e/trailer.spec.ts:84:1 › old playback rejection cannot overwrite a newly selected chapter (348ms)
  ✓   91 [desktop] › e2e/trailer.spec.ts:101:1 › chapter advancement plays the next film and completion returns to paused (610ms)
  ✓   92 [desktop] › e2e/trailer.spec.ts:124:1 › descriptions toggle, and mute only where a cut has sound (633ms)
  ✓   93 [mobile] › e2e/accessibility.spec.ts:28:5 › light accessibility and layout: / (1.2s)
  ✓   94 [mobile] › e2e/accessibility.spec.ts:28:5 › light accessibility and layout: /docs (1.0s)
  ✓   95 [mobile] › e2e/accessibility.spec.ts:28:5 › light accessibility and layout: /research (864ms)
  ✓   96 [mobile] › e2e/accessibility.spec.ts:28:5 › light accessibility and layout: /developers (828ms)
  ✓   97 [mobile] › e2e/accessibility.spec.ts:28:5 › light accessibility and layout: /showcase (939ms)
  ✓   98 [mobile] › e2e/accessibility.spec.ts:28:5 › light accessibility and layout: /services (750ms)
  ✓   99 [mobile] › e2e/accessibility.spec.ts:28:5 › light accessibility and layout: /contact (1.5s)
  ✓  100 [mobile] › e2e/accessibility.spec.ts:28:5 › light accessibility and layout: /platform (902ms)
  ✓  101 [mobile] › e2e/accessibility.spec.ts:28:5 › light accessibility and layout: /products (793ms)
  ✓  102 [mobile] › e2e/accessibility.spec.ts:28:5 › light accessibility and layout: /apps (747ms)
  ✓  103 [mobile] › e2e/accessibility.spec.ts:28:5 › light accessibility and layout: /company (781ms)
  ✓  104 [mobile] › e2e/accessibility.spec.ts:54:3 › light search dialog accessibility and keyboard focus (944ms)
  ✓  105 [mobile] › e2e/accessibility.spec.ts:28:5 › dark accessibility and layout: / (897ms)
  ✓  106 [mobile] › e2e/accessibility.spec.ts:28:5 › dark accessibility and layout: /docs (1.1s)
  ✓  107 [mobile] › e2e/accessibility.spec.ts:28:5 › dark accessibility and layout: /research (1.1s)
  ✓  108 [mobile] › e2e/accessibility.spec.ts:28:5 › dark accessibility and layout: /developers (856ms)
  ✓  109 [mobile] › e2e/accessibility.spec.ts:28:5 › dark accessibility and layout: /showcase (904ms)
  ✓  110 [mobile] › e2e/accessibility.spec.ts:28:5 › dark accessibility and layout: /services (629ms)
  ✓  111 [mobile] › e2e/accessibility.spec.ts:28:5 › dark accessibility and layout: /contact (943ms)
  ✓  112 [mobile] › e2e/accessibility.spec.ts:28:5 › dark accessibility and layout: /platform (766ms)
  ✓  113 [mobile] › e2e/accessibility.spec.ts:28:5 › dark accessibility and layout: /products (564ms)
  ✓  114 [mobile] › e2e/accessibility.spec.ts:28:5 › dark accessibility and layout: /apps (607ms)
  ✓  115 [mobile] › e2e/accessibility.spec.ts:28:5 › dark accessibility and layout: /company (732ms)
  ✓  116 [mobile] › e2e/accessibility.spec.ts:54:3 › dark search dialog accessibility and keyboard focus (1.1s)
  ✓  117 [mobile] › e2e/accessibility.spec.ts:76:1 › search and cinematic modules stay off the initial home request path (615ms)
  ✓  118 [mobile] › e2e/controls.spec.ts:3:1 › mobile menu releases focus and scroll when resized to desktop (559ms)
  ✓  119 [mobile] › e2e/controls.spec.ts:27:3 › failed search-panel retries locally without losing the page (1.5s)
  ✓  120 [mobile] › e2e/controls.spec.ts:27:3 › failed search-catalog retries locally without losing the page (1.4s)
  ✓  121 [mobile] › e2e/controls.spec.ts:41:1 › shortcut leaves editable content alone and search supports keyboard navigation (1.0s)
  ✓  122 [mobile] › e2e/discovery.spec.ts:10:1 › search filters, clears, and navigates to a reference anchor (807ms)
  ✓  123 [mobile] › e2e/discovery.spec.ts:30:1 › search retains architecture query and external source semantics (1.8s)
  ✓  124 [mobile] › e2e/github.spec.ts:3:1 › optional outages preserve repositories and retry restores all panels (1.1s)
  ✓  125 [mobile] › e2e/github.spec.ts:37:1 › total outage leaves curated source links and filters usable (1.0s)
  ✓  126 [mobile] › e2e/github.spec.ts:48:1 › total outage falls back to the build-time snapshot, labelled as such (992ms)
  ✓  127 [mobile] › e2e/narrated-films.spec.ts:4:1 › the six exported films load on intent with captions and working downloads (1.6s)
  ✓  128 [mobile] › e2e/narrated-films.spec.ts:51:1 › a failed export keeps transcript access and can reset its player (428ms)
  ✓  129 [mobile] › e2e/public-journey.spec.ts:3:1 › home client actions and service inquiry context work by keyboard (412ms)
  ✓  130 [mobile] › e2e/public-journey.spec.ts:44:1 › the neural opening respects reduced motion and exposes source-based builder paths (213ms)
  ✓  131 [mobile] › e2e/public-journey.spec.ts:68:1 › static drafts, accepted receipts and legacy copies keep their delivery labels (936ms)
  ✓  132 [mobile] › e2e/public-journey.spec.ts:97:1 › failed submission preserves the complete editable form (262ms)
  ✓  133 [mobile] › e2e/public-journey.spec.ts:116:1 › services and contact stay discoverable in desktop and mobile navigation (315ms)
  ✓  134 [mobile] › e2e/public-journey.spec.ts:136:1 › platform evidence table can be reached and scrolled by keyboard (347ms)
  ✓  135 [mobile] › e2e/rooms.spec.ts:8:1 › a room under reduced motion starts on Play and advances (1.9s)
  ✓  136 [mobile] › e2e/rooms.spec.ts:23:1 › the transcript carries the whole narration without starting playback (986ms)
  ✓  137 [mobile] › e2e/rooms.spec.ts:32:1 › Space on the transcript toggle opens it without starting the film (953ms)
  ✓  138 [mobile] › e2e/rooms.spec.ts:46:1 › a completed film holds its final frame and Play deliberately replays it (2.7s)
  ✓  139 [mobile] › e2e/rooms.spec.ts:113:1 › Play without voice replays a film restored at its end (1.8s)
  ✓  140 [mobile] › e2e/rooms.spec.ts:128:1 › Return to start clears a preview while the pointer remains on the scrubber (1.0s)
  ✓  141 [mobile] › e2e/rooms.spec.ts:147:3 › film: complete silent lifecycle, keyboard transcript and navigation cleanup (2.4s)
  ✓  142 [mobile] › e2e/rooms.spec.ts:238:3 › film: voice is explicit and a failed loader leaves usable captions (4.0s)
  ✓  143 [mobile] › e2e/rooms.spec.ts:147:3 › trailer: complete silent lifecycle, keyboard transcript and navigation cleanup (2.4s)
  ✓  144 [mobile] › e2e/rooms.spec.ts:238:3 › trailer: voice is explicit and a failed loader leaves usable captions (4.1s)
  ✓  145 [mobile] › e2e/rooms.spec.ts:147:3 › abbey: complete silent lifecycle, keyboard transcript and navigation cleanup (2.3s)
  ✓  146 [mobile] › e2e/rooms.spec.ts:238:3 › abbey: voice is explicit and a failed loader leaves usable captions (4.0s)
  ✓  147 [mobile] › e2e/rooms.spec.ts:147:3 › explainer: complete silent lifecycle, keyboard transcript and navigation cleanup (2.4s)
  ✓  148 [mobile] › e2e/rooms.spec.ts:238:3 › explainer: voice is explicit and a failed loader leaves usable captions (4.0s)
  ✓  149 [mobile] › e2e/rooms.spec.ts:147:3 › mega: complete silent lifecycle, keyboard transcript and navigation cleanup (2.4s)
  ✓  150 [mobile] › e2e/rooms.spec.ts:238:3 › mega: voice is explicit and a failed loader leaves usable captions (4.0s)
  ✓  151 [mobile] › e2e/rooms.spec.ts:147:3 › design: complete silent lifecycle, keyboard transcript and navigation cleanup (2.3s)
  ✓  152 [mobile] › e2e/rooms.spec.ts:238:3 › design: voice is explicit and a failed loader leaves usable captions (4.1s)
  ✓  153 [mobile] › e2e/rooms.spec.ts:276:1 › Design walkthrough seeks across all eight real boards and preserves Explore (1.6s)
  ✓  154 [mobile] › e2e/trailer.spec.ts:15:1 › rejected playback stays paused and can be retried (410ms)
  ✓  155 [mobile] › e2e/trailer.spec.ts:39:1 › manual chapter selection cancels pending advancement and guards seeking (637ms)
  ✓  156 [mobile] › e2e/trailer.spec.ts:70:1 › media failure disables seek and keeps chapter selection usable (632ms)
  ✓  157 [mobile] › e2e/trailer.spec.ts:84:1 › old playback rejection cannot overwrite a newly selected chapter (297ms)
  ✓  158 [mobile] › e2e/trailer.spec.ts:101:1 › chapter advancement plays the next film and completion returns to paused (622ms)
  ✓  159 [mobile] › e2e/trailer.spec.ts:124:1 › descriptions toggle, and mute only where a cut has sound (581ms)
  ✓  160 [short-mobile] › e2e/accessibility.spec.ts:28:5 › light accessibility and layout: / (1.0s)
  ✓  161 [short-mobile] › e2e/accessibility.spec.ts:28:5 › light accessibility and layout: /docs (1.2s)
  ✓  162 [short-mobile] › e2e/accessibility.spec.ts:28:5 › light accessibility and layout: /research (846ms)
  ✓  163 [short-mobile] › e2e/accessibility.spec.ts:28:5 › light accessibility and layout: /developers (745ms)
  ✓  164 [short-mobile] › e2e/accessibility.spec.ts:28:5 › light accessibility and layout: /showcase (865ms)
  ✓  165 [short-mobile] › e2e/accessibility.spec.ts:28:5 › light accessibility and layout: /services (633ms)
  ✓  166 [short-mobile] › e2e/accessibility.spec.ts:28:5 › light accessibility and layout: /contact (1.4s)
  ✓  167 [short-mobile] › e2e/accessibility.spec.ts:28:5 › light accessibility and layout: /platform (769ms)
  ✓  168 [short-mobile] › e2e/accessibility.spec.ts:28:5 › light accessibility and layout: /products (647ms)
  ✓  169 [short-mobile] › e2e/accessibility.spec.ts:28:5 › light accessibility and layout: /apps (600ms)
  ✓  170 [short-mobile] › e2e/accessibility.spec.ts:28:5 › light accessibility and layout: /company (604ms)
  ✓  171 [short-mobile] › e2e/accessibility.spec.ts:54:3 › light search dialog accessibility and keyboard focus (898ms)
  ✓  172 [short-mobile] › e2e/accessibility.spec.ts:28:5 › dark accessibility and layout: / (823ms)
  ✓  173 [short-mobile] › e2e/accessibility.spec.ts:28:5 › dark accessibility and layout: /docs (930ms)
  ✓  174 [short-mobile] › e2e/accessibility.spec.ts:28:5 › dark accessibility and layout: /research (788ms)
  ✓  175 [short-mobile] › e2e/accessibility.spec.ts:28:5 › dark accessibility and layout: /developers (745ms)
  ✓  176 [short-mobile] › e2e/accessibility.spec.ts:28:5 › dark accessibility and layout: /showcase (956ms)
  ✓  177 [short-mobile] › e2e/accessibility.spec.ts:28:5 › dark accessibility and layout: /services (656ms)
  ✓  178 [short-mobile] › e2e/accessibility.spec.ts:28:5 › dark accessibility and layout: /contact (1.4s)
  ✓  179 [short-mobile] › e2e/accessibility.spec.ts:28:5 › dark accessibility and layout: /platform (709ms)
  ✓  180 [short-mobile] › e2e/accessibility.spec.ts:28:5 › dark accessibility and layout: /products (553ms)
  ✓  181 [short-mobile] › e2e/accessibility.spec.ts:28:5 › dark accessibility and layout: /apps (647ms)
  ✓  182 [short-mobile] › e2e/accessibility.spec.ts:28:5 › dark accessibility and layout: /company (680ms)
  ✓  183 [short-mobile] › e2e/accessibility.spec.ts:54:3 › dark search dialog accessibility and keyboard focus (961ms)
  ✓  184 [short-mobile] › e2e/accessibility.spec.ts:76:1 › search and cinematic modules stay off the initial home request path (596ms)
  ✓  185 [short-mobile] › e2e/controls.spec.ts:3:1 › mobile menu releases focus and scroll when resized to desktop (827ms)
  ✓  186 [short-mobile] › e2e/controls.spec.ts:27:3 › failed search-panel retries locally without losing the page (1.5s)
  ✓  187 [short-mobile] › e2e/controls.spec.ts:27:3 › failed search-catalog retries locally without losing the page (993ms)
  ✓  188 [short-mobile] › e2e/controls.spec.ts:41:1 › shortcut leaves editable content alone and search supports keyboard navigation (618ms)
  ✓  189 [short-mobile] › e2e/discovery.spec.ts:10:1 › search filters, clears, and navigates to a reference anchor (901ms)
  ✓  190 [short-mobile] › e2e/discovery.spec.ts:30:1 › search retains architecture query and external source semantics (1.3s)
  ✓  191 [short-mobile] › e2e/github.spec.ts:3:1 › optional outages preserve repositories and retry restores all panels (1.1s)
  ✓  192 [short-mobile] › e2e/github.spec.ts:37:1 › total outage leaves curated source links and filters usable (974ms)
  ✓  193 [short-mobile] › e2e/github.spec.ts:48:1 › total outage falls back to the build-time snapshot, labelled as such (1.0s)
  ✓  194 [short-mobile] › e2e/narrated-films.spec.ts:4:1 › the six exported films load on intent with captions and working downloads (1.7s)
  ✓  195 [short-mobile] › e2e/narrated-films.spec.ts:51:1 › a failed export keeps transcript access and can reset its player (371ms)
  ✓  196 [short-mobile] › e2e/public-journey.spec.ts:3:1 › home client actions and service inquiry context work by keyboard (487ms)
  ✓  197 [short-mobile] › e2e/public-journey.spec.ts:44:1 › the neural opening respects reduced motion and exposes source-based builder paths (275ms)
  ✓  198 [short-mobile] › e2e/public-journey.spec.ts:68:1 › static drafts, accepted receipts and legacy copies keep their delivery labels (968ms)
  ✓  199 [short-mobile] › e2e/public-journey.spec.ts:97:1 › failed submission preserves the complete editable form (292ms)
  ✓  200 [short-mobile] › e2e/public-journey.spec.ts:116:1 › services and contact stay discoverable in desktop and mobile navigation (625ms)
  ✓  201 [short-mobile] › e2e/public-journey.spec.ts:136:1 › platform evidence table can be reached and scrolled by keyboard (243ms)
  ✓  202 [short-mobile] › e2e/rooms.spec.ts:8:1 › a room under reduced motion starts on Play and advances (1.9s)
  ✓  203 [short-mobile] › e2e/rooms.spec.ts:23:1 › the transcript carries the whole narration without starting playback (982ms)
  ✓  204 [short-mobile] › e2e/rooms.spec.ts:32:1 › Space on the transcript toggle opens it without starting the film (993ms)
  ✓  205 [short-mobile] › e2e/rooms.spec.ts:46:1 › a completed film holds its final frame and Play deliberately replays it (2.7s)
  ✓  206 [short-mobile] › e2e/rooms.spec.ts:113:1 › Play without voice replays a film restored at its end (2.0s)
  ✓  207 [short-mobile] › e2e/rooms.spec.ts:128:1 › Return to start clears a preview while the pointer remains on the scrubber (1.3s)
  ✓  208 [short-mobile] › e2e/rooms.spec.ts:147:3 › film: complete silent lifecycle, keyboard transcript and navigation cleanup (2.4s)
  ✓  209 [short-mobile] › e2e/rooms.spec.ts:238:3 › film: voice is explicit and a failed loader leaves usable captions (4.1s)
  ✓  210 [short-mobile] › e2e/rooms.spec.ts:147:3 › trailer: complete silent lifecycle, keyboard transcript and navigation cleanup (2.4s)
  ✓  211 [short-mobile] › e2e/rooms.spec.ts:238:3 › trailer: voice is explicit and a failed loader leaves usable captions (4.2s)
  ✓  212 [short-mobile] › e2e/rooms.spec.ts:147:3 › abbey: complete silent lifecycle, keyboard transcript and navigation cleanup (2.5s)
  ✓  213 [short-mobile] › e2e/rooms.spec.ts:238:3 › abbey: voice is explicit and a failed loader leaves usable captions (4.1s)
  ✓  214 [short-mobile] › e2e/rooms.spec.ts:147:3 › explainer: complete silent lifecycle, keyboard transcript and navigation cleanup (2.4s)
  ✓  215 [short-mobile] › e2e/rooms.spec.ts:238:3 › explainer: voice is explicit and a failed loader leaves usable captions (4.1s)
  ✓  216 [short-mobile] › e2e/rooms.spec.ts:147:3 › mega: complete silent lifecycle, keyboard transcript and navigation cleanup (2.5s)
  ✓  217 [short-mobile] › e2e/rooms.spec.ts:238:3 › mega: voice is explicit and a failed loader leaves usable captions (4.1s)
  ✓  218 [short-mobile] › e2e/rooms.spec.ts:147:3 › design: complete silent lifecycle, keyboard transcript and navigation cleanup (2.4s)
  ✓  219 [short-mobile] › e2e/rooms.spec.ts:238:3 › design: voice is explicit and a failed loader leaves usable captions (4.1s)
  ✓  220 [short-mobile] › e2e/rooms.spec.ts:276:1 › Design walkthrough seeks across all eight real boards and preserves Explore (1.5s)
  ✓  221 [short-mobile] › e2e/trailer.spec.ts:15:1 › rejected playback stays paused and can be retried (333ms)
  ✓  222 [short-mobile] › e2e/trailer.spec.ts:39:1 › manual chapter selection cancels pending advancement and guards seeking (604ms)
  ✓  223 [short-mobile] › e2e/trailer.spec.ts:70:1 › media failure disables seek and keeps chapter selection usable (546ms)
  ✓  224 [short-mobile] › e2e/trailer.spec.ts:84:1 › old playback rejection cannot overwrite a newly selected chapter (309ms)
  ✓  225 [short-mobile] › e2e/trailer.spec.ts:101:1 › chapter advancement plays the next film and completion returns to paused (570ms)
  ✓  226 [short-mobile] › e2e/trailer.spec.ts:124:1 › descriptions toggle, and mute only where a cut has sound (577ms)

  226 passed (5.1m)
