$ playwright test
[WebServer] (node:22635) Warning: The 'NO_COLOR' env is ignored due to the 'FORCE_COLOR' env being set.
[WebServer] (Use `node --trace-warnings ...` to show where the warning was created)

Running 226 tests using 1 worker

(node:23092) Warning: The 'NO_COLOR' env is ignored due to the 'FORCE_COLOR' env being set.
(Use `node --trace-warnings ...` to show where the warning was created)
  ✓    1 [desktop-200-percent] › e2e/accessibility.spec.ts:28:5 › light accessibility and layout: / (3.0s)
  ✓    2 [desktop-200-percent] › e2e/accessibility.spec.ts:28:5 › light accessibility and layout: /docs (2.1s)
  ✓    3 [desktop-200-percent] › e2e/accessibility.spec.ts:28:5 › light accessibility and layout: /research (1.8s)
  ✓    4 [desktop-200-percent] › e2e/accessibility.spec.ts:28:5 › light accessibility and layout: /developers (1.2s)
  ✘    5 [desktop-200-percent] › e2e/accessibility.spec.ts:28:5 › light accessibility and layout: /showcase (1.6s)
(node:24506) Warning: The 'NO_COLOR' env is ignored due to the 'FORCE_COLOR' env being set.
(Use `node --trace-warnings ...` to show where the warning was created)
  ✓    6 [desktop-200-percent] › e2e/accessibility.spec.ts:28:5 › light accessibility and layout: /services (1.3s)
  ✓    7 [desktop-200-percent] › e2e/accessibility.spec.ts:28:5 › light accessibility and layout: /contact (1.2s)
  ✓    8 [desktop-200-percent] › e2e/accessibility.spec.ts:28:5 › light accessibility and layout: /platform (1.7s)
  ✓    9 [desktop-200-percent] › e2e/accessibility.spec.ts:28:5 › light accessibility and layout: /products (839ms)
  ✓   10 [desktop-200-percent] › e2e/accessibility.spec.ts:28:5 › light accessibility and layout: /apps (916ms)
  ✓   11 [desktop-200-percent] › e2e/accessibility.spec.ts:28:5 › light accessibility and layout: /company (1.1s)
  ✓   12 [desktop-200-percent] › e2e/accessibility.spec.ts:54:3 › light search dialog accessibility and keyboard focus (1.1s)
  ✓   13 [desktop-200-percent] › e2e/accessibility.spec.ts:28:5 › dark accessibility and layout: / (1.5s)
  ✓   14 [desktop-200-percent] › e2e/accessibility.spec.ts:28:5 › dark accessibility and layout: /docs (1.8s)
  ✓   15 [desktop-200-percent] › e2e/accessibility.spec.ts:28:5 › dark accessibility and layout: /research (1.8s)
  ✓   16 [desktop-200-percent] › e2e/accessibility.spec.ts:28:5 › dark accessibility and layout: /developers (1.2s)
  ✘   17 [desktop-200-percent] › e2e/accessibility.spec.ts:28:5 › dark accessibility and layout: /showcase (1.3s)
(node:25130) Warning: The 'NO_COLOR' env is ignored due to the 'FORCE_COLOR' env being set.
(Use `node --trace-warnings ...` to show where the warning was created)
  ✓   18 [desktop-200-percent] › e2e/accessibility.spec.ts:28:5 › dark accessibility and layout: /services (1.3s)
  ✓   19 [desktop-200-percent] › e2e/accessibility.spec.ts:28:5 › dark accessibility and layout: /contact (1.1s)
  ✓   20 [desktop-200-percent] › e2e/accessibility.spec.ts:28:5 › dark accessibility and layout: /platform (1.2s)
  ✓   21 [desktop-200-percent] › e2e/accessibility.spec.ts:28:5 › dark accessibility and layout: /products (788ms)
  ✓   22 [desktop-200-percent] › e2e/accessibility.spec.ts:28:5 › dark accessibility and layout: /apps (803ms)
  ✓   23 [desktop-200-percent] › e2e/accessibility.spec.ts:28:5 › dark accessibility and layout: /company (973ms)
  ✓   24 [desktop-200-percent] › e2e/accessibility.spec.ts:54:3 › dark search dialog accessibility and keyboard focus (990ms)
  ✓   25 [desktop-200-percent] › e2e/accessibility.spec.ts:76:1 › search and cinematic modules stay off the initial home request path (615ms)
(node:25544) Warning: The 'NO_COLOR' env is ignored due to the 'FORCE_COLOR' env being set.
(Use `node --trace-warnings ...` to show where the warning was created)
  ✓   26 [desktop] › e2e/accessibility.spec.ts:28:5 › light accessibility and layout: / (1.3s)
  ✓   27 [desktop] › e2e/accessibility.spec.ts:28:5 › light accessibility and layout: /docs (1.6s)
  ✓   28 [desktop] › e2e/accessibility.spec.ts:28:5 › light accessibility and layout: /research (2.3s)
  ✓   29 [desktop] › e2e/accessibility.spec.ts:28:5 › light accessibility and layout: /developers (1.9s)
  ✘   30 [desktop] › e2e/accessibility.spec.ts:28:5 › light accessibility and layout: /showcase (2.1s)
(node:26938) Warning: The 'NO_COLOR' env is ignored due to the 'FORCE_COLOR' env being set.
(Use `node --trace-warnings ...` to show where the warning was created)
  ✓   31 [desktop] › e2e/accessibility.spec.ts:28:5 › light accessibility and layout: /services (999ms)
  ✓   32 [desktop] › e2e/accessibility.spec.ts:28:5 › light accessibility and layout: /contact (1.7s)
  ✓   33 [desktop] › e2e/accessibility.spec.ts:28:5 › light accessibility and layout: /platform (1.7s)
  ✓   34 [desktop] › e2e/accessibility.spec.ts:28:5 › light accessibility and layout: /products (1.1s)
  ✓   35 [desktop] › e2e/accessibility.spec.ts:28:5 › light accessibility and layout: /apps (1.1s)
  ✓   36 [desktop] › e2e/accessibility.spec.ts:28:5 › light accessibility and layout: /company (1.1s)
  ✓   37 [desktop] › e2e/accessibility.spec.ts:54:3 › light search dialog accessibility and keyboard focus (1.4s)
  ✓   38 [desktop] › e2e/accessibility.spec.ts:28:5 › dark accessibility and layout: / (1.7s)
  ✓   39 [desktop] › e2e/accessibility.spec.ts:28:5 › dark accessibility and layout: /docs (1.5s)
  ✓   40 [desktop] › e2e/accessibility.spec.ts:28:5 › dark accessibility and layout: /research (1.1s)
  ✓   41 [desktop] › e2e/accessibility.spec.ts:28:5 › dark accessibility and layout: /developers (964ms)
  ✘   42 [desktop] › e2e/accessibility.spec.ts:28:5 › dark accessibility and layout: /showcase (1.3s)
(node:28436) Warning: The 'NO_COLOR' env is ignored due to the 'FORCE_COLOR' env being set.
(Use `node --trace-warnings ...` to show where the warning was created)
  ✓   43 [desktop] › e2e/accessibility.spec.ts:28:5 › dark accessibility and layout: /services (1.1s)
  ✓   44 [desktop] › e2e/accessibility.spec.ts:28:5 › dark accessibility and layout: /contact (1.2s)
  ✓   45 [desktop] › e2e/accessibility.spec.ts:28:5 › dark accessibility and layout: /platform (1.6s)
  ✓   46 [desktop] › e2e/accessibility.spec.ts:28:5 › dark accessibility and layout: /products (761ms)
  ✓   47 [desktop] › e2e/accessibility.spec.ts:28:5 › dark accessibility and layout: /apps (855ms)
  ✓   48 [desktop] › e2e/accessibility.spec.ts:28:5 › dark accessibility and layout: /company (961ms)
  ✓   49 [desktop] › e2e/accessibility.spec.ts:54:3 › dark search dialog accessibility and keyboard focus (1.2s)
  ✓   50 [desktop] › e2e/accessibility.spec.ts:76:1 › search and cinematic modules stay off the initial home request path (809ms)
  ✓   51 [desktop] › e2e/controls.spec.ts:3:1 › mobile menu releases focus and scroll when resized to desktop (852ms)
  ✓   52 [desktop] › e2e/controls.spec.ts:27:3 › failed search-panel retries locally without losing the page (1.1s)
  ✓   53 [desktop] › e2e/controls.spec.ts:27:3 › failed search-catalog retries locally without losing the page (1.1s)
  ✓   54 [desktop] › e2e/controls.spec.ts:41:1 › shortcut leaves editable content alone and search supports keyboard navigation (1.2s)
  ✓   55 [desktop] › e2e/discovery.spec.ts:10:1 › search filters, clears, and navigates to a reference anchor (1.2s)
  ✓   56 [desktop] › e2e/discovery.spec.ts:30:1 › search retains architecture query and external source semantics (1.7s)
  ✓   57 [desktop] › e2e/github.spec.ts:3:1 › optional outages preserve repositories and retry restores all panels (1.3s)
  ✓   58 [desktop] › e2e/github.spec.ts:37:1 › total outage leaves curated source links and filters usable (578ms)
  ✓   59 [desktop] › e2e/github.spec.ts:48:1 › total outage falls back to the build-time snapshot, labelled as such (1.1s)
  ✓   60 [desktop] › e2e/narrated-films.spec.ts:4:1 › the six exported films load on intent with captions and working downloads (7.0s)
  ✓   61 [desktop] › e2e/narrated-films.spec.ts:51:1 › a failed export keeps transcript access and can reset its player (798ms)
  ✓   62 [desktop] › e2e/public-journey.spec.ts:3:1 › home client actions and service inquiry context work by keyboard (819ms)
  ✓   63 [desktop] › e2e/public-journey.spec.ts:44:1 › the neural opening respects reduced motion and exposes source-based builder paths (553ms)
  ✓   64 [desktop] › e2e/public-journey.spec.ts:68:1 › static drafts, accepted receipts and legacy copies keep their delivery labels (686ms)
  ✓   65 [desktop] › e2e/public-journey.spec.ts:97:1 › failed submission preserves the complete editable form (1.1s)
  ✓   66 [desktop] › e2e/public-journey.spec.ts:116:1 › services and contact stay discoverable in desktop and mobile navigation (660ms)
  ✓   67 [desktop] › e2e/public-journey.spec.ts:136:1 › platform evidence table can be reached and scrolled by keyboard (382ms)
  ✓   68 [desktop] › e2e/rooms.spec.ts:8:1 › a room under reduced motion starts on Play and advances (2.2s)
  ✓   69 [desktop] › e2e/rooms.spec.ts:23:1 › the transcript carries the whole narration without starting playback (1.3s)
  ✓   70 [desktop] › e2e/rooms.spec.ts:32:1 › Space on the transcript toggle opens it without starting the film (1.3s)
  ✓   71 [desktop] › e2e/rooms.spec.ts:46:1 › a completed film holds its final frame and Play deliberately replays it (2.7s)
  ✓   72 [desktop] › e2e/rooms.spec.ts:113:1 › Play without voice replays a film restored at its end (2.4s)
  ✓   73 [desktop] › e2e/rooms.spec.ts:128:1 › Return to start clears a preview while the pointer remains on the scrubber (1.4s)
  ✓   74 [desktop] › e2e/rooms.spec.ts:147:3 › film: complete silent lifecycle, keyboard transcript and navigation cleanup (3.1s)
  ✓   75 [desktop] › e2e/rooms.spec.ts:238:3 › film: voice is explicit and a failed loader leaves usable captions (4.4s)
  ✓   76 [desktop] › e2e/rooms.spec.ts:147:3 › trailer: complete silent lifecycle, keyboard transcript and navigation cleanup (3.0s)
  ✓   77 [desktop] › e2e/rooms.spec.ts:238:3 › trailer: voice is explicit and a failed loader leaves usable captions (4.5s)
  ✓   78 [desktop] › e2e/rooms.spec.ts:147:3 › abbey: complete silent lifecycle, keyboard transcript and navigation cleanup (3.0s)
  ✓   79 [desktop] › e2e/rooms.spec.ts:238:3 › abbey: voice is explicit and a failed loader leaves usable captions (4.4s)
  ✓   80 [desktop] › e2e/rooms.spec.ts:147:3 › explainer: complete silent lifecycle, keyboard transcript and navigation cleanup (3.1s)
  ✓   81 [desktop] › e2e/rooms.spec.ts:238:3 › explainer: voice is explicit and a failed loader leaves usable captions (4.4s)
  ✓   82 [desktop] › e2e/rooms.spec.ts:147:3 › mega: complete silent lifecycle, keyboard transcript and navigation cleanup (2.9s)
  ✓   83 [desktop] › e2e/rooms.spec.ts:238:3 › mega: voice is explicit and a failed loader leaves usable captions (4.3s)
  ✓   84 [desktop] › e2e/rooms.spec.ts:147:3 › design: complete silent lifecycle, keyboard transcript and navigation cleanup (2.6s)
  ✓   85 [desktop] › e2e/rooms.spec.ts:238:3 › design: voice is explicit and a failed loader leaves usable captions (4.3s)
  ✓   86 [desktop] › e2e/rooms.spec.ts:276:1 › Design walkthrough seeks across all eight real boards and preserves Explore (2.0s)
  ✓   87 [desktop] › e2e/trailer.spec.ts:15:1 › rejected playback stays paused and can be retried (426ms)
  ✓   88 [desktop] › e2e/trailer.spec.ts:39:1 › manual chapter selection cancels pending advancement and guards seeking (676ms)
  ✓   89 [desktop] › e2e/trailer.spec.ts:70:1 › media failure disables seek and keeps chapter selection usable (671ms)
  ✓   90 [desktop] › e2e/trailer.spec.ts:84:1 › old playback rejection cannot overwrite a newly selected chapter (395ms)
  ✓   91 [desktop] › e2e/trailer.spec.ts:101:1 › chapter advancement plays the next film and completion returns to paused (650ms)
  ✓   92 [desktop] › e2e/trailer.spec.ts:124:1 › descriptions toggle, and mute only where a cut has sound (731ms)
(node:43448) Warning: The 'NO_COLOR' env is ignored due to the 'FORCE_COLOR' env being set.
(Use `node --trace-warnings ...` to show where the warning was created)
  ✓   93 [mobile] › e2e/accessibility.spec.ts:28:5 › light accessibility and layout: / (1.0s)
  ✓   94 [mobile] › e2e/accessibility.spec.ts:28:5 › light accessibility and layout: /docs (1.1s)
  ✓   95 [mobile] › e2e/accessibility.spec.ts:28:5 › light accessibility and layout: /research (967ms)
  ✓   96 [mobile] › e2e/accessibility.spec.ts:28:5 › light accessibility and layout: /developers (785ms)
  ✘   97 [mobile] › e2e/accessibility.spec.ts:28:5 › light accessibility and layout: /showcase (960ms)
(node:43643) Warning: The 'NO_COLOR' env is ignored due to the 'FORCE_COLOR' env being set.
(Use `node --trace-warnings ...` to show where the warning was created)
  ✓   98 [mobile] › e2e/accessibility.spec.ts:28:5 › light accessibility and layout: /services (775ms)
  ✓   99 [mobile] › e2e/accessibility.spec.ts:28:5 › light accessibility and layout: /contact (2.1s)
  ✓  100 [mobile] › e2e/accessibility.spec.ts:28:5 › light accessibility and layout: /platform (2.2s)
  ✓  101 [mobile] › e2e/accessibility.spec.ts:28:5 › light accessibility and layout: /products (1.5s)
  ✓  102 [mobile] › e2e/accessibility.spec.ts:28:5 › light accessibility and layout: /apps (1.4s)
  ✓  103 [mobile] › e2e/accessibility.spec.ts:28:5 › light accessibility and layout: /company (1.0s)
  ✓  104 [mobile] › e2e/accessibility.spec.ts:54:3 › light search dialog accessibility and keyboard focus (1.2s)
  ✓  105 [mobile] › e2e/accessibility.spec.ts:28:5 › dark accessibility and layout: / (1.1s)
  ✓  106 [mobile] › e2e/accessibility.spec.ts:28:5 › dark accessibility and layout: /docs (1.2s)
  ✓  107 [mobile] › e2e/accessibility.spec.ts:28:5 › dark accessibility and layout: /research (2.5s)
  ✓  108 [mobile] › e2e/accessibility.spec.ts:28:5 › dark accessibility and layout: /developers (2.1s)
  ✘  109 [mobile] › e2e/accessibility.spec.ts:28:5 › dark accessibility and layout: /showcase (3.1s)
(node:46859) Warning: The 'NO_COLOR' env is ignored due to the 'FORCE_COLOR' env being set.
(Use `node --trace-warnings ...` to show where the warning was created)
  ✓  110 [mobile] › e2e/accessibility.spec.ts:28:5 › dark accessibility and layout: /services (1.1s)
  ✓  111 [mobile] › e2e/accessibility.spec.ts:28:5 › dark accessibility and layout: /contact (1.6s)
  ✓  112 [mobile] › e2e/accessibility.spec.ts:28:5 › dark accessibility and layout: /platform (1.6s)
  ✓  113 [mobile] › e2e/accessibility.spec.ts:28:5 › dark accessibility and layout: /products (864ms)
  ✓  114 [mobile] › e2e/accessibility.spec.ts:28:5 › dark accessibility and layout: /apps (1.1s)
  ✓  115 [mobile] › e2e/accessibility.spec.ts:28:5 › dark accessibility and layout: /company (1.5s)
  ✓  116 [mobile] › e2e/accessibility.spec.ts:54:3 › dark search dialog accessibility and keyboard focus (1.3s)
  ✓  117 [mobile] › e2e/accessibility.spec.ts:76:1 › search and cinematic modules stay off the initial home request path (703ms)
  ✓  118 [mobile] › e2e/controls.spec.ts:3:1 › mobile menu releases focus and scroll when resized to desktop (900ms)
  ✓  119 [mobile] › e2e/controls.spec.ts:27:3 › failed search-panel retries locally without losing the page (1.1s)
  ✓  120 [mobile] › e2e/controls.spec.ts:27:3 › failed search-catalog retries locally without losing the page (1.1s)
  ✓  121 [mobile] › e2e/controls.spec.ts:41:1 › shortcut leaves editable content alone and search supports keyboard navigation (793ms)
  ✓  122 [mobile] › e2e/discovery.spec.ts:10:1 › search filters, clears, and navigates to a reference anchor (1.3s)
  ✓  123 [mobile] › e2e/discovery.spec.ts:30:1 › search retains architecture query and external source semantics (1.6s)
  ✓  124 [mobile] › e2e/github.spec.ts:3:1 › optional outages preserve repositories and retry restores all panels (884ms)
  ✓  125 [mobile] › e2e/github.spec.ts:37:1 › total outage leaves curated source links and filters usable (1.2s)
  ✓  126 [mobile] › e2e/github.spec.ts:48:1 › total outage falls back to the build-time snapshot, labelled as such (658ms)
  ✓  127 [mobile] › e2e/narrated-films.spec.ts:4:1 › the six exported films load on intent with captions and working downloads (3.3s)
  ✓  128 [mobile] › e2e/narrated-films.spec.ts:51:1 › a failed export keeps transcript access and can reset its player (803ms)
  ✓  129 [mobile] › e2e/public-journey.spec.ts:3:1 › home client actions and service inquiry context work by keyboard (843ms)
  ✓  130 [mobile] › e2e/public-journey.spec.ts:44:1 › the neural opening respects reduced motion and exposes source-based builder paths (328ms)
  ✓  131 [mobile] › e2e/public-journey.spec.ts:68:1 › static drafts, accepted receipts and legacy copies keep their delivery labels (601ms)
  ✓  132 [mobile] › e2e/public-journey.spec.ts:97:1 › failed submission preserves the complete editable form (546ms)
  ✓  133 [mobile] › e2e/public-journey.spec.ts:116:1 › services and contact stay discoverable in desktop and mobile navigation (762ms)
  ✓  134 [mobile] › e2e/public-journey.spec.ts:136:1 › platform evidence table can be reached and scrolled by keyboard (892ms)
  ✓  135 [mobile] › e2e/rooms.spec.ts:8:1 › a room under reduced motion starts on Play and advances (2.3s)
  ✓  136 [mobile] › e2e/rooms.spec.ts:23:1 › the transcript carries the whole narration without starting playback (1.2s)
  ✓  137 [mobile] › e2e/rooms.spec.ts:32:1 › Space on the transcript toggle opens it without starting the film (920ms)
  ✓  138 [mobile] › e2e/rooms.spec.ts:46:1 › a completed film holds its final frame and Play deliberately replays it (2.5s)
  ✓  139 [mobile] › e2e/rooms.spec.ts:113:1 › Play without voice replays a film restored at its end (2.1s)
  ✓  140 [mobile] › e2e/rooms.spec.ts:128:1 › Return to start clears a preview while the pointer remains on the scrubber (1.1s)
  ✓  141 [mobile] › e2e/rooms.spec.ts:147:3 › film: complete silent lifecycle, keyboard transcript and navigation cleanup (2.5s)
  ✓  142 [mobile] › e2e/rooms.spec.ts:238:3 › film: voice is explicit and a failed loader leaves usable captions (4.2s)
  ✓  143 [mobile] › e2e/rooms.spec.ts:147:3 › trailer: complete silent lifecycle, keyboard transcript and navigation cleanup (2.5s)
  ✓  144 [mobile] › e2e/rooms.spec.ts:238:3 › trailer: voice is explicit and a failed loader leaves usable captions (4.3s)
  ✓  145 [mobile] › e2e/rooms.spec.ts:147:3 › abbey: complete silent lifecycle, keyboard transcript and navigation cleanup (2.6s)
  ✓  146 [mobile] › e2e/rooms.spec.ts:238:3 › abbey: voice is explicit and a failed loader leaves usable captions (4.2s)
  ✓  147 [mobile] › e2e/rooms.spec.ts:147:3 › explainer: complete silent lifecycle, keyboard transcript and navigation cleanup (2.7s)
  ✓  148 [mobile] › e2e/rooms.spec.ts:238:3 › explainer: voice is explicit and a failed loader leaves usable captions (4.2s)
  ✓  149 [mobile] › e2e/rooms.spec.ts:147:3 › mega: complete silent lifecycle, keyboard transcript and navigation cleanup (2.5s)
  ✓  150 [mobile] › e2e/rooms.spec.ts:238:3 › mega: voice is explicit and a failed loader leaves usable captions (4.1s)
  ✓  151 [mobile] › e2e/rooms.spec.ts:147:3 › design: complete silent lifecycle, keyboard transcript and navigation cleanup (2.4s)
  ✓  152 [mobile] › e2e/rooms.spec.ts:238:3 › design: voice is explicit and a failed loader leaves usable captions (4.2s)
  ✓  153 [mobile] › e2e/rooms.spec.ts:276:1 › Design walkthrough seeks across all eight real boards and preserves Explore (1.8s)
  ✓  154 [mobile] › e2e/trailer.spec.ts:15:1 › rejected playback stays paused and can be retried (418ms)
  ✓  155 [mobile] › e2e/trailer.spec.ts:39:1 › manual chapter selection cancels pending advancement and guards seeking (673ms)
  ✓  156 [mobile] › e2e/trailer.spec.ts:70:1 › media failure disables seek and keeps chapter selection usable (607ms)
  ✓  157 [mobile] › e2e/trailer.spec.ts:84:1 › old playback rejection cannot overwrite a newly selected chapter (316ms)
  ✓  158 [mobile] › e2e/trailer.spec.ts:101:1 › chapter advancement plays the next film and completion returns to paused (609ms)
  ✓  159 [mobile] › e2e/trailer.spec.ts:124:1 › descriptions toggle, and mute only where a cut has sound (622ms)
(node:55104) Warning: The 'NO_COLOR' env is ignored due to the 'FORCE_COLOR' env being set.
(Use `node --trace-warnings ...` to show where the warning was created)
  ✓  160 [short-mobile] › e2e/accessibility.spec.ts:28:5 › light accessibility and layout: / (809ms)
  ✓  161 [short-mobile] › e2e/accessibility.spec.ts:28:5 › light accessibility and layout: /docs (903ms)
  ✓  162 [short-mobile] › e2e/accessibility.spec.ts:28:5 › light accessibility and layout: /research (830ms)
  ✓  163 [short-mobile] › e2e/accessibility.spec.ts:28:5 › light accessibility and layout: /developers (671ms)
  ✘  164 [short-mobile] › e2e/accessibility.spec.ts:28:5 › light accessibility and layout: /showcase (746ms)
(node:55205) Warning: The 'NO_COLOR' env is ignored due to the 'FORCE_COLOR' env being set.
(Use `node --trace-warnings ...` to show where the warning was created)
  ✓  165 [short-mobile] › e2e/accessibility.spec.ts:28:5 › light accessibility and layout: /services (667ms)
  ✓  166 [short-mobile] › e2e/accessibility.spec.ts:28:5 › light accessibility and layout: /contact (1.4s)
  ✓  167 [short-mobile] › e2e/accessibility.spec.ts:28:5 › light accessibility and layout: /platform (737ms)
  ✓  168 [short-mobile] › e2e/accessibility.spec.ts:28:5 › light accessibility and layout: /products (522ms)
  ✓  169 [short-mobile] › e2e/accessibility.spec.ts:28:5 › light accessibility and layout: /apps (535ms)
  ✓  170 [short-mobile] › e2e/accessibility.spec.ts:28:5 › light accessibility and layout: /company (581ms)
  ✓  171 [short-mobile] › e2e/accessibility.spec.ts:54:3 › light search dialog accessibility and keyboard focus (903ms)
  ✓  172 [short-mobile] › e2e/accessibility.spec.ts:28:5 › dark accessibility and layout: / (801ms)
  ✓  173 [short-mobile] › e2e/accessibility.spec.ts:28:5 › dark accessibility and layout: /docs (923ms)
  ✘  174 [short-mobile] › e2e/accessibility.spec.ts:28:5 › dark accessibility and layout: /research (843ms)
(node:55751) Warning: The 'NO_COLOR' env is ignored due to the 'FORCE_COLOR' env being set.
(Use `node --trace-warnings ...` to show where the warning was created)
  ✓  175 [short-mobile] › e2e/accessibility.spec.ts:28:5 › dark accessibility and layout: /developers (1.0s)
  ✘  176 [short-mobile] › e2e/accessibility.spec.ts:28:5 › dark accessibility and layout: /showcase (1.1s)
(node:55910) Warning: The 'NO_COLOR' env is ignored due to the 'FORCE_COLOR' env being set.
(Use `node --trace-warnings ...` to show where the warning was created)
  ✓  177 [short-mobile] › e2e/accessibility.spec.ts:28:5 › dark accessibility and layout: /services (780ms)
  ✓  178 [short-mobile] › e2e/accessibility.spec.ts:28:5 › dark accessibility and layout: /contact (1.4s)
  ✓  179 [short-mobile] › e2e/accessibility.spec.ts:28:5 › dark accessibility and layout: /platform (796ms)
  ✓  180 [short-mobile] › e2e/accessibility.spec.ts:28:5 › dark accessibility and layout: /products (683ms)
  ✓  181 [short-mobile] › e2e/accessibility.spec.ts:28:5 › dark accessibility and layout: /apps (742ms)
  ✓  182 [short-mobile] › e2e/accessibility.spec.ts:28:5 › dark accessibility and layout: /company (680ms)
  ✓  183 [short-mobile] › e2e/accessibility.spec.ts:54:3 › dark search dialog accessibility and keyboard focus (1.0s)
  ✓  184 [short-mobile] › e2e/accessibility.spec.ts:76:1 › search and cinematic modules stay off the initial home request path (603ms)
  ✓  185 [short-mobile] › e2e/controls.spec.ts:3:1 › mobile menu releases focus and scroll when resized to desktop (607ms)
  ✓  186 [short-mobile] › e2e/controls.spec.ts:27:3 › failed search-panel retries locally without losing the page (1.4s)
  ✓  187 [short-mobile] › e2e/controls.spec.ts:27:3 › failed search-catalog retries locally without losing the page (1.5s)
  ✓  188 [short-mobile] › e2e/controls.spec.ts:41:1 › shortcut leaves editable content alone and search supports keyboard navigation (1.0s)
  ✓  189 [short-mobile] › e2e/discovery.spec.ts:10:1 › search filters, clears, and navigates to a reference anchor (804ms)
  ✓  190 [short-mobile] › e2e/discovery.spec.ts:30:1 › search retains architecture query and external source semantics (1.3s)
  ✓  191 [short-mobile] › e2e/github.spec.ts:3:1 › optional outages preserve repositories and retry restores all panels (1.1s)
  ✓  192 [short-mobile] › e2e/github.spec.ts:37:1 › total outage leaves curated source links and filters usable (970ms)
  ✓  193 [short-mobile] › e2e/github.spec.ts:48:1 › total outage falls back to the build-time snapshot, labelled as such (971ms)
  ✓  194 [short-mobile] › e2e/narrated-films.spec.ts:4:1 › the six exported films load on intent with captions and working downloads (1.5s)
  ✓  195 [short-mobile] › e2e/narrated-films.spec.ts:51:1 › a failed export keeps transcript access and can reset its player (339ms)
  ✓  196 [short-mobile] › e2e/public-journey.spec.ts:3:1 › home client actions and service inquiry context work by keyboard (433ms)
  ✓  197 [short-mobile] › e2e/public-journey.spec.ts:44:1 › the neural opening respects reduced motion and exposes source-based builder paths (232ms)
  ✓  198 [short-mobile] › e2e/public-journey.spec.ts:68:1 › static drafts, accepted receipts and legacy copies keep their delivery labels (930ms)
  ✓  199 [short-mobile] › e2e/public-journey.spec.ts:97:1 › failed submission preserves the complete editable form (262ms)
  ✓  200 [short-mobile] › e2e/public-journey.spec.ts:116:1 › services and contact stay discoverable in desktop and mobile navigation (315ms)
  ✓  201 [short-mobile] › e2e/public-journey.spec.ts:136:1 › platform evidence table can be reached and scrolled by keyboard (309ms)
  ✓  202 [short-mobile] › e2e/rooms.spec.ts:8:1 › a room under reduced motion starts on Play and advances (1.8s)
  ✓  203 [short-mobile] › e2e/rooms.spec.ts:23:1 › the transcript carries the whole narration without starting playback (965ms)
  ✓  204 [short-mobile] › e2e/rooms.spec.ts:32:1 › Space on the transcript toggle opens it without starting the film (947ms)
  ✓  205 [short-mobile] › e2e/rooms.spec.ts:46:1 › a completed film holds its final frame and Play deliberately replays it (2.7s)
  ✓  206 [short-mobile] › e2e/rooms.spec.ts:113:1 › Play without voice replays a film restored at its end (1.8s)
  ✓  207 [short-mobile] › e2e/rooms.spec.ts:128:1 › Return to start clears a preview while the pointer remains on the scrubber (1.0s)
  ✓  208 [short-mobile] › e2e/rooms.spec.ts:147:3 › film: complete silent lifecycle, keyboard transcript and navigation cleanup (2.5s)
  ✓  209 [short-mobile] › e2e/rooms.spec.ts:238:3 › film: voice is explicit and a failed loader leaves usable captions (4.3s)
  ✓  210 [short-mobile] › e2e/rooms.spec.ts:147:3 › trailer: complete silent lifecycle, keyboard transcript and navigation cleanup (2.9s)
  ✓  211 [short-mobile] › e2e/rooms.spec.ts:238:3 › trailer: voice is explicit and a failed loader leaves usable captions (4.7s)
  ✓  212 [short-mobile] › e2e/rooms.spec.ts:147:3 › abbey: complete silent lifecycle, keyboard transcript and navigation cleanup (2.4s)
  ✓  213 [short-mobile] › e2e/rooms.spec.ts:238:3 › abbey: voice is explicit and a failed loader leaves usable captions (4.1s)
  ✓  214 [short-mobile] › e2e/rooms.spec.ts:147:3 › explainer: complete silent lifecycle, keyboard transcript and navigation cleanup (2.4s)
  ✓  215 [short-mobile] › e2e/rooms.spec.ts:238:3 › explainer: voice is explicit and a failed loader leaves usable captions (4.1s)
  ✓  216 [short-mobile] › e2e/rooms.spec.ts:147:3 › mega: complete silent lifecycle, keyboard transcript and navigation cleanup (2.4s)
  ✓  217 [short-mobile] › e2e/rooms.spec.ts:238:3 › mega: voice is explicit and a failed loader leaves usable captions (4.0s)
  ✓  218 [short-mobile] › e2e/rooms.spec.ts:147:3 › design: complete silent lifecycle, keyboard transcript and navigation cleanup (2.4s)
  ✓  219 [short-mobile] › e2e/rooms.spec.ts:238:3 › design: voice is explicit and a failed loader leaves usable captions (4.1s)
  ✓  220 [short-mobile] › e2e/rooms.spec.ts:276:1 › Design walkthrough seeks across all eight real boards and preserves Explore (1.7s)
  ✓  221 [short-mobile] › e2e/trailer.spec.ts:15:1 › rejected playback stays paused and can be retried (367ms)
  ✓  222 [short-mobile] › e2e/trailer.spec.ts:39:1 › manual chapter selection cancels pending advancement and guards seeking (624ms)
  ✓  223 [short-mobile] › e2e/trailer.spec.ts:70:1 › media failure disables seek and keeps chapter selection usable (637ms)
  ✓  224 [short-mobile] › e2e/trailer.spec.ts:84:1 › old playback rejection cannot overwrite a newly selected chapter (326ms)
  ✓  225 [short-mobile] › e2e/trailer.spec.ts:101:1 › chapter advancement plays the next film and completion returns to paused (615ms)
  ✓  226 [short-mobile] › e2e/trailer.spec.ts:124:1 › descriptions toggle, and mute only where a cut has sound (643ms)


  1) [desktop-200-percent] › e2e/accessibility.spec.ts:28:5 › light accessibility and layout: /showcase 

    Error: expect(received).toEqual(expected) // deep equality

    - Expected  -   1
    + Received  + 146

    - Array []
    + Array [
    +   Object {
    +     "description": "Ensure the contrast between foreground and background colors meets WCAG 2 AA minimum contrast ratio thresholds",
    +     "help": "Elements must meet minimum color contrast ratio thresholds",
    +     "helpUrl": "https://dequeuniversity.com/rules/axe/4.13/color-contrast?application=playwright",
    +     "id": "color-contrast",
    +     "impact": "serious",
    +     "nodes": Array [
    +       Object {
    +         "all": Array [],
    +         "any": Array [
    +           Object {
    +             "data": Object {
    +               "bgColor": "#e8dfd2",
    +               "contrastRatio": 4.34,
    +               "expectedContrastRatio": "4.5:1",
    +               "fgColor": "#66675e",
    +               "fontSize": "8.4pt (11.2px)",
    +               "fontWeight": "normal",
    +               "messageKey": null,
    +             },
    +             "id": "color-contrast",
    +             "impact": "serious",
    +             "message": "Element has insufficient color contrast of 4.34 (foreground color: #66675e, background color: #e8dfd2, font size: 8.4pt (11.2px), font weight: normal). Expected contrast ratio of 4.5:1",
    +             "relatedNodes": Array [
    +               Object {
    +                 "html": "<button type=\"button\" aria-pressed=\"true\" aria-label=\"Select Quesar architecture · 1 min, Quesar\">",
    +                 "target": Array [
    +                   "li:nth-child(9) > button",
    +                 ],
    +               },
    +               Object {
    +                 "html": "<div id=\"editions\" class=\"edition-gallery scroll-mt-28\">",
    +                 "target": Array [
    +                   "#editions",
    +                 ],
    +               },
    +             ],
    +           },
    +         ],
    +         "failureSummary": "Fix any of the following:
    +   Element has insufficient color contrast of 4.34 (foreground color: #66675e, background color: #e8dfd2, font size: 8.4pt (11.2px), font weight: normal). Expected contrast ratio of 4.5:1",
    +         "html": "<span class=\"edition-index-number\">09</span>",
    +         "impact": "serious",
    +         "none": Array [],
    +         "target": Array [
    +           "li:nth-child(9) > button > .edition-index-number",
    +         ],
    +       },
    +       Object {
    +         "all": Array [],
    +         "any": Array [
    +           Object {
    +             "data": Object {
    +               "bgColor": "#e8dfd2",
    +               "contrastRatio": 4.34,
    +               "expectedContrastRatio": "4.5:1",
    +               "fgColor": "#66675e",
    +               "fontSize": "8.4pt (11.2px)",
    +               "fontWeight": "normal",
    +               "messageKey": null,
    +             },
    +             "id": "color-contrast",
    +             "impact": "serious",
    +             "message": "Element has insufficient color contrast of 4.34 (foreground color: #66675e, background color: #e8dfd2, font size: 8.4pt (11.2px), font weight: normal). Expected contrast ratio of 4.5:1",
    +             "relatedNodes": Array [
    +               Object {
    +                 "html": "<button type=\"button\" aria-pressed=\"true\" aria-label=\"Select Quesar architecture · 1 min, Quesar\">",
    +                 "target": Array [
    +                   "li:nth-child(9) > button",
    +                 ],
    +               },
    +               Object {
    +                 "html": "<div id=\"editions\" class=\"edition-gallery scroll-mt-28\">",
    +                 "target": Array [
    +                   "#editions",
    +                 ],
    +               },
    +             ],
    +           },
    +         ],
    +         "failureSummary": "Fix any of the following:
    +   Element has insufficient color contrast of 4.34 (foreground color: #66675e, background color: #e8dfd2, font size: 8.4pt (11.2px), font weight: normal). Expected contrast ratio of 4.5:1",
    +         "html": "<small>Quesar<!-- --> / <!-- -->architecture</small>",
    +         "impact": "serious",
    +         "none": Array [],
    +         "target": Array [
    +           "li:nth-child(9) > button > .edition-index-copy > small",
    +         ],
    +       },
    +       Object {
    +         "all": Array [],
    +         "any": Array [
    +           Object {
    +             "data": Object {
    +               "bgColor": "#e8dfd2",
    +               "contrastRatio": 4.34,
    +               "expectedContrastRatio": "4.5:1",
    +               "fgColor": "#66675e",
    +               "fontSize": "8.4pt (11.2px)",
    +               "fontWeight": "normal",
    +               "messageKey": null,
    +             },
    +             "id": "color-contrast",
    +             "impact": "serious",
    +             "message": "Element has insufficient color contrast of 4.34 (foreground color: #66675e, background color: #e8dfd2, font size: 8.4pt (11.2px), font weight: normal). Expected contrast ratio of 4.5:1",
    +             "relatedNodes": Array [
    +               Object {
    +                 "html": "<button type=\"button\" aria-pressed=\"true\" aria-label=\"Select Quesar architecture · 1 min, Quesar\">",
    +                 "target": Array [
    +                   "li:nth-child(9) > button",
    +                 ],
    +               },
    +               Object {
    +                 "html": "<div id=\"editions\" class=\"edition-gallery scroll-mt-28\">",
    +                 "target": Array [
    +                   "#editions",
    +                 ],
    +               },
    +             ],
    +           },
    +         ],
    +         "failureSummary": "Fix any of the following:
    +   Element has insufficient color contrast of 4.34 (foreground color: #66675e, background color: #e8dfd2, font size: 8.4pt (11.2px), font weight: normal). Expected contrast ratio of 4.5:1",
    +         "html": "<span class=\"edition-index-duration\">1<!-- -->m</span>",
    +         "impact": "serious",
    +         "none": Array [],
    +         "target": Array [
    +           "li:nth-child(9) > button > .edition-index-duration",
    +         ],
    +       },
    +     ],
    +     "tags": Array [
    +       "cat.color",
    +       "wcag2aa",
    +       "wcag143",
    +       "TTv5",
    +       "TT13.c",
    +       "EN-301-549",
    +       "EN-9.1.4.3",
    +       "ACT",
    +       "RGAAv4",
    +       "RGAA-3.2.1",
    +     ],
    +   },
    + ]

      47 |       expect(
      48 |         result.violations.filter((v) => ["serious", "critical"].includes(v.impact ?? "")),
    > 49 |       ).toEqual([]);
         |         ^
      50 |       await page.screenshot({ path: testInfo.outputPath("page.png"), fullPage: true });
      51 |       expect(errors).toEqual([]);
      52 |     });
        at /Users/donaldfilimon/dev/active/quesar.cloud/e2e/accessibility.spec.ts:49:9

    attachment #1: screenshot (image/png) ──────────────────────────────────────────────────────────
    test-results/accessibility-light-accessibility-and-layout-showcase-desktop-200-percent/test-failed-1.png
    ────────────────────────────────────────────────────────────────────────────────────────────────

    Error Context: test-results/accessibility-light-accessibility-and-layout-showcase-desktop-200-percent/error-context.md

    attachment #3: trace (application/zip) ─────────────────────────────────────────────────────────
    test-results/accessibility-light-accessibility-and-layout-showcase-desktop-200-percent/trace.zip
    Usage:

        npx playwright show-trace test-results/accessibility-light-accessibility-and-layout-showcase-desktop-200-percent/trace.zip

    ────────────────────────────────────────────────────────────────────────────────────────────────

  2) [desktop-200-percent] › e2e/accessibility.spec.ts:28:5 › dark accessibility and layout: /showcase 

    Error: expect(received).toEqual(expected) // deep equality

    - Expected  -   1
    + Received  + 181

    - Array []
    + Array [
    +   Object {
    +     "description": "Ensure the contrast between foreground and background colors meets WCAG 2 AA minimum contrast ratio thresholds",
    +     "help": "Elements must meet minimum color contrast ratio thresholds",
    +     "helpUrl": "https://dequeuniversity.com/rules/axe/4.13/color-contrast?application=playwright",
    +     "id": "color-contrast",
    +     "impact": "serious",
    +     "nodes": Array [
    +       Object {
    +         "all": Array [],
    +         "any": Array [
    +           Object {
    +             "data": Object {
    +               "bgColor": "#f1ede3",
    +               "contrastRatio": 1.74,
    +               "expectedContrastRatio": "4.5:1",
    +               "fgColor": "#a9b7cb",
    +               "fontSize": "10.5pt (14px)",
    +               "fontWeight": "normal",
    +               "messageKey": null,
    +             },
    +             "id": "color-contrast",
    +             "impact": "serious",
    +             "message": "Element has insufficient color contrast of 1.74 (foreground color: #a9b7cb, background color: #f1ede3, font size: 10.5pt (14px), font weight: normal). Expected contrast ratio of 4.5:1",
    +             "relatedNodes": Array [
    +               Object {
    +                 "html": "<div id=\"editions\" class=\"edition-gallery scroll-mt-28\">",
    +                 "target": Array [
    +                   "#editions",
    +                 ],
    +               },
    +             ],
    +           },
    +         ],
    +         "failureSummary": "Fix any of the following:
    +   Element has insufficient color contrast of 1.74 (foreground color: #a9b7cb, background color: #f1ede3, font size: 10.5pt (14px), font weight: normal). Expected contrast ratio of 4.5:1",
    +         "html": "<p class=\"eyebrow\">The film library</p>",
    +         "impact": "serious",
    +         "none": Array [],
    +         "target": Array [
    +           ".edition-intro > .eyebrow",
    +         ],
    +       },
    +       Object {
    +         "all": Array [],
    +         "any": Array [
    +           Object {
    +             "data": Object {
    +               "bgColor": "#e8dfd2",
    +               "contrastRatio": 4.34,
    +               "expectedContrastRatio": "4.5:1",
    +               "fgColor": "#66675e",
    +               "fontSize": "8.4pt (11.2px)",
    +               "fontWeight": "normal",
    +               "messageKey": null,
    +             },
    +             "id": "color-contrast",
    +             "impact": "serious",
    +             "message": "Element has insufficient color contrast of 4.34 (foreground color: #66675e, background color: #e8dfd2, font size: 8.4pt (11.2px), font weight: normal). Expected contrast ratio of 4.5:1",
    +             "relatedNodes": Array [
    +               Object {
    +                 "html": "<button type=\"button\" aria-pressed=\"true\" aria-label=\"Select Quesar architecture · 1 min, Quesar\">",
    +                 "target": Array [
    +                   "li:nth-child(9) > button",
    +                 ],
    +               },
    +               Object {
    +                 "html": "<div id=\"editions\" class=\"edition-gallery scroll-mt-28\">",
    +                 "target": Array [
    +                   "#editions",
    +                 ],
    +               },
    +             ],
    +           },
    +         ],
    +         "failureSummary": "Fix any of the following:
    +   Element has insufficient color contrast of 4.34 (foreground color: #66675e, background color: #e8dfd2, font size: 8.4pt (11.2px), font weight: normal). Expected contrast ratio of 4.5:1",
    +         "html": "<span class=\"edition-index-number\">09</span>",
    +         "impact": "serious",
    +         "none": Array [],
    +         "target": Array [
    +           "li:nth-child(9) > button > .edition-index-number",
    +         ],
    +       },
    +       Object {
    +         "all": Array [],
    +         "any": Array [
    +           Object {
    +             "data": Object {
    +               "bgColor": "#e8dfd2",
    +               "contrastRatio": 4.34,
    +               "expectedContrastRatio": "4.5:1",
    +               "fgColor": "#66675e",
    +               "fontSize": "8.4pt (11.2px)",
    +               "fontWeight": "normal",
    +               "messageKey": null,
    +             },
    +             "id": "color-contrast",
    +             "impact": "serious",
    +             "message": "Element has insufficient color contrast of 4.34 (foreground color: #66675e, background color: #e8dfd2, font size: 8.4pt (11.2px), font weight: normal). Expected contrast ratio of 4.5:1",
    +             "relatedNodes": Array [
    +               Object {
    +                 "html": "<button type=\"button\" aria-pressed=\"true\" aria-label=\"Select Quesar architecture · 1 min, Quesar\">",
    +                 "target": Array [
    +                   "li:nth-child(9) > button",
    +                 ],
    +               },
    +               Object {
    +                 "html": "<div id=\"editions\" class=\"edition-gallery scroll-mt-28\">",
    +                 "target": Array [
    +                   "#editions",
    +                 ],
    +               },
    +             ],
    +           },
    +         ],
    +         "failureSummary": "Fix any of the following:
    +   Element has insufficient color contrast of 4.34 (foreground color: #66675e, background color: #e8dfd2, font size: 8.4pt (11.2px), font weight: normal). Expected contrast ratio of 4.5:1",
    +         "html": "<small>Quesar<!-- --> / <!-- -->architecture</small>",
    +         "impact": "serious",
    +         "none": Array [],
    +         "target": Array [
    +           "li:nth-child(9) > button > .edition-index-copy > small",
    +         ],
    +       },
    +       Object {
    +         "all": Array [],
    +         "any": Array [
    +           Object {
    +             "data": Object {
    +               "bgColor": "#e8dfd2",
    +               "contrastRatio": 4.34,
    +               "expectedContrastRatio": "4.5:1",
    +               "fgColor": "#66675e",
    +               "fontSize": "8.4pt (11.2px)",
    +               "fontWeight": "normal",
    +               "messageKey": null,
    +             },
    +             "id": "color-contrast",
    +             "impact": "serious",
    +             "message": "Element has insufficient color contrast of 4.34 (foreground color: #66675e, background color: #e8dfd2, font size: 8.4pt (11.2px), font weight: normal). Expected contrast ratio of 4.5:1",
    +             "relatedNodes": Array [
    +               Object {
    +                 "html": "<button type=\"button\" aria-pressed=\"true\" aria-label=\"Select Quesar architecture · 1 min, Quesar\">",
    +                 "target": Array [
    +                   "li:nth-child(9) > button",
    +                 ],
    +               },
    +               Object {
    +                 "html": "<div id=\"editions\" class=\"edition-gallery scroll-mt-28\">",
    +                 "target": Array [
    +                   "#editions",
    +                 ],
    +               },
    +             ],
    +           },
    +         ],
    +         "failureSummary": "Fix any of the following:
    +   Element has insufficient color contrast of 4.34 (foreground color: #66675e, background color: #e8dfd2, font size: 8.4pt (11.2px), font weight: normal). Expected contrast ratio of 4.5:1",
    +         "html": "<span class=\"edition-index-duration\">1<!-- -->m</span>",
    +         "impact": "serious",
    +         "none": Array [],
    +         "target": Array [
    +           "li:nth-child(9) > button > .edition-index-duration",
    +         ],
    +       },
    +     ],
    +     "tags": Array [
    +       "cat.color",
    +       "wcag2aa",
    +       "wcag143",
    +       "TTv5",
    +       "TT13.c",
    +       "EN-301-549",
    +       "EN-9.1.4.3",
    +       "ACT",
    +       "RGAAv4",
    +       "RGAA-3.2.1",
    +     ],
    +   },
    + ]

      47 |       expect(
      48 |         result.violations.filter((v) => ["serious", "critical"].includes(v.impact ?? "")),
    > 49 |       ).toEqual([]);
         |         ^
      50 |       await page.screenshot({ path: testInfo.outputPath("page.png"), fullPage: true });
      51 |       expect(errors).toEqual([]);
      52 |     });
        at /Users/donaldfilimon/dev/active/quesar.cloud/e2e/accessibility.spec.ts:49:9

    attachment #1: screenshot (image/png) ──────────────────────────────────────────────────────────
    test-results/accessibility-dark-accessibility-and-layout-showcase-desktop-200-percent/test-failed-1.png
    ────────────────────────────────────────────────────────────────────────────────────────────────

    Error Context: test-results/accessibility-dark-accessibility-and-layout-showcase-desktop-200-percent/error-context.md

    attachment #3: trace (application/zip) ─────────────────────────────────────────────────────────
    test-results/accessibility-dark-accessibility-and-layout-showcase-desktop-200-percent/trace.zip
    Usage:

        npx playwright show-trace test-results/accessibility-dark-accessibility-and-layout-showcase-desktop-200-percent/trace.zip

    ────────────────────────────────────────────────────────────────────────────────────────────────

  3) [desktop] › e2e/accessibility.spec.ts:28:5 › light accessibility and layout: /showcase ────────

    Error: expect(received).toEqual(expected) // deep equality

    - Expected  -   1
    + Received  + 105

    - Array []
    + Array [
    +   Object {
    +     "description": "Ensure the contrast between foreground and background colors meets WCAG 2 AA minimum contrast ratio thresholds",
    +     "help": "Elements must meet minimum color contrast ratio thresholds",
    +     "helpUrl": "https://dequeuniversity.com/rules/axe/4.13/color-contrast?application=playwright",
    +     "id": "color-contrast",
    +     "impact": "serious",
    +     "nodes": Array [
    +       Object {
    +         "all": Array [],
    +         "any": Array [
    +           Object {
    +             "data": Object {
    +               "bgColor": "#e8dfd2",
    +               "contrastRatio": 4.34,
    +               "expectedContrastRatio": "4.5:1",
    +               "fgColor": "#66675e",
    +               "fontSize": "8.4pt (11.2px)",
    +               "fontWeight": "normal",
    +               "messageKey": null,
    +             },
    +             "id": "color-contrast",
    +             "impact": "serious",
    +             "message": "Element has insufficient color contrast of 4.34 (foreground color: #66675e, background color: #e8dfd2, font size: 8.4pt (11.2px), font weight: normal). Expected contrast ratio of 4.5:1",
    +             "relatedNodes": Array [
    +               Object {
    +                 "html": "<button type=\"button\" aria-pressed=\"true\" aria-label=\"Select Quesar architecture · 1 min, Quesar\">",
    +                 "target": Array [
    +                   "li:nth-child(9) > button",
    +                 ],
    +               },
    +               Object {
    +                 "html": "<div id=\"editions\" class=\"edition-gallery scroll-mt-28\">",
    +                 "target": Array [
    +                   "#editions",
    +                 ],
    +               },
    +             ],
    +           },
    +         ],
    +         "failureSummary": "Fix any of the following:
    +   Element has insufficient color contrast of 4.34 (foreground color: #66675e, background color: #e8dfd2, font size: 8.4pt (11.2px), font weight: normal). Expected contrast ratio of 4.5:1",
    +         "html": "<span class=\"edition-index-number\">09</span>",
    +         "impact": "serious",
    +         "none": Array [],
    +         "target": Array [
    +           "li:nth-child(9) > button > .edition-index-number",
    +         ],
    +       },
    +       Object {
    +         "all": Array [],
    +         "any": Array [
    +           Object {
    +             "data": Object {
    +               "bgColor": "#e8dfd2",
    +               "contrastRatio": 4.34,
    +               "expectedContrastRatio": "4.5:1",
    +               "fgColor": "#66675e",
    +               "fontSize": "8.4pt (11.2px)",
    +               "fontWeight": "normal",
    +               "messageKey": null,
    +             },
    +             "id": "color-contrast",
    +             "impact": "serious",
    +             "message": "Element has insufficient color contrast of 4.34 (foreground color: #66675e, background color: #e8dfd2, font size: 8.4pt (11.2px), font weight: normal). Expected contrast ratio of 4.5:1",
    +             "relatedNodes": Array [
    +               Object {
    +                 "html": "<button type=\"button\" aria-pressed=\"true\" aria-label=\"Select Quesar architecture · 1 min, Quesar\">",
    +                 "target": Array [
    +                   "li:nth-child(9) > button",
    +                 ],
    +               },
    +               Object {
    +                 "html": "<div id=\"editions\" class=\"edition-gallery scroll-mt-28\">",
    +                 "target": Array [
    +                   "#editions",
    +                 ],
    +               },
    +             ],
    +           },
    +         ],
    +         "failureSummary": "Fix any of the following:
    +   Element has insufficient color contrast of 4.34 (foreground color: #66675e, background color: #e8dfd2, font size: 8.4pt (11.2px), font weight: normal). Expected contrast ratio of 4.5:1",
    +         "html": "<span class=\"edition-index-duration\">1<!-- -->m</span>",
    +         "impact": "serious",
    +         "none": Array [],
    +         "target": Array [
    +           "li:nth-child(9) > button > .edition-index-duration",
    +         ],
    +       },
    +     ],
    +     "tags": Array [
    +       "cat.color",
    +       "wcag2aa",
    +       "wcag143",
    +       "TTv5",
    +       "TT13.c",
    +       "EN-301-549",
    +       "EN-9.1.4.3",
    +       "ACT",
    +       "RGAAv4",
    +       "RGAA-3.2.1",
    +     ],
    +   },
    + ]

      47 |       expect(
      48 |         result.violations.filter((v) => ["serious", "critical"].includes(v.impact ?? "")),
    > 49 |       ).toEqual([]);
         |         ^
      50 |       await page.screenshot({ path: testInfo.outputPath("page.png"), fullPage: true });
      51 |       expect(errors).toEqual([]);
      52 |     });
        at /Users/donaldfilimon/dev/active/quesar.cloud/e2e/accessibility.spec.ts:49:9

    Error: ENOENT: no such file or directory, unlink '/Users/donaldfilimon/dev/active/quesar.cloud/test-results/.playwright-artifacts-3/3be362b7ae6a4347388b3f1a25a17bba.zip'

    attachment #1: screenshot (image/png) ──────────────────────────────────────────────────────────
    test-results/accessibility-light-accessibility-and-layout-showcase-desktop/test-failed-1.png
    ────────────────────────────────────────────────────────────────────────────────────────────────

    Error Context: test-results/accessibility-light-accessibility-and-layout-showcase-desktop/error-context.md

  4) [desktop] › e2e/accessibility.spec.ts:28:5 › dark accessibility and layout: /showcase ─────────

    Error: expect(received).toEqual(expected) // deep equality

    - Expected  -   1
    + Received  + 140

    - Array []
    + Array [
    +   Object {
    +     "description": "Ensure the contrast between foreground and background colors meets WCAG 2 AA minimum contrast ratio thresholds",
    +     "help": "Elements must meet minimum color contrast ratio thresholds",
    +     "helpUrl": "https://dequeuniversity.com/rules/axe/4.13/color-contrast?application=playwright",
    +     "id": "color-contrast",
    +     "impact": "serious",
    +     "nodes": Array [
    +       Object {
    +         "all": Array [],
    +         "any": Array [
    +           Object {
    +             "data": Object {
    +               "bgColor": "#f1ede3",
    +               "contrastRatio": 1.74,
    +               "expectedContrastRatio": "4.5:1",
    +               "fgColor": "#a9b7cb",
    +               "fontSize": "10.5pt (14px)",
    +               "fontWeight": "normal",
    +               "messageKey": null,
    +             },
    +             "id": "color-contrast",
    +             "impact": "serious",
    +             "message": "Element has insufficient color contrast of 1.74 (foreground color: #a9b7cb, background color: #f1ede3, font size: 10.5pt (14px), font weight: normal). Expected contrast ratio of 4.5:1",
    +             "relatedNodes": Array [
    +               Object {
    +                 "html": "<div id=\"editions\" class=\"edition-gallery scroll-mt-28\">",
    +                 "target": Array [
    +                   "#editions",
    +                 ],
    +               },
    +             ],
    +           },
    +         ],
    +         "failureSummary": "Fix any of the following:
    +   Element has insufficient color contrast of 1.74 (foreground color: #a9b7cb, background color: #f1ede3, font size: 10.5pt (14px), font weight: normal). Expected contrast ratio of 4.5:1",
    +         "html": "<p class=\"eyebrow\">The film library</p>",
    +         "impact": "serious",
    +         "none": Array [],
    +         "target": Array [
    +           ".edition-intro > .eyebrow",
    +         ],
    +       },
    +       Object {
    +         "all": Array [],
    +         "any": Array [
    +           Object {
    +             "data": Object {
    +               "bgColor": "#e8dfd2",
    +               "contrastRatio": 4.34,
    +               "expectedContrastRatio": "4.5:1",
    +               "fgColor": "#66675e",
    +               "fontSize": "8.4pt (11.2px)",
    +               "fontWeight": "normal",
    +               "messageKey": null,
    +             },
    +             "id": "color-contrast",
    +             "impact": "serious",
    +             "message": "Element has insufficient color contrast of 4.34 (foreground color: #66675e, background color: #e8dfd2, font size: 8.4pt (11.2px), font weight: normal). Expected contrast ratio of 4.5:1",
    +             "relatedNodes": Array [
    +               Object {
    +                 "html": "<button type=\"button\" aria-pressed=\"true\" aria-label=\"Select Quesar architecture · 1 min, Quesar\">",
    +                 "target": Array [
    +                   "li:nth-child(9) > button",
    +                 ],
    +               },
    +               Object {
    +                 "html": "<div id=\"editions\" class=\"edition-gallery scroll-mt-28\">",
    +                 "target": Array [
    +                   "#editions",
    +                 ],
    +               },
    +             ],
    +           },
    +         ],
    +         "failureSummary": "Fix any of the following:
    +   Element has insufficient color contrast of 4.34 (foreground color: #66675e, background color: #e8dfd2, font size: 8.4pt (11.2px), font weight: normal). Expected contrast ratio of 4.5:1",
    +         "html": "<span class=\"edition-index-number\">09</span>",
    +         "impact": "serious",
    +         "none": Array [],
    +         "target": Array [
    +           "li:nth-child(9) > button > .edition-index-number",
    +         ],
    +       },
    +       Object {
    +         "all": Array [],
    +         "any": Array [
    +           Object {
    +             "data": Object {
    +               "bgColor": "#e8dfd2",
    +               "contrastRatio": 4.34,
    +               "expectedContrastRatio": "4.5:1",
    +               "fgColor": "#66675e",
    +               "fontSize": "8.4pt (11.2px)",
    +               "fontWeight": "normal",
    +               "messageKey": null,
    +             },
    +             "id": "color-contrast",
    +             "impact": "serious",
    +             "message": "Element has insufficient color contrast of 4.34 (foreground color: #66675e, background color: #e8dfd2, font size: 8.4pt (11.2px), font weight: normal). Expected contrast ratio of 4.5:1",
    +             "relatedNodes": Array [
    +               Object {
    +                 "html": "<button type=\"button\" aria-pressed=\"true\" aria-label=\"Select Quesar architecture · 1 min, Quesar\">",
    +                 "target": Array [
    +                   "li:nth-child(9) > button",
    +                 ],
    +               },
    +               Object {
    +                 "html": "<div id=\"editions\" class=\"edition-gallery scroll-mt-28\">",
    +                 "target": Array [
    +                   "#editions",
    +                 ],
    +               },
    +             ],
    +           },
    +         ],
    +         "failureSummary": "Fix any of the following:
    +   Element has insufficient color contrast of 4.34 (foreground color: #66675e, background color: #e8dfd2, font size: 8.4pt (11.2px), font weight: normal). Expected contrast ratio of 4.5:1",
    +         "html": "<span class=\"edition-index-duration\">1<!-- -->m</span>",
    +         "impact": "serious",
    +         "none": Array [],
    +         "target": Array [
    +           "li:nth-child(9) > button > .edition-index-duration",
    +         ],
    +       },
    +     ],
    +     "tags": Array [
    +       "cat.color",
    +       "wcag2aa",
    +       "wcag143",
    +       "TTv5",
    +       "TT13.c",
    +       "EN-301-549",
    +       "EN-9.1.4.3",
    +       "ACT",
    +       "RGAAv4",
    +       "RGAA-3.2.1",
    +     ],
    +   },
    + ]

      47 |       expect(
      48 |         result.violations.filter((v) => ["serious", "critical"].includes(v.impact ?? "")),
    > 49 |       ).toEqual([]);
         |         ^
      50 |       await page.screenshot({ path: testInfo.outputPath("page.png"), fullPage: true });
      51 |       expect(errors).toEqual([]);
      52 |     });
        at /Users/donaldfilimon/dev/active/quesar.cloud/e2e/accessibility.spec.ts:49:9

    attachment #1: screenshot (image/png) ──────────────────────────────────────────────────────────
    test-results/accessibility-dark-accessibility-and-layout-showcase-desktop/test-failed-1.png
    ────────────────────────────────────────────────────────────────────────────────────────────────

    Error Context: test-results/accessibility-dark-accessibility-and-layout-showcase-desktop/error-context.md

    attachment #3: trace (application/zip) ─────────────────────────────────────────────────────────
    test-results/accessibility-dark-accessibility-and-layout-showcase-desktop/trace.zip
    Usage:

        npx playwright show-trace test-results/accessibility-dark-accessibility-and-layout-showcase-desktop/trace.zip

    ────────────────────────────────────────────────────────────────────────────────────────────────

  5) [mobile] › e2e/accessibility.spec.ts:28:5 › light accessibility and layout: /showcase ─────────

    Error: expect(received).toEqual(expected) // deep equality

    - Expected  -   1
    + Received  + 105

    - Array []
    + Array [
    +   Object {
    +     "description": "Ensure the contrast between foreground and background colors meets WCAG 2 AA minimum contrast ratio thresholds",
    +     "help": "Elements must meet minimum color contrast ratio thresholds",
    +     "helpUrl": "https://dequeuniversity.com/rules/axe/4.13/color-contrast?application=playwright",
    +     "id": "color-contrast",
    +     "impact": "serious",
    +     "nodes": Array [
    +       Object {
    +         "all": Array [],
    +         "any": Array [
    +           Object {
    +             "data": Object {
    +               "bgColor": "#e8dfd2",
    +               "contrastRatio": 4.34,
    +               "expectedContrastRatio": "4.5:1",
    +               "fgColor": "#66675e",
    +               "fontSize": "8.4pt (11.2px)",
    +               "fontWeight": "normal",
    +               "messageKey": null,
    +             },
    +             "id": "color-contrast",
    +             "impact": "serious",
    +             "message": "Element has insufficient color contrast of 4.34 (foreground color: #66675e, background color: #e8dfd2, font size: 8.4pt (11.2px), font weight: normal). Expected contrast ratio of 4.5:1",
    +             "relatedNodes": Array [
    +               Object {
    +                 "html": "<button type=\"button\" aria-pressed=\"true\" aria-label=\"Select Quesar architecture · 1 min, Quesar\">",
    +                 "target": Array [
    +                   "li:nth-child(9) > button",
    +                 ],
    +               },
    +               Object {
    +                 "html": "<div id=\"editions\" class=\"edition-gallery scroll-mt-28\">",
    +                 "target": Array [
    +                   "#editions",
    +                 ],
    +               },
    +             ],
    +           },
    +         ],
    +         "failureSummary": "Fix any of the following:
    +   Element has insufficient color contrast of 4.34 (foreground color: #66675e, background color: #e8dfd2, font size: 8.4pt (11.2px), font weight: normal). Expected contrast ratio of 4.5:1",
    +         "html": "<small>Quesar<!-- --> / <!-- -->architecture</small>",
    +         "impact": "serious",
    +         "none": Array [],
    +         "target": Array [
    +           "li:nth-child(9) > button > .edition-index-copy > small",
    +         ],
    +       },
    +       Object {
    +         "all": Array [],
    +         "any": Array [
    +           Object {
    +             "data": Object {
    +               "bgColor": "#e8dfd2",
    +               "contrastRatio": 4.34,
    +               "expectedContrastRatio": "4.5:1",
    +               "fgColor": "#66675e",
    +               "fontSize": "8.4pt (11.2px)",
    +               "fontWeight": "normal",
    +               "messageKey": null,
    +             },
    +             "id": "color-contrast",
    +             "impact": "serious",
    +             "message": "Element has insufficient color contrast of 4.34 (foreground color: #66675e, background color: #e8dfd2, font size: 8.4pt (11.2px), font weight: normal). Expected contrast ratio of 4.5:1",
    +             "relatedNodes": Array [
    +               Object {
    +                 "html": "<button type=\"button\" aria-pressed=\"true\" aria-label=\"Select Quesar architecture · 1 min, Quesar\">",
    +                 "target": Array [
    +                   "li:nth-child(9) > button",
    +                 ],
    +               },
    +               Object {
    +                 "html": "<div id=\"editions\" class=\"edition-gallery scroll-mt-28\">",
    +                 "target": Array [
    +                   "#editions",
    +                 ],
    +               },
    +             ],
    +           },
    +         ],
    +         "failureSummary": "Fix any of the following:
    +   Element has insufficient color contrast of 4.34 (foreground color: #66675e, background color: #e8dfd2, font size: 8.4pt (11.2px), font weight: normal). Expected contrast ratio of 4.5:1",
    +         "html": "<span class=\"edition-index-duration\">1<!-- -->m</span>",
    +         "impact": "serious",
    +         "none": Array [],
    +         "target": Array [
    +           "li:nth-child(9) > button > .edition-index-duration",
    +         ],
    +       },
    +     ],
    +     "tags": Array [
    +       "cat.color",
    +       "wcag2aa",
    +       "wcag143",
    +       "TTv5",
    +       "TT13.c",
    +       "EN-301-549",
    +       "EN-9.1.4.3",
    +       "ACT",
    +       "RGAAv4",
    +       "RGAA-3.2.1",
    +     ],
    +   },
    + ]

      47 |       expect(
      48 |         result.violations.filter((v) => ["serious", "critical"].includes(v.impact ?? "")),
    > 49 |       ).toEqual([]);
         |         ^
      50 |       await page.screenshot({ path: testInfo.outputPath("page.png"), fullPage: true });
      51 |       expect(errors).toEqual([]);
      52 |     });
        at /Users/donaldfilimon/dev/active/quesar.cloud/e2e/accessibility.spec.ts:49:9

    attachment #1: screenshot (image/png) ──────────────────────────────────────────────────────────
    test-results/accessibility-light-accessibility-and-layout-showcase-mobile/test-failed-1.png
    ────────────────────────────────────────────────────────────────────────────────────────────────

    Error Context: test-results/accessibility-light-accessibility-and-layout-showcase-mobile/error-context.md

    attachment #3: trace (application/zip) ─────────────────────────────────────────────────────────
    test-results/accessibility-light-accessibility-and-layout-showcase-mobile/trace.zip
    Usage:

        npx playwright show-trace test-results/accessibility-light-accessibility-and-layout-showcase-mobile/trace.zip

    ────────────────────────────────────────────────────────────────────────────────────────────────

  6) [mobile] › e2e/accessibility.spec.ts:28:5 › dark accessibility and layout: /showcase ──────────

    Error: expect(received).toEqual(expected) // deep equality

    - Expected  -   1
    + Received  + 140

    - Array []
    + Array [
    +   Object {
    +     "description": "Ensure the contrast between foreground and background colors meets WCAG 2 AA minimum contrast ratio thresholds",
    +     "help": "Elements must meet minimum color contrast ratio thresholds",
    +     "helpUrl": "https://dequeuniversity.com/rules/axe/4.13/color-contrast?application=playwright",
    +     "id": "color-contrast",
    +     "impact": "serious",
    +     "nodes": Array [
    +       Object {
    +         "all": Array [],
    +         "any": Array [
    +           Object {
    +             "data": Object {
    +               "bgColor": "#f1ede3",
    +               "contrastRatio": 1.74,
    +               "expectedContrastRatio": "4.5:1",
    +               "fgColor": "#a9b7cb",
    +               "fontSize": "10.5pt (14px)",
    +               "fontWeight": "normal",
    +               "messageKey": null,
    +             },
    +             "id": "color-contrast",
    +             "impact": "serious",
    +             "message": "Element has insufficient color contrast of 1.74 (foreground color: #a9b7cb, background color: #f1ede3, font size: 10.5pt (14px), font weight: normal). Expected contrast ratio of 4.5:1",
    +             "relatedNodes": Array [
    +               Object {
    +                 "html": "<div id=\"editions\" class=\"edition-gallery scroll-mt-28\">",
    +                 "target": Array [
    +                   "#editions",
    +                 ],
    +               },
    +             ],
    +           },
    +         ],
    +         "failureSummary": "Fix any of the following:
    +   Element has insufficient color contrast of 1.74 (foreground color: #a9b7cb, background color: #f1ede3, font size: 10.5pt (14px), font weight: normal). Expected contrast ratio of 4.5:1",
    +         "html": "<p class=\"eyebrow\">The film library</p>",
    +         "impact": "serious",
    +         "none": Array [],
    +         "target": Array [
    +           ".edition-intro > .eyebrow",
    +         ],
    +       },
    +       Object {
    +         "all": Array [],
    +         "any": Array [
    +           Object {
    +             "data": Object {
    +               "bgColor": "#e8dfd2",
    +               "contrastRatio": 4.34,
    +               "expectedContrastRatio": "4.5:1",
    +               "fgColor": "#66675e",
    +               "fontSize": "8.4pt (11.2px)",
    +               "fontWeight": "normal",
    +               "messageKey": null,
    +             },
    +             "id": "color-contrast",
    +             "impact": "serious",
    +             "message": "Element has insufficient color contrast of 4.34 (foreground color: #66675e, background color: #e8dfd2, font size: 8.4pt (11.2px), font weight: normal). Expected contrast ratio of 4.5:1",
    +             "relatedNodes": Array [
    +               Object {
    +                 "html": "<button type=\"button\" aria-pressed=\"true\" aria-label=\"Select Quesar architecture · 1 min, Quesar\">",
    +                 "target": Array [
    +                   "li:nth-child(9) > button",
    +                 ],
    +               },
    +               Object {
    +                 "html": "<div id=\"editions\" class=\"edition-gallery scroll-mt-28\">",
    +                 "target": Array [
    +                   "#editions",
    +                 ],
    +               },
    +             ],
    +           },
    +         ],
    +         "failureSummary": "Fix any of the following:
    +   Element has insufficient color contrast of 4.34 (foreground color: #66675e, background color: #e8dfd2, font size: 8.4pt (11.2px), font weight: normal). Expected contrast ratio of 4.5:1",
    +         "html": "<small>Quesar<!-- --> / <!-- -->architecture</small>",
    +         "impact": "serious",
    +         "none": Array [],
    +         "target": Array [
    +           "li:nth-child(9) > button > .edition-index-copy > small",
    +         ],
    +       },
    +       Object {
    +         "all": Array [],
    +         "any": Array [
    +           Object {
    +             "data": Object {
    +               "bgColor": "#e8dfd2",
    +               "contrastRatio": 4.34,
    +               "expectedContrastRatio": "4.5:1",
    +               "fgColor": "#66675e",
    +               "fontSize": "8.4pt (11.2px)",
    +               "fontWeight": "normal",
    +               "messageKey": null,
    +             },
    +             "id": "color-contrast",
    +             "impact": "serious",
    +             "message": "Element has insufficient color contrast of 4.34 (foreground color: #66675e, background color: #e8dfd2, font size: 8.4pt (11.2px), font weight: normal). Expected contrast ratio of 4.5:1",
    +             "relatedNodes": Array [
    +               Object {
    +                 "html": "<button type=\"button\" aria-pressed=\"true\" aria-label=\"Select Quesar architecture · 1 min, Quesar\">",
    +                 "target": Array [
    +                   "li:nth-child(9) > button",
    +                 ],
    +               },
    +               Object {
    +                 "html": "<div id=\"editions\" class=\"edition-gallery scroll-mt-28\">",
    +                 "target": Array [
    +                   "#editions",
    +                 ],
    +               },
    +             ],
    +           },
    +         ],
    +         "failureSummary": "Fix any of the following:
    +   Element has insufficient color contrast of 4.34 (foreground color: #66675e, background color: #e8dfd2, font size: 8.4pt (11.2px), font weight: normal). Expected contrast ratio of 4.5:1",
    +         "html": "<span class=\"edition-index-duration\">1<!-- -->m</span>",
    +         "impact": "serious",
    +         "none": Array [],
    +         "target": Array [
    +           "li:nth-child(9) > button > .edition-index-duration",
    +         ],
    +       },
    +     ],
    +     "tags": Array [
    +       "cat.color",
    +       "wcag2aa",
    +       "wcag143",
    +       "TTv5",
    +       "TT13.c",
    +       "EN-301-549",
    +       "EN-9.1.4.3",
    +       "ACT",
    +       "RGAAv4",
    +       "RGAA-3.2.1",
    +     ],
    +   },
    + ]

      47 |       expect(
      48 |         result.violations.filter((v) => ["serious", "critical"].includes(v.impact ?? "")),
    > 49 |       ).toEqual([]);
         |         ^
      50 |       await page.screenshot({ path: testInfo.outputPath("page.png"), fullPage: true });
      51 |       expect(errors).toEqual([]);
      52 |     });
        at /Users/donaldfilimon/dev/active/quesar.cloud/e2e/accessibility.spec.ts:49:9

    attachment #1: screenshot (image/png) ──────────────────────────────────────────────────────────
    test-results/accessibility-dark-accessibility-and-layout-showcase-mobile/test-failed-1.png
    ────────────────────────────────────────────────────────────────────────────────────────────────

    Error Context: test-results/accessibility-dark-accessibility-and-layout-showcase-mobile/error-context.md

    attachment #3: trace (application/zip) ─────────────────────────────────────────────────────────
    test-results/accessibility-dark-accessibility-and-layout-showcase-mobile/trace.zip
    Usage:

        npx playwright show-trace test-results/accessibility-dark-accessibility-and-layout-showcase-mobile/trace.zip

    ────────────────────────────────────────────────────────────────────────────────────────────────

  7) [short-mobile] › e2e/accessibility.spec.ts:28:5 › light accessibility and layout: /showcase ───

    Error: expect(received).toEqual(expected) // deep equality

    - Expected  -   1
    + Received  + 105

    - Array []
    + Array [
    +   Object {
    +     "description": "Ensure the contrast between foreground and background colors meets WCAG 2 AA minimum contrast ratio thresholds",
    +     "help": "Elements must meet minimum color contrast ratio thresholds",
    +     "helpUrl": "https://dequeuniversity.com/rules/axe/4.13/color-contrast?application=playwright",
    +     "id": "color-contrast",
    +     "impact": "serious",
    +     "nodes": Array [
    +       Object {
    +         "all": Array [],
    +         "any": Array [
    +           Object {
    +             "data": Object {
    +               "bgColor": "#e8dfd2",
    +               "contrastRatio": 4.34,
    +               "expectedContrastRatio": "4.5:1",
    +               "fgColor": "#66675e",
    +               "fontSize": "8.4pt (11.2px)",
    +               "fontWeight": "normal",
    +               "messageKey": null,
    +             },
    +             "id": "color-contrast",
    +             "impact": "serious",
    +             "message": "Element has insufficient color contrast of 4.34 (foreground color: #66675e, background color: #e8dfd2, font size: 8.4pt (11.2px), font weight: normal). Expected contrast ratio of 4.5:1",
    +             "relatedNodes": Array [
    +               Object {
    +                 "html": "<button type=\"button\" aria-pressed=\"true\" aria-label=\"Select Quesar architecture · 1 min, Quesar\">",
    +                 "target": Array [
    +                   "li:nth-child(9) > button",
    +                 ],
    +               },
    +               Object {
    +                 "html": "<div id=\"editions\" class=\"edition-gallery scroll-mt-28\">",
    +                 "target": Array [
    +                   "#editions",
    +                 ],
    +               },
    +             ],
    +           },
    +         ],
    +         "failureSummary": "Fix any of the following:
    +   Element has insufficient color contrast of 4.34 (foreground color: #66675e, background color: #e8dfd2, font size: 8.4pt (11.2px), font weight: normal). Expected contrast ratio of 4.5:1",
    +         "html": "<small>Quesar<!-- --> / <!-- -->architecture</small>",
    +         "impact": "serious",
    +         "none": Array [],
    +         "target": Array [
    +           "li:nth-child(9) > button > .edition-index-copy > small",
    +         ],
    +       },
    +       Object {
    +         "all": Array [],
    +         "any": Array [
    +           Object {
    +             "data": Object {
    +               "bgColor": "#e8dfd2",
    +               "contrastRatio": 4.34,
    +               "expectedContrastRatio": "4.5:1",
    +               "fgColor": "#66675e",
    +               "fontSize": "8.4pt (11.2px)",
    +               "fontWeight": "normal",
    +               "messageKey": null,
    +             },
    +             "id": "color-contrast",
    +             "impact": "serious",
    +             "message": "Element has insufficient color contrast of 4.34 (foreground color: #66675e, background color: #e8dfd2, font size: 8.4pt (11.2px), font weight: normal). Expected contrast ratio of 4.5:1",
    +             "relatedNodes": Array [
    +               Object {
    +                 "html": "<button type=\"button\" aria-pressed=\"true\" aria-label=\"Select Quesar architecture · 1 min, Quesar\">",
    +                 "target": Array [
    +                   "li:nth-child(9) > button",
    +                 ],
    +               },
    +               Object {
    +                 "html": "<div id=\"editions\" class=\"edition-gallery scroll-mt-28\">",
    +                 "target": Array [
    +                   "#editions",
    +                 ],
    +               },
    +             ],
    +           },
    +         ],
    +         "failureSummary": "Fix any of the following:
    +   Element has insufficient color contrast of 4.34 (foreground color: #66675e, background color: #e8dfd2, font size: 8.4pt (11.2px), font weight: normal). Expected contrast ratio of 4.5:1",
    +         "html": "<span class=\"edition-index-duration\">1<!-- -->m</span>",
    +         "impact": "serious",
    +         "none": Array [],
    +         "target": Array [
    +           "li:nth-child(9) > button > .edition-index-duration",
    +         ],
    +       },
    +     ],
    +     "tags": Array [
    +       "cat.color",
    +       "wcag2aa",
    +       "wcag143",
    +       "TTv5",
    +       "TT13.c",
    +       "EN-301-549",
    +       "EN-9.1.4.3",
    +       "ACT",
    +       "RGAAv4",
    +       "RGAA-3.2.1",
    +     ],
    +   },
    + ]

      47 |       expect(
      48 |         result.violations.filter((v) => ["serious", "critical"].includes(v.impact ?? "")),
    > 49 |       ).toEqual([]);
         |         ^
      50 |       await page.screenshot({ path: testInfo.outputPath("page.png"), fullPage: true });
      51 |       expect(errors).toEqual([]);
      52 |     });
        at /Users/donaldfilimon/dev/active/quesar.cloud/e2e/accessibility.spec.ts:49:9

    attachment #1: screenshot (image/png) ──────────────────────────────────────────────────────────
    test-results/accessibility-light-accessibility-and-layout-showcase-short-mobile/test-failed-1.png
    ────────────────────────────────────────────────────────────────────────────────────────────────

    Error Context: test-results/accessibility-light-accessibility-and-layout-showcase-short-mobile/error-context.md

    attachment #3: trace (application/zip) ─────────────────────────────────────────────────────────
    test-results/accessibility-light-accessibility-and-layout-showcase-short-mobile/trace.zip
    Usage:

        npx playwright show-trace test-results/accessibility-light-accessibility-and-layout-showcase-short-mobile/trace.zip

    ────────────────────────────────────────────────────────────────────────────────────────────────

  8) [short-mobile] › e2e/accessibility.spec.ts:28:5 › dark accessibility and layout: /research ────

    Error: browserContext.close: ENOENT: no such file or directory, open '/Users/donaldfilimon/dev/active/quesar.cloud/test-results/.playwright-artifacts-10/traces/ddd864604af8a6a0198f-c946644954400cf7811e-recording18.trace'

    attachment #1: screenshot (image/png) ──────────────────────────────────────────────────────────
    test-results/accessibility-dark-accessibility-and-layout-research-short-mobile/test-failed-1.png
    ────────────────────────────────────────────────────────────────────────────────────────────────

    Error Context: test-results/accessibility-dark-accessibility-and-layout-research-short-mobile/error-context.md

    attachment #3: trace (application/zip) ─────────────────────────────────────────────────────────
    test-results/accessibility-dark-accessibility-and-layout-research-short-mobile/trace.zip
    Usage:

        npx playwright show-trace test-results/accessibility-dark-accessibility-and-layout-research-short-mobile/trace.zip

    ────────────────────────────────────────────────────────────────────────────────────────────────

  9) [short-mobile] › e2e/accessibility.spec.ts:28:5 › dark accessibility and layout: /showcase ────

    Error: expect(received).toEqual(expected) // deep equality

    - Expected  -   1
    + Received  + 140

    - Array []
    + Array [
    +   Object {
    +     "description": "Ensure the contrast between foreground and background colors meets WCAG 2 AA minimum contrast ratio thresholds",
    +     "help": "Elements must meet minimum color contrast ratio thresholds",
    +     "helpUrl": "https://dequeuniversity.com/rules/axe/4.13/color-contrast?application=playwright",
    +     "id": "color-contrast",
    +     "impact": "serious",
    +     "nodes": Array [
    +       Object {
    +         "all": Array [],
    +         "any": Array [
    +           Object {
    +             "data": Object {
    +               "bgColor": "#f1ede3",
    +               "contrastRatio": 1.74,
    +               "expectedContrastRatio": "4.5:1",
    +               "fgColor": "#a9b7cb",
    +               "fontSize": "10.5pt (14px)",
    +               "fontWeight": "normal",
    +               "messageKey": null,
    +             },
    +             "id": "color-contrast",
    +             "impact": "serious",
    +             "message": "Element has insufficient color contrast of 1.74 (foreground color: #a9b7cb, background color: #f1ede3, font size: 10.5pt (14px), font weight: normal). Expected contrast ratio of 4.5:1",
    +             "relatedNodes": Array [
    +               Object {
    +                 "html": "<div id=\"editions\" class=\"edition-gallery scroll-mt-28\">",
    +                 "target": Array [
    +                   "#editions",
    +                 ],
    +               },
    +             ],
    +           },
    +         ],
    +         "failureSummary": "Fix any of the following:
    +   Element has insufficient color contrast of 1.74 (foreground color: #a9b7cb, background color: #f1ede3, font size: 10.5pt (14px), font weight: normal). Expected contrast ratio of 4.5:1",
    +         "html": "<p class=\"eyebrow\">The film library</p>",
    +         "impact": "serious",
    +         "none": Array [],
    +         "target": Array [
    +           ".edition-intro > .eyebrow",
    +         ],
    +       },
    +       Object {
    +         "all": Array [],
    +         "any": Array [
    +           Object {
    +             "data": Object {
    +               "bgColor": "#e8dfd2",
    +               "contrastRatio": 4.34,
    +               "expectedContrastRatio": "4.5:1",
    +               "fgColor": "#66675e",
    +               "fontSize": "8.4pt (11.2px)",
    +               "fontWeight": "normal",
    +               "messageKey": null,
    +             },
    +             "id": "color-contrast",
    +             "impact": "serious",
    +             "message": "Element has insufficient color contrast of 4.34 (foreground color: #66675e, background color: #e8dfd2, font size: 8.4pt (11.2px), font weight: normal). Expected contrast ratio of 4.5:1",
    +             "relatedNodes": Array [
    +               Object {
    +                 "html": "<button type=\"button\" aria-pressed=\"true\" aria-label=\"Select Quesar architecture · 1 min, Quesar\">",
    +                 "target": Array [
    +                   "li:nth-child(9) > button",
    +                 ],
    +               },
    +               Object {
    +                 "html": "<div id=\"editions\" class=\"edition-gallery scroll-mt-28\">",
    +                 "target": Array [
    +                   "#editions",
    +                 ],
    +               },
    +             ],
    +           },
    +         ],
    +         "failureSummary": "Fix any of the following:
    +   Element has insufficient color contrast of 4.34 (foreground color: #66675e, background color: #e8dfd2, font size: 8.4pt (11.2px), font weight: normal). Expected contrast ratio of 4.5:1",
    +         "html": "<small>Quesar<!-- --> / <!-- -->architecture</small>",
    +         "impact": "serious",
    +         "none": Array [],
    +         "target": Array [
    +           "li:nth-child(9) > button > .edition-index-copy > small",
    +         ],
    +       },
    +       Object {
    +         "all": Array [],
    +         "any": Array [
    +           Object {
    +             "data": Object {
    +               "bgColor": "#e8dfd2",
    +               "contrastRatio": 4.34,
    +               "expectedContrastRatio": "4.5:1",
    +               "fgColor": "#66675e",
    +               "fontSize": "8.4pt (11.2px)",
    +               "fontWeight": "normal",
    +               "messageKey": null,
    +             },
    +             "id": "color-contrast",
    +             "impact": "serious",
    +             "message": "Element has insufficient color contrast of 4.34 (foreground color: #66675e, background color: #e8dfd2, font size: 8.4pt (11.2px), font weight: normal). Expected contrast ratio of 4.5:1",
    +             "relatedNodes": Array [
    +               Object {
    +                 "html": "<button type=\"button\" aria-pressed=\"true\" aria-label=\"Select Quesar architecture · 1 min, Quesar\">",
    +                 "target": Array [
    +                   "li:nth-child(9) > button",
    +                 ],
    +               },
    +               Object {
    +                 "html": "<div id=\"editions\" class=\"edition-gallery scroll-mt-28\">",
    +                 "target": Array [
    +                   "#editions",
    +                 ],
    +               },
    +             ],
    +           },
    +         ],
    +         "failureSummary": "Fix any of the following:
    +   Element has insufficient color contrast of 4.34 (foreground color: #66675e, background color: #e8dfd2, font size: 8.4pt (11.2px), font weight: normal). Expected contrast ratio of 4.5:1",
    +         "html": "<span class=\"edition-index-duration\">1<!-- -->m</span>",
    +         "impact": "serious",
    +         "none": Array [],
    +         "target": Array [
    +           "li:nth-child(9) > button > .edition-index-duration",
    +         ],
    +       },
    +     ],
    +     "tags": Array [
    +       "cat.color",
    +       "wcag2aa",
    +       "wcag143",
    +       "TTv5",
    +       "TT13.c",
    +       "EN-301-549",
    +       "EN-9.1.4.3",
    +       "ACT",
    +       "RGAAv4",
    +       "RGAA-3.2.1",
    +     ],
    +   },
    + ]

      47 |       expect(
      48 |         result.violations.filter((v) => ["serious", "critical"].includes(v.impact ?? "")),
    > 49 |       ).toEqual([]);
         |         ^
      50 |       await page.screenshot({ path: testInfo.outputPath("page.png"), fullPage: true });
      51 |       expect(errors).toEqual([]);
      52 |     });
        at /Users/donaldfilimon/dev/active/quesar.cloud/e2e/accessibility.spec.ts:49:9

    attachment #1: screenshot (image/png) ──────────────────────────────────────────────────────────
    test-results/accessibility-dark-accessibility-and-layout-showcase-short-mobile/test-failed-1.png
    ────────────────────────────────────────────────────────────────────────────────────────────────

    Error Context: test-results/accessibility-dark-accessibility-and-layout-showcase-short-mobile/error-context.md

    attachment #3: trace (application/zip) ─────────────────────────────────────────────────────────
    test-results/accessibility-dark-accessibility-and-layout-showcase-short-mobile/trace.zip
    Usage:

        npx playwright show-trace test-results/accessibility-dark-accessibility-and-layout-showcase-short-mobile/trace.zip

    ────────────────────────────────────────────────────────────────────────────────────────────────

  9 failed
    [desktop-200-percent] › e2e/accessibility.spec.ts:28:5 › light accessibility and layout: /showcase 
    [desktop-200-percent] › e2e/accessibility.spec.ts:28:5 › dark accessibility and layout: /showcase 
    [desktop] › e2e/accessibility.spec.ts:28:5 › light accessibility and layout: /showcase ─────────
    [desktop] › e2e/accessibility.spec.ts:28:5 › dark accessibility and layout: /showcase ──────────
    [mobile] › e2e/accessibility.spec.ts:28:5 › light accessibility and layout: /showcase ──────────
    [mobile] › e2e/accessibility.spec.ts:28:5 › dark accessibility and layout: /showcase ───────────
    [short-mobile] › e2e/accessibility.spec.ts:28:5 › light accessibility and layout: /showcase ────
    [short-mobile] › e2e/accessibility.spec.ts:28:5 › dark accessibility and layout: /research ─────
    [short-mobile] › e2e/accessibility.spec.ts:28:5 › dark accessibility and layout: /showcase ─────
  217 passed (6.1m)
error: script "test:e2e" exited with code 1
