Rendering quesar-architecture-60: 1800 React samples 2026-10-09T07:40:30.772Z
quesar-architecture-60 frame 0/1800
quesar-architecture-60 frame 600/1800
quesar-architecture-60 frame 1200/1800
Verified quesar-architecture-60 2026-10-09T07:41:29.487Z
Rendering quesar-studio-60: 1800 React samples 2026-10-09T07:41:34.003Z
quesar-studio-60 frame 0/1800
quesar-studio-60 frame 600/1800
quesar-studio-60 frame 1200/1800
Verified quesar-studio-60 2026-10-09T07:42:51.565Z
Rendering quesar-architecture-120: 3600 React samples 2026-10-09T07:43:05.736Z
quesar-architecture-120 frame 0/3600
quesar-architecture-120 frame 600/3600
quesar-architecture-120 frame 1200/3600
quesar-architecture-120 frame 1800/3600
Already verified quesar-architecture-60
Already verified quesar-studio-60
Preserved partial /Users/donaldfilimon/dev/active/quesar.cloud/notes/launch/quesar-editorial-2026-10-09/interrupted-1791532216994-quesar-architecture-120
Rendering quesar-architecture-120: 3600 React samples 2026-10-09T07:50:29.474Z
quesar-architecture-120 frame 0/3600
quesar-architecture-120 frame 600/3600
quesar-architecture-120 frame 1200/3600
quesar-architecture-120 frame 1800/3600
quesar-architecture-120 frame 2400/3600
quesar-architecture-120 frame 3000/3600
Verified quesar-architecture-120 2026-10-09T07:52:39.873Z
Rendering quesar-studio-120: 3600 React samples 2026-10-09T07:52:48.435Z
quesar-studio-120 frame 0/3600
quesar-studio-120 frame 600/3600
quesar-studio-120 frame 1200/3600
quesar-studio-120 frame 1800/3600
quesar-studio-120 frame 2400/3600
quesar-studio-120 frame 3000/3600
Verified quesar-studio-120 2026-10-09T07:54:47.957Z
Rendering quesar-architecture-180: 5400 React samples 2026-10-09T07:55:02.618Z
quesar-architecture-180 frame 0/5400
quesar-architecture-180 frame 600/5400
quesar-architecture-180 frame 1200/5400
quesar-architecture-180 frame 1800/5400
quesar-architecture-180 frame 2400/5400
quesar-architecture-180 frame 3000/5400
quesar-architecture-180 frame 3600/5400
quesar-architecture-180 frame 4200/5400
quesar-architecture-180 frame 4800/5400
Verified quesar-architecture-180 2026-10-09T07:58:20.336Z
Rendering quesar-studio-180: 5400 React samples 2026-10-09T07:58:31.923Z
quesar-studio-180 frame 0/5400
quesar-studio-180 frame 600/5400
quesar-studio-180 frame 1200/5400
quesar-studio-180 frame 1800/5400
quesar-studio-180 frame 2400/5400
quesar-studio-180 frame 3000/5400
quesar-studio-180 frame 3600/5400
quesar-studio-180 frame 4200/5400
quesar-studio-180 frame 4800/5400
Verified quesar-studio-180 2026-10-09T08:01:34.417Z
Rendering quesar-architecture-600: 18000 React samples 2026-10-09T08:02:06.840Z
quesar-architecture-600 frame 0/18000
quesar-architecture-600 frame 600/18000
quesar-architecture-600 frame 1200/18000
quesar-architecture-600 frame 1800/18000
quesar-architecture-600 frame 2400/18000
quesar-architecture-600 frame 3000/18000
quesar-architecture-600 frame 3600/18000
quesar-architecture-600 frame 4200/18000
quesar-architecture-600 frame 4800/18000
quesar-architecture-600 frame 5400/18000
quesar-architecture-600 frame 6000/18000
quesar-architecture-600 frame 6600/18000
quesar-architecture-600 frame 7200/18000
quesar-architecture-600 frame 7800/18000
quesar-architecture-600 frame 8400/18000
quesar-architecture-600 frame 9000/18000
quesar-architecture-600 frame 9600/18000
quesar-architecture-600 frame 10200/18000
quesar-architecture-600 frame 10800/18000
quesar-architecture-600 frame 11400/18000
quesar-architecture-600 frame 12000/18000
quesar-architecture-600 frame 12600/18000
quesar-architecture-600 frame 13200/18000
quesar-architecture-600 frame 13800/18000
quesar-architecture-600 frame 14400/18000
quesar-architecture-600 frame 15000/18000
quesar-architecture-600 frame 15600/18000
quesar-architecture-600 frame 16200/18000
quesar-architecture-600 frame 16800/18000
quesar-architecture-600 frame 17400/18000
Verified quesar-architecture-600 2026-10-09T08:12:25.368Z
Rendering quesar-studio-600: 18000 React samples 2026-10-09T08:12:57.580Z
quesar-studio-600 frame 0/18000
quesar-studio-600 frame 600/18000
quesar-studio-600 frame 1200/18000
quesar-studio-600 frame 1800/18000
quesar-studio-600 frame 2400/18000
quesar-studio-600 frame 3000/18000
quesar-studio-600 frame 3600/18000
quesar-studio-600 frame 4200/18000
quesar-studio-600 frame 4800/18000
quesar-studio-600 frame 5400/18000
quesar-studio-600 frame 6000/18000
quesar-studio-600 frame 6600/18000
quesar-studio-600 frame 7200/18000
quesar-studio-600 frame 7800/18000
quesar-studio-600 frame 8400/18000
quesar-studio-600 frame 9000/18000
quesar-studio-600 frame 9600/18000
quesar-studio-600 frame 10200/18000
quesar-studio-600 frame 10800/18000
quesar-studio-600 frame 11400/18000
quesar-studio-600 frame 12000/18000
quesar-studio-600 frame 12600/18000
quesar-studio-600 frame 13200/18000
quesar-studio-600 frame 13800/18000
quesar-studio-600 frame 14400/18000
quesar-studio-600 frame 15000/18000
quesar-studio-600 frame 15600/18000
quesar-studio-600 frame 16200/18000
quesar-studio-600 frame 16800/18000
quesar-studio-600 frame 17400/18000
Verified quesar-studio-600 2026-10-09T08:23:22.396Z
